====================================================
starting compile_wkc
~~~~~~~~~~~~~~~~~~~~~~~~~~~~~~~~~~~~~~~~~~~~~~~~~~~~~~~~~~~~~~~~~~~~~~~~~~~~

  WKC - WRF-Chem/KPP coupler


~~~~~~~~~~~~~~~~~~~~~~~~~~~~~~~~~~~~~~~~~~~~~~~~~~~~~~~~~~~~~~~~~~~~~~~

  KPP - symbolic chemistry Kinetics PreProcessor, Version 2.1
        (http://www.cs.vt.edu/~asandu/Software/KPP)
  KPP is distributed under GPL, the general public licence
        (http://www.gnu.org/copyleft/gpl.html)
    (C) 1995-1997, V. Damian & A. Sandu, CGRER, Univ. Iowa
    (C) 1997-2003, A. Sandu, Michigan Tech
    (C) 2003-2005, A. Sandu, Virginia Polytechnic Institute and State University
        with contributions from:
        R. Sander, Max-Planck Institute for Chemistry, Mainz, Germany


   The current version of KPP was modified for WRF-Chem.

~~~~~~~~~~~~~~~~~~~~~~~~~~~~~~~~~~~~~~~~~~~~~~~~~~~~~~~~~~~~~~~~~~~~~~~
------------------------------------------
 configure_kpp, settings:
location of flex library: /usr/lib64/libfl.so
# DM_CC = mpiicc OMPCC = # -qopenmp CCOMP = icc CC = $(DM_CC) -DFSEEKO64_OK
DESCRIPTION = INTEL ($SFC/$SCC) SCC = icc DM_CC = mpicc -cc=$(SCC) CC_TOOLS = $(SCC) CC="$(SCC)" CFLAGS="$(CFLAGS)" NETCDF4_DEP_LIB="$(NETCDF4_DEP_LIB)" \
writing chem/KPP/configure.kpp
/glade/work/chenlan/WRFmodel/WRF-GOCART-MP
-----------------------------------------
compile kpp
make[1]: Entering directory '/glade/work/chenlan/WRFmodel/WRF-GOCART-MP/chem/KPP/kpp/kpp-2.1/src'
  icc -O0 y.tab.o lex.yy.o scanner.o scanutil.o kpp.o gen.o code.o code_c.o code_f77.o code_f90.o code_matlab.o debug.o -lm -L/usr/lib64 -lfl -o kpp
make[1]: Leaving directory '/glade/work/chenlan/WRFmodel/WRF-GOCART-MP/chem/KPP/kpp/kpp-2.1/src'
-----------------------------------------
compile the coupler
icc -I../../../../inc  -c -g  gen_kpp.c
icc -o registry_kpp -g   registry_kpp.o  my_strtok.o data.o type.o misc.o reg_parse.o gen_kpp.o get_wrf_chem_specs.o gen_kpp_mech_dr.o gen_kpp_interface.o get_kpp_chem_specs.o compare_kpp_to_species.o get_wrf_radicals.o get_wrf_jvals.o gen_kpp_utils.o change_chem_Makefile.o gen_kpp_interf_utils.o gen_kpp_args_to_Update_Rconst.o  kpp_data.o sym.o symtab_gen.o
compile the tuv_kpp
make: 'tuv_kpp' is up to date.
-----------------------------------------
check if Registry was touched
make: 'mod_registry.temp' is up to date.
-----------------------------------------
Run kpp for mechanisms in chem/KPP/mechanisms
=========================================================
mechanisms/cb05_sorg_aq
model cb05_sorg_aq
make: 'cb05_sorg_aq_Integrator.f90' is up to date.
WARNING: If kpp fails here the path to WRF-Chem might be too long for yacc ...
=========================================================
mechanisms/cb05_sorg_vbs_aq
model cb05_sorg_vbs_aq
make: 'cb05_sorg_vbs_aq_Integrator.f90' is up to date.
WARNING: If kpp fails here the path to WRF-Chem might be too long for yacc ...
=========================================================
mechanisms/cbm4
model cbm4
make: 'cbm4_Integrator.f90' is up to date.
WARNING: If kpp fails here the path to WRF-Chem might be too long for yacc ...
=========================================================
mechanisms/cbmz_bb
model cbmz_bb
make: 'cbmz_bb_Integrator.f90' is up to date.
WARNING: If kpp fails here the path to WRF-Chem might be too long for yacc ...
=========================================================
mechanisms/cbmz_mosaic
model cbmz_mosaic
make: 'cbmz_mosaic_Integrator.f90' is up to date.
WARNING: If kpp fails here the path to WRF-Chem might be too long for yacc ...
=========================================================
mechanisms/crimech
model crimech
make: 'crimech_Integrator.f90' is up to date.
WARNING: If kpp fails here the path to WRF-Chem might be too long for yacc ...
=========================================================
mechanisms/cri_mosaic_4bin_aq
model cri_mosaic_4bin_aq
make: 'cri_mosaic_4bin_aq_Integrator.f90' is up to date.
WARNING: If kpp fails here the path to WRF-Chem might be too long for yacc ...
=========================================================
mechanisms/cri_mosaic_8bin_aq
model cri_mosaic_8bin_aq
make: 'cri_mosaic_8bin_aq_Integrator.f90' is up to date.
WARNING: If kpp fails here the path to WRF-Chem might be too long for yacc ...
=========================================================
mechanisms/gocartracm
model gocartracm
make: 'gocartracm_Integrator.f90' is up to date.
WARNING: If kpp fails here the path to WRF-Chem might be too long for yacc ...
=========================================================
mechanisms/mozart_mosaic_4bin_aq
model mozart_mosaic_4bin_aq
make: 'mozart_mosaic_4bin_aq_Integrator.f90' is up to date.
WARNING: If kpp fails here the path to WRF-Chem might be too long for yacc ...
=========================================================
mechanisms/mozart_mosaic_4bin
model mozart_mosaic_4bin
make: 'mozart_mosaic_4bin_Integrator.f90' is up to date.
WARNING: If kpp fails here the path to WRF-Chem might be too long for yacc ...
=========================================================
mechanisms/mozart
model mozart
make: 'mozart_Integrator.f90' is up to date.
WARNING: If kpp fails here the path to WRF-Chem might be too long for yacc ...
=========================================================
mechanisms/mozcart
model mozcart
make: 'mozcart_Integrator.f90' is up to date.
WARNING: If kpp fails here the path to WRF-Chem might be too long for yacc ...
=========================================================
mechanisms/nmhc9
model nmhc9
make: 'nmhc9_Integrator.f90' is up to date.
WARNING: If kpp fails here the path to WRF-Chem might be too long for yacc ...
=========================================================
mechanisms/racm_esrlsorg_aqchem
model racm_esrlsorg_aqchem
make: 'racm_esrlsorg_aqchem_Integrator.f90' is up to date.
WARNING: If kpp fails here the path to WRF-Chem might be too long for yacc ...
=========================================================
mechanisms/racm_esrlsorg
model racm_esrlsorg
make: 'racm_esrlsorg_Integrator.f90' is up to date.
WARNING: If kpp fails here the path to WRF-Chem might be too long for yacc ...
=========================================================
mechanisms/racm_mim
model racm_mim
make: 'racm_mim_Integrator.f90' is up to date.
WARNING: If kpp fails here the path to WRF-Chem might be too long for yacc ...
=========================================================
mechanisms/racmpm
model racmpm
make: 'racmpm_Integrator.f90' is up to date.
WARNING: If kpp fails here the path to WRF-Chem might be too long for yacc ...
=========================================================
mechanisms/racm
model racm
make: 'racm_Integrator.f90' is up to date.
WARNING: If kpp fails here the path to WRF-Chem might be too long for yacc ...
=========================================================
mechanisms/racm_soa_vbs_aqchem
model racm_soa_vbs_aqchem
make: 'racm_soa_vbs_aqchem_Integrator.f90' is up to date.
WARNING: If kpp fails here the path to WRF-Chem might be too long for yacc ...
=========================================================
mechanisms/racm_soa_vbs_het
model racm_soa_vbs_het
make: 'racm_soa_vbs_het_Integrator.f90' is up to date.
WARNING: If kpp fails here the path to WRF-Chem might be too long for yacc ...
=========================================================
mechanisms/racm_soa_vbs
model racm_soa_vbs
make: 'racm_soa_vbs_Integrator.f90' is up to date.
WARNING: If kpp fails here the path to WRF-Chem might be too long for yacc ...
=========================================================
mechanisms/racmsorg_aqchem
model racmsorg_aqchem
make: 'racmsorg_aqchem_Integrator.f90' is up to date.
WARNING: If kpp fails here the path to WRF-Chem might be too long for yacc ...
=========================================================
mechanisms/racmsorg
model racmsorg
make: 'racmsorg_Integrator.f90' is up to date.
WARNING: If kpp fails here the path to WRF-Chem might be too long for yacc ...
=========================================================
mechanisms/radm2
model radm2
make: 'radm2_Integrator.f90' is up to date.
WARNING: If kpp fails here the path to WRF-Chem might be too long for yacc ...
=========================================================
mechanisms/radm2sorg
model radm2sorg
make: 'radm2sorg_Integrator.f90' is up to date.
WARNING: If kpp fails here the path to WRF-Chem might be too long for yacc ...
=========================================================
mechanisms/saprc99_mosaic_4bin_vbs2
model saprc99_mosaic_4bin_vbs2
make: 'saprc99_mosaic_4bin_vbs2_Integrator.f90' is up to date.
WARNING: If kpp fails here the path to WRF-Chem might be too long for yacc ...
=========================================================
mechanisms/saprc99_mosaic_8bin_vbs2_aq
model saprc99_mosaic_8bin_vbs2_aq
make: 'saprc99_mosaic_8bin_vbs2_aq_Integrator.f90' is up to date.
WARNING: If kpp fails here the path to WRF-Chem might be too long for yacc ...
=========================================================
mechanisms/saprc99
model saprc99
make: 'saprc99_Integrator.f90' is up to date.
WARNING: If kpp fails here the path to WRF-Chem might be too long for yacc ...
=========================================================
mechanisms/t1_mozcart
model t1_mozcart
make: 't1_mozcart_Integrator.f90' is up to date.
WARNING: If kpp fails here the path to WRF-Chem might be too long for yacc ...
=========================================================
 not running the WRF-Chem KPP coupler
end of compile_wkc
=========================================================
Neither WRF_EM_CORE nor WRF_PLUS_CORE
        are explicitly specified in shell environment.... 
 
============================================================================================== 
 
V4.5.2
git commit 9a16b7ae9af05dd8e9a458613d4275aada188319 6 files changed, 531 insertions(+), 726 deletions(-)
 
Compiling: WRF_EM_CORE  
WRFIO_NCD_LARGE_FILE_SUPPORT=1
 
Linux derecho4 5.14.21-150400.24.18-default #1 SMP PREEMPT_DYNAMIC Thu Aug 4 14:17:48 UTC 2022 (e9f7bfc) x86_64 x86_64 x86_64 GNU/Linux
 
GNU ld (GNU Binutils; SUSE Linux Enterprise 15) 2.37.20211103-150100.7.37
 
============================================================================================== 
 
setting parallel make -j 8
 
============================================================================================== 
 
The following indicate the compilers selected to build the WRF system
 
Serial Fortran compiler (mostly for tool generation):
which SFC
/glade/u/apps/common/23.08/spack/opt/spack/intel-oneapi-compilers/2023.2.1/compiler/2023.2.1/linux/bin/intel64/ifort
 
Serial C compiler (mostly for tool generation):
which SCC
/glade/u/apps/common/23.08/spack/opt/spack/intel-oneapi-compilers/2023.2.1/compiler/2023.2.1/linux/bin/intel64/icc
 
Fortran compiler for the model source code:
which FC
/opt/cray/pe/mpich/8.1.25/ofi/intel/19.0/bin/mpif90
Will use 'time' to report timing information
 
C compiler for the model source code:
which CC
/opt/cray/pe/mpich/8.1.25/ofi/intel/19.0/bin/mpicc
 
============================================================================================== 
 
make -i -r MODULE_DIRS="-I../dyn_em  -I/glade/work/chenlan/WRFmodel/WRF-GOCART-MP/external/esmf_time_f90  -I/glade/work/chenlan/WRFmodel/WRF-GOCART-MP/main -I/glade/work/chenlan/WRFmodel/WRF-GOCART-MP/external/io_netcdf -I/glade/work/chenlan/WRFmodel/WRF-GOCART-MP/external/io_int -I/glade/work/chenlan/WRFmodel/WRF-GOCART-MP/frame -I/glade/work/chenlan/WRFmodel/WRF-GOCART-MP/share -I/glade/work/chenlan/WRFmodel/WRF-GOCART-MP/phys -I/glade/work/chenlan/WRFmodel/WRF-GOCART-MP/wrftladj -I/glade/work/chenlan/WRFmodel/WRF-GOCART-MP/chem -I/glade/work/chenlan/WRFmodel/WRF-GOCART-MP/inc -I/glade/work/epicufsrt/contrib/spack-stack/derecho/spack-stack-1.8.0/envs/ue-intel-2021.10.0/install/intel/2021.10.0/netcdf-fortran-4.6.1-kmm6hoj/include " ext
make[1]: Entering directory '/glade/work/chenlan/WRFmodel/WRF-GOCART-MP'
--------------------------------------
if [ 0 -eq 0 ] ; then \
  ( cd frame ; make -i -r externals ) ; \
else \
  ( cd frame ; make -i -r PLUSFLAG="-DWRFPLUS=1" externals ) ; \
fi
make[2]: Entering directory '/glade/work/chenlan/WRFmodel/WRF-GOCART-MP/frame'
( cd /glade/work/chenlan/WRFmodel/WRF-GOCART-MP/external/esmf_time_f90 ; \
          make -j 8 FC="ifort -real-size `expr 8 \* 4` -i4  -ip -fp-model precise -w -ftz -align all -fno-alias -FR -convert big_endian  " RANLIB="ranlib" \
          CPP="/lib/cpp -P -nostdinc -I/glade/work/chenlan/WRFmodel/WRF-GOCART-MP/inc -I. -DEM_CORE=1 -DNMM_CORE=0 -DNMM_MAX_DIM=2600 -DDA_CORE=0 -DWRFPLUS=0 -DIWORDSIZE=4 -DDWORDSIZE=8 -DRWORDSIZE=4 -DLWORDSIZE=4 -DNONSTANDARD_SYSTEM_FUNC  -DWRF_USE_CLM -DUSE_NETCDF4_FEATURES -DWRFIO_NCD_LARGE_FILE_SUPPORT  -DDM_PARALLEL -DNETCDF -DHDF5 -DLANDREAD_STUB=1 -DUSE_ALLOCATABLES -Dwrfmodel -DGRIB1 -DINTIO -DKEEP_INT_AROUND -DLIMIT_ARGS -DBUILD_RRTMG_FAST=0 -DBUILD_RRTMK=0 -DBUILD_SBM_FAST=1 -DSHOW_ALL_VARS_USED=0 -DCONFIG_BUF_LEN=65536 -DMAX_DOMAINS_F=21 -DMAX_HISTORY=25 -DNMM_NEST=0 -traditional-cpp -DUSE_NETCDF4_FEATURES -DWRFIO_NCD_LARGE_FILE_SUPPORT" AR="ar" ARFLAGS="ru" )
make[3]: Entering directory '/glade/work/chenlan/WRFmodel/WRF-GOCART-MP/external/esmf_time_f90'
make[3]: Nothing to be done for 'default'.
make[3]: Leaving directory '/glade/work/chenlan/WRFmodel/WRF-GOCART-MP/external/esmf_time_f90'
( cd /glade/work/chenlan/WRFmodel/WRF-GOCART-MP/external/io_netcdf ; \
          make -j 8 NETCDFPATH="/glade/work/epicufsrt/contrib/spack-stack/derecho/spack-stack-1.8.0/envs/ue-intel-2021.10.0/install/intel/2021.10.0/netcdf-fortran-4.6.1-kmm6hoj" RANLIB="ranlib" CPP="/lib/cpp -P -nostdinc" \
          CC="icc" CFLAGS="-w -O3 -ip  -DDM_PARALLEL -DLANDREAD_STUB=1 -DMAX_HISTORY=25 -DNMM_CORE=0" NETCDF4_DEP_LIB="-L/glade/work/epicufsrt/contrib/spack-stack/derecho/spack-stack-1.8.0/envs/ue-intel-2021.10.0/install/intel/2021.10.0/netcdf-c-4.9.2-dvy4rp2/lib -lnetcdf -L/glade/work/epicufsrt/contrib/spack-stack/derecho/spack-stack-1.8.0/envs/ue-intel-2021.10.0/install/intel/2021.10.0/netcdf-fortran-4.6.1-kmm6hoj/lib -lnetcdff -lnetcdf -lnetcdf -lm" \
          FC="ifort -real-size `expr 8 \* 4` -i4  -O3 -ip -fp-model precise -w -ftz -align all -fno-alias -FR -convert big_endian  " TRADFLAG="-traditional-cpp -DUSE_NETCDF4_FEATURES -DWRFIO_NCD_LARGE_FILE_SUPPORT" AR="ar" ARFLAGS="ru" )
make[3]: Entering directory '/glade/work/chenlan/WRFmodel/WRF-GOCART-MP/external/io_netcdf'
make[3]: Nothing to be done for 'all'.
make[3]: Leaving directory '/glade/work/chenlan/WRFmodel/WRF-GOCART-MP/external/io_netcdf'
( cd /glade/work/chenlan/WRFmodel/WRF-GOCART-MP/external/ioapi_share ; \
          make -i -r NATIVE_RWORDSIZE="4" RWORDSIZE="4" AR="ar" ARFLAGS="ru" )
make[3]: Entering directory '/glade/work/chenlan/WRFmodel/WRF-GOCART-MP/external/ioapi_share'
make[3]: Nothing to be done for 'all'.
make[3]: Leaving directory '/glade/work/chenlan/WRFmodel/WRF-GOCART-MP/external/ioapi_share'
( cd /glade/work/chenlan/WRFmodel/WRF-GOCART-MP/external/io_grib_share ; \
          make -j 8 CC="icc" CFLAGS="-w -O3 -ip  -DDM_PARALLEL -DLANDREAD_STUB=1 -DMAX_HISTORY=25 -DNMM_CORE=0" RM="rm -f" RANLIB="ranlib" CPP="/lib/cpp -P -nostdinc" \
          FC="ifort -real-size `expr 8 \* 4` -i4 -I.  -ip -fp-model precise -w -ftz -align all -fno-alias -FR -convert big_endian   " TRADFLAG="-traditional-cpp -DUSE_NETCDF4_FEATURES -DWRFIO_NCD_LARGE_FILE_SUPPORT" AR="ar" ARFLAGS="ru" archive)
make[3]: Entering directory '/glade/work/chenlan/WRFmodel/WRF-GOCART-MP/external/io_grib_share'
make[4]: Entering directory '/glade/work/chenlan/WRFmodel/WRF-GOCART-MP/external/io_grib_share'
ar ru ./libio_grib_share.a io_grib_share.o get_region_center.o gridnav.o open_file.o
ranlib ./libio_grib_share.a
make[4]: Leaving directory '/glade/work/chenlan/WRFmodel/WRF-GOCART-MP/external/io_grib_share'
make[3]: Leaving directory '/glade/work/chenlan/WRFmodel/WRF-GOCART-MP/external/io_grib_share'
( cd /glade/work/chenlan/WRFmodel/WRF-GOCART-MP/external/io_grib1 ; \
          make -j 8 CC="icc" CFLAGS="-w -O3 -ip  -DDM_PARALLEL -DLANDREAD_STUB=1 -DMAX_HISTORY=25 -DNMM_CORE=0" RM="rm -f" RANLIB="ranlib" CPP="/lib/cpp -P -nostdinc" \
          FC="ifort -real-size `expr 8 \* 4` -i4 -I.  -ip -fp-model precise -w -ftz -align all -fno-alias -FR -convert big_endian   " TRADFLAG="-traditional-cpp -DUSE_NETCDF4_FEATURES -DWRFIO_NCD_LARGE_FILE_SUPPORT" AR="ar" ARFLAGS="ru" archive)
make[3]: Entering directory '/glade/work/chenlan/WRFmodel/WRF-GOCART-MP/external/io_grib1'
        Doing make archive on library subdirectory MEL_grib1
make[4]: Entering directory '/glade/work/chenlan/WRFmodel/WRF-GOCART-MP/external/io_grib1/MEL_grib1'
make[5]: Entering directory '/glade/work/chenlan/WRFmodel/WRF-GOCART-MP/external/io_grib1/MEL_grib1'
ar ru ../libio_grib1.a FTP_getfile.o apply_bitmap.o display_gribhdr.o gbyte.o grib_dec.o grib_enc.o grib_seek.o gribgetbds.o gribgetbms.o gribgetgds.o gribgetpds.o gribhdr2file.o gribputbds.o gribputgds.o gribputpds.o hdr_print.o init_dec_struct.o init_enc_struct.o init_gribhdr.o init_struct.o ld_dec_lookup.o ld_enc_input.o ld_enc_lookup.o ld_grib_origctrs.o make_default_grbfn.o make_grib_log.o map_lvl.o map_parm.o pack_spatial.o prt_inp_struct.o upd_child_errmsg.o prt_badmsg.o swap.o grib_uthin.o set_bytes.o
ranlib ../libio_grib1.a
make[5]: Leaving directory '/glade/work/chenlan/WRFmodel/WRF-GOCART-MP/external/io_grib1/MEL_grib1'
make[4]: Leaving directory '/glade/work/chenlan/WRFmodel/WRF-GOCART-MP/external/io_grib1/MEL_grib1'
        Doing make archive on library subdirectory grib1_util
make[4]: Entering directory '/glade/work/chenlan/WRFmodel/WRF-GOCART-MP/external/io_grib1/grib1_util'
make[5]: Entering directory '/glade/work/chenlan/WRFmodel/WRF-GOCART-MP/external/io_grib1/grib1_util'
ar ru ../libio_grib1.a alloc_2d.o read_grib.o write_grib.o
ranlib ../libio_grib1.a
make[5]: Leaving directory '/glade/work/chenlan/WRFmodel/WRF-GOCART-MP/external/io_grib1/grib1_util'
make[4]: Leaving directory '/glade/work/chenlan/WRFmodel/WRF-GOCART-MP/external/io_grib1/grib1_util'
        Doing make archive on library subdirectory WGRIB
make[4]: Entering directory '/glade/work/chenlan/WRFmodel/WRF-GOCART-MP/external/io_grib1/WGRIB'
make[4]: Nothing to be done for 'archive'.
make[4]: Leaving directory '/glade/work/chenlan/WRFmodel/WRF-GOCART-MP/external/io_grib1/WGRIB'
make[4]: Entering directory '/glade/work/chenlan/WRFmodel/WRF-GOCART-MP/external/io_grib1'
ar ru ./libio_grib1.a grib1_routines.o gribmap.o io_grib1.o trim.o
ranlib ./libio_grib1.a
make[4]: Leaving directory '/glade/work/chenlan/WRFmodel/WRF-GOCART-MP/external/io_grib1'
make[3]: Leaving directory '/glade/work/chenlan/WRFmodel/WRF-GOCART-MP/external/io_grib1'
( cd /glade/work/chenlan/WRFmodel/WRF-GOCART-MP/external/io_int ; \
          make -j 8 CC="mpicc -cc=icc -DFSEEKO64_OK " CFLAGS_LOCAL="-w -O3 -ip " RM="rm -f" RANLIB="ranlib" CPP="/lib/cpp -P -nostdinc" \
          FC="time mpif90 -f90=ifort -real-size `expr 8 \* 4` -i4  -ip -fp-model precise -w -ftz -align all -fno-alias -FR -convert big_endian   " FGREP="fgrep -iq" \
          TRADFLAG="-traditional-cpp -DUSE_NETCDF4_FEATURES -DWRFIO_NCD_LARGE_FILE_SUPPORT" AR="ar" ARFLAGS="ru" ARCHFLAGS="-DEM_CORE=1 -DNMM_CORE=0 -DNMM_MAX_DIM=2600 -DDA_CORE=0 -DWRFPLUS=0 -DIWORDSIZE=4 -DDWORDSIZE=8 -DRWORDSIZE=4 -DLWORDSIZE=4 -DNONSTANDARD_SYSTEM_FUNC  -DWRF_USE_CLM -DUSE_NETCDF4_FEATURES -DWRFIO_NCD_LARGE_FILE_SUPPORT  -DDM_PARALLEL -DNETCDF -DHDF5 -DLANDREAD_STUB=1 -DUSE_ALLOCATABLES -Dwrfmodel -DGRIB1 -DINTIO -DKEEP_INT_AROUND -DLIMIT_ARGS -DBUILD_RRTMG_FAST=0 -DBUILD_RRTMK=0 -DBUILD_SBM_FAST=1 -DSHOW_ALL_VARS_USED=0 -DCONFIG_BUF_LEN=65536 -DMAX_DOMAINS_F=21 -DMAX_HISTORY=25 -DNMM_NEST=0" all )
make[3]: Entering directory '/glade/work/chenlan/WRFmodel/WRF-GOCART-MP/external/io_int'
make[3]: Nothing to be done for 'all'.
make[3]: Leaving directory '/glade/work/chenlan/WRFmodel/WRF-GOCART-MP/external/io_int'
( cd /glade/work/chenlan/WRFmodel/WRF-GOCART-MP/external/fftpack/fftpack5 ; \
          make -j 8 FC="ifort" FFLAGS="-real-size `expr 8 \* 4` -i4  -ip -fp-model precise -w -ftz -align all -fno-alias -FR -convert big_endian  " RANLIB="ranlib" AR="ar" \
          ARFLAGS="ru" CPP="/lib/cpp -P -nostdinc" CPPFLAGS="-DEM_CORE=1 -DNMM_CORE=0 -DNMM_MAX_DIM=2600 -DDA_CORE=0 -DWRFPLUS=0 -DIWORDSIZE=4 -DDWORDSIZE=8 -DRWORDSIZE=4 -DLWORDSIZE=4 -DNONSTANDARD_SYSTEM_FUNC  -DWRF_USE_CLM -DUSE_NETCDF4_FEATURES -DWRFIO_NCD_LARGE_FILE_SUPPORT  -DDM_PARALLEL -DNETCDF -DHDF5 -DLANDREAD_STUB=1 -DUSE_ALLOCATABLES -Dwrfmodel -DGRIB1 -DINTIO -DKEEP_INT_AROUND -DLIMIT_ARGS -DBUILD_RRTMG_FAST=0 -DBUILD_RRTMK=0 -DBUILD_SBM_FAST=1 -DSHOW_ALL_VARS_USED=0 -DCONFIG_BUF_LEN=65536 -DMAX_DOMAINS_F=21 -DMAX_HISTORY=25 -DNMM_NEST=0 -DWRF_CHEM -DBUILD_CHEM=1 -DWRF_KPP -I. -traditional-cpp -DUSE_NETCDF4_FEATURES -DWRFIO_NCD_LARGE_FILE_SUPPORT " RM="rm -f" )
make[3]: Entering directory '/glade/work/chenlan/WRFmodel/WRF-GOCART-MP/external/fftpack/fftpack5'
ar ru libfftpack.a c1f2kb.o  cfft1b.o  cmf3kf.o  cosqb1.o  costmi.o   dcosq1f.o  dfftb1.o   mradb2.o  mrfti1.o  r1fgkf.o     rfft2i.o  sinqmi.o  z1f2kf.o  zfft1f.o  zmf4kb.o c1f2kf.o  cfft1f.o  cmf4kb.o  cosqf1.o  d1f2kb.o   dcosq1i.o  dfftf1.o   mradb3.o  msntb1.o  r4_factor.o  rfftb1.o  sint1b.o  z1f3kb.o  zfft1i.o  zmf4kf.o c1f3kb.o  cfft1i.o  cmf4kf.o  cosqmb.o  d1f2kf.o   dcosqb1.o  dffti1.o   mradb4.o  msntf1.o  r4_mcfti1.o  rfftf1.o  sint1f.o  z1f3kf.o  zfft2b.o  zmf5kb.o c1f3kf.o  cfft2b.o  cmf5kb.o  cosqmf.o  d1f3kb.o   dcosqf1.o  dsint1b.o  mradb5.o  r1f2kb.o  r4_tables.o  rffti1.o  sint1i.o  z1f4kb.o  zfft2f.o  zmf5kf.o c1f4kb.o  cfft2f.o  cmf5kf.o  cosqmi.o  d1f3kf.o   dcost1b.o  dsint1f.o  mradbg.o  r1f2kf.o  r8_factor.o  rfftmb.o  sintb1.o  z1f4kf.o  zfft2i.o  zmfgkb.o c1f4kf.o  cfft2i.o  cmfgkb.o  cost1b.o  d1f4kb.o   dcost1f.o  dsint1i.o  mradf2.o  r1f3kb.o  r8_mcfti1.o  rfftmf.o  sintf1.o  z1f5kb.o  zfftmb.o  zmfgkf.o c1f5kb.o  cfftmb.o  cmfgkf.o  cost1f.o  d1f4kf.o   dcost1i.o  dsintb1.o  mradf3.o  r1f3kf.o  r8_tables.o  rfftmi.o  sintmb.o  z1f5kf.o  zfftmf.o  zmfm1b.o c1f5kf.o  cfftmf.o  cmfm1b.o  cost1i.o  d1f5kb.o   dcostb1.o  dsintf1.o  mradf4.o  r1f4kb.o  rfft1b.o     sinq1b.o  sintmf.o  z1fgkb.o  zfftmi.o  zmfm1f.o c1fgkb.o  cfftmi.o  cmfm1f.o  costb1.o  d1f5kf.o   dcostf1.o  mcsqb1.o   mradf5.o  r1f4kf.o  rfft1f.o     sinq1f.o  sintmi.o  z1fgkf.o  zmf2kb.o c1fgkf.o  cmf2kb.o  cosq1b.o  costf1.o  d1fgkb.o   dfft1b.o   mcsqf1.o   mradfg.o  r1f5kb.o  rfft1i.o     sinq1i.o  xercon.o  z1fm1b.o  zmf2kf.o c1fm1b.o  cmf2kf.o  cosq1f.o  costmb.o  d1fgkf.o   dfft1f.o   mcstb1.o   mrftb1.o  r1f5kf.o  rfft2b.o     sinqmb.o  xerfft.o  z1fm1f.o  zmf3kb.o c1fm1f.o  cmf3kb.o  cosq1i.o  costmf.o  dcosq1b.o  dfft1i.o   mcstf1.o   mrftf1.o  r1fgkb.o  rfft2f.o     sinqmf.o  z1f2kb.o  zfft1b.o  zmf3kf.o 
ranlib libfftpack.a
make[3]: Leaving directory '/glade/work/chenlan/WRFmodel/WRF-GOCART-MP/external/fftpack/fftpack5'
( if [ ! -e /glade/work/chenlan/WRFmodel/WRF-GOCART-MP/tools/gen_comms.c ] ; then \
          /bin/cp /glade/work/chenlan/WRFmodel/WRF-GOCART-MP/tools/gen_comms_warning /glade/work/chenlan/WRFmodel/WRF-GOCART-MP/tools/gen_comms.c ; \
          cat /glade/work/chenlan/WRFmodel/WRF-GOCART-MP/external/RSL_LITE/gen_comms.c >> /glade/work/chenlan/WRFmodel/WRF-GOCART-MP/tools/gen_comms.c ; fi )
( if [ ! -e module_dm.F ] ; then /bin/cp module_dm_warning module_dm.F ; \
          cat /glade/work/chenlan/WRFmodel/WRF-GOCART-MP/external/RSL_LITE/module_dm.F >> module_dm.F ; fi )
make[2]: Leaving directory '/glade/work/chenlan/WRFmodel/WRF-GOCART-MP/frame'
make[1]: Leaving directory '/glade/work/chenlan/WRFmodel/WRF-GOCART-MP'
make -i -r MODULE_DIRS="-I../dyn_em  -I/glade/work/chenlan/WRFmodel/WRF-GOCART-MP/external/esmf_time_f90  -I/glade/work/chenlan/WRFmodel/WRF-GOCART-MP/main -I/glade/work/chenlan/WRFmodel/WRF-GOCART-MP/external/io_netcdf -I/glade/work/chenlan/WRFmodel/WRF-GOCART-MP/external/io_int -I/glade/work/chenlan/WRFmodel/WRF-GOCART-MP/frame -I/glade/work/chenlan/WRFmodel/WRF-GOCART-MP/share -I/glade/work/chenlan/WRFmodel/WRF-GOCART-MP/phys -I/glade/work/chenlan/WRFmodel/WRF-GOCART-MP/wrftladj -I/glade/work/chenlan/WRFmodel/WRF-GOCART-MP/chem -I/glade/work/chenlan/WRFmodel/WRF-GOCART-MP/inc -I/glade/work/epicufsrt/contrib/spack-stack/derecho/spack-stack-1.8.0/envs/ue-intel-2021.10.0/install/intel/2021.10.0/netcdf-fortran-4.6.1-kmm6hoj/include " toolsdir
make[1]: Entering directory '/glade/work/chenlan/WRFmodel/WRF-GOCART-MP'
--------------------------------------
if [ 0 -eq 0 ] ; then \
  ( cd tools ; make -i -r CC_TOOLS_CFLAGS="-DNMM_CORE=0" CC_TOOLS="icc  -DIWORDSIZE=4 -DMAX_HISTORY=25" ) ; \
else \
  ( cd tools ; make -i -r CC_TOOLS_CFLAGS="-DNMM_CORE=0" CC_TOOLS="icc  -DIWORDSIZE=4 -DMAX_HISTORY=25 -DWRFPLUS=1" ) ; \
fi
make[2]: Entering directory '/glade/work/chenlan/WRFmodel/WRF-GOCART-MP/tools'
make[2]: 'registry' is up to date.
make[2]: Leaving directory '/glade/work/chenlan/WRFmodel/WRF-GOCART-MP/tools'
make[1]: Leaving directory '/glade/work/chenlan/WRFmodel/WRF-GOCART-MP'
/bin/rm -f main/libwrflib.a main/libwrflib.lib
make -i -r MODULE_DIRS="-I../dyn_em  -I/glade/work/chenlan/WRFmodel/WRF-GOCART-MP/external/esmf_time_f90  -I/glade/work/chenlan/WRFmodel/WRF-GOCART-MP/main -I/glade/work/chenlan/WRFmodel/WRF-GOCART-MP/external/io_netcdf -I/glade/work/chenlan/WRFmodel/WRF-GOCART-MP/external/io_int -I/glade/work/chenlan/WRFmodel/WRF-GOCART-MP/frame -I/glade/work/chenlan/WRFmodel/WRF-GOCART-MP/share -I/glade/work/chenlan/WRFmodel/WRF-GOCART-MP/phys -I/glade/work/chenlan/WRFmodel/WRF-GOCART-MP/wrftladj -I/glade/work/chenlan/WRFmodel/WRF-GOCART-MP/chem -I/glade/work/chenlan/WRFmodel/WRF-GOCART-MP/inc -I/glade/work/epicufsrt/contrib/spack-stack/derecho/spack-stack-1.8.0/envs/ue-intel-2021.10.0/install/intel/2021.10.0/netcdf-fortran-4.6.1-kmm6hoj/include " framework
make[1]: Entering directory '/glade/work/chenlan/WRFmodel/WRF-GOCART-MP'
--------------------------------------
( cd frame ; make -i -r -j 8 LLIST="" framework ; \
          cd ../external/io_netcdf ; \
          make -i -r NETCDFPATH="/glade/work/epicufsrt/contrib/spack-stack/derecho/spack-stack-1.8.0/envs/ue-intel-2021.10.0/install/intel/2021.10.0/netcdf-fortran-4.6.1-kmm6hoj"  NETCDF4_DEP_LIB="-L/glade/work/epicufsrt/contrib/spack-stack/derecho/spack-stack-1.8.0/envs/ue-intel-2021.10.0/install/intel/2021.10.0/netcdf-c-4.9.2-dvy4rp2/lib -lnetcdf -L/glade/work/epicufsrt/contrib/spack-stack/derecho/spack-stack-1.8.0/envs/ue-intel-2021.10.0/install/intel/2021.10.0/netcdf-fortran-4.6.1-kmm6hoj/lib -lnetcdff -lnetcdf -lnetcdf -lm" \
               FC="time mpif90 -f90=ifort -ip -fp-model precise -w -ftz -align all -fno-alias -FR -convert big_endian   -real-size `expr 8 \* 4` -i4  " RANLIB="ranlib" \
               CPP="/lib/cpp -P -nostdinc" LDFLAGS=" -O3 -ip -fp-model precise -w -ftz -align all -fno-alias -FR -convert big_endian   -ip  " TRADFLAG="-traditional-cpp -DUSE_NETCDF4_FEATURES -DWRFIO_NCD_LARGE_FILE_SUPPORT" ESMF_IO_LIB_EXT="-L/glade/work/chenlan/WRFmodel/WRF-GOCART-MP/external/esmf_time_f90 -lesmf_time" \
               LIB_LOCAL="" \
               ESMF_MOD_DEPENDENCE="/glade/work/chenlan/WRFmodel/WRF-GOCART-MP/external/esmf_time_f90/module_utility.o" AR="INTERNAL_BUILD_ERROR_SHOULD_NOT_NEED_AR" diffwrf; \
          cd ../io_netcdf ; \
          make -i -r NETCDFPATH="/glade/work/epicufsrt/contrib/spack-stack/derecho/spack-stack-1.8.0/envs/ue-intel-2021.10.0/install/intel/2021.10.0/netcdf-fortran-4.6.1-kmm6hoj" NETCDF4_DEP_LIB="-L/glade/work/epicufsrt/contrib/spack-stack/derecho/spack-stack-1.8.0/envs/ue-intel-2021.10.0/install/intel/2021.10.0/netcdf-c-4.9.2-dvy4rp2/lib -lnetcdf -L/glade/work/epicufsrt/contrib/spack-stack/derecho/spack-stack-1.8.0/envs/ue-intel-2021.10.0/install/intel/2021.10.0/netcdf-fortran-4.6.1-kmm6hoj/lib -lnetcdff -lnetcdf -lnetcdf -lm" \
               FC="ifort -ip -fp-model precise -w -ftz -align all -fno-alias -FR -convert big_endian   -real-size `expr 8 \* 4` -i4  " RANLIB="ranlib" \
               CPP="/lib/cpp -P -nostdinc" LDFLAGS=" -O3 -ip -fp-model precise -w -ftz -align all -fno-alias -FR -convert big_endian   -ip  " TRADFLAG="-traditional-cpp -DUSE_NETCDF4_FEATURES -DWRFIO_NCD_LARGE_FILE_SUPPORT" ESMF_IO_LIB_EXT="-L/glade/work/chenlan/WRFmodel/WRF-GOCART-MP/external/esmf_time_f90 -lesmf_time" \
       LIB_LOCAL="" \
               ESMF_MOD_DEPENDENCE="/glade/work/chenlan/WRFmodel/WRF-GOCART-MP/external/esmf_time_f90/module_utility.o" AR="INTERNAL_BUILD_ERROR_SHOULD_NOT_NEED_AR"; \
          cd ../io_netcdfpar ; \
          echo SKIPPING make -i -r NETCDFPARPATH="/glade/work/epicufsrt/contrib/spack-stack/derecho/spack-stack-1.8.0/envs/ue-intel-2021.10.0/install/intel/2021.10.0/netcdf-fortran-4.6.1-kmm6hoj" NETCDF4_DEP_LIB="-L/glade/work/epicufsrt/contrib/spack-stack/derecho/spack-stack-1.8.0/envs/ue-intel-2021.10.0/install/intel/2021.10.0/netcdf-c-4.9.2-dvy4rp2/lib -lnetcdf -L/glade/work/epicufsrt/contrib/spack-stack/derecho/spack-stack-1.8.0/envs/ue-intel-2021.10.0/install/intel/2021.10.0/netcdf-fortran-4.6.1-kmm6hoj/lib -lnetcdff -lnetcdf -lnetcdf -lm" \
               FC="time mpif90 -f90=ifort -ip -fp-model precise -w -ftz -align all -fno-alias -FR -convert big_endian   -real-size `expr 8 \* 4` -i4  " RANLIB="ranlib" \
               CPP="/lib/cpp -P -nostdinc" LDFLAGS=" -O3 -ip -fp-model precise -w -ftz -align all -fno-alias -FR -convert big_endian   -ip  " TRADFLAG="-traditional-cpp -DUSE_NETCDF4_FEATURES -DWRFIO_NCD_LARGE_FILE_SUPPORT" ESMF_IO_LIB_EXT="-L/glade/work/chenlan/WRFmodel/WRF-GOCART-MP/external/esmf_time_f90 -lesmf_time" \
               LIB_LOCAL="" \
               ESMF_MOD_DEPENDENCE="/glade/work/chenlan/WRFmodel/WRF-GOCART-MP/external/esmf_time_f90/module_utility.o" AR="INTERNAL_BUILD_ERROR_SHOULD_NOT_NEED_AR" diffwrf; \
          cd ../io_netcdfpar ; \
          echo SKIPPING make -i -r NETCDFPARPATH="/glade/work/epicufsrt/contrib/spack-stack/derecho/spack-stack-1.8.0/envs/ue-intel-2021.10.0/install/intel/2021.10.0/netcdf-fortran-4.6.1-kmm6hoj" NETCDF4_DEP_LIB="-L/glade/work/epicufsrt/contrib/spack-stack/derecho/spack-stack-1.8.0/envs/ue-intel-2021.10.0/install/intel/2021.10.0/netcdf-c-4.9.2-dvy4rp2/lib -lnetcdf -L/glade/work/epicufsrt/contrib/spack-stack/derecho/spack-stack-1.8.0/envs/ue-intel-2021.10.0/install/intel/2021.10.0/netcdf-fortran-4.6.1-kmm6hoj/lib -lnetcdff -lnetcdf -lnetcdf -lm" \
               FC="ifort -ip -fp-model precise -w -ftz -align all -fno-alias -FR -convert big_endian   -real-size `expr 8 \* 4` -i4  " RANLIB="ranlib" \
               CPP="/lib/cpp -P -nostdinc" LDFLAGS=" -O3 -ip -fp-model precise -w -ftz -align all -fno-alias -FR -convert big_endian   -ip  " TRADFLAG="-traditional-cpp -DUSE_NETCDF4_FEATURES -DWRFIO_NCD_LARGE_FILE_SUPPORT" ESMF_IO_LIB_EXT="-L/glade/work/chenlan/WRFmodel/WRF-GOCART-MP/external/esmf_time_f90 -lesmf_time" \
       LIB_LOCAL="" \
               ESMF_MOD_DEPENDENCE="/glade/work/chenlan/WRFmodel/WRF-GOCART-MP/external/esmf_time_f90/module_utility.o" AR="INTERNAL_BUILD_ERROR_SHOULD_NOT_NEED_AR"; \
          cd ../io_pio ; \
          echo SKIPPING PIO BUILD make -i -r NETCDFPATH="" NETCDF4_DEP_LIB="-L/glade/work/epicufsrt/contrib/spack-stack/derecho/spack-stack-1.8.0/envs/ue-intel-2021.10.0/install/intel/2021.10.0/netcdf-c-4.9.2-dvy4rp2/lib -lnetcdf -L/glade/work/epicufsrt/contrib/spack-stack/derecho/spack-stack-1.8.0/envs/ue-intel-2021.10.0/install/intel/2021.10.0/netcdf-fortran-4.6.1-kmm6hoj/lib -lnetcdff -lnetcdf -lnetcdf -lm" \
               FC="ifort -ip -fp-model precise -w -ftz -align all -fno-alias -FR -convert big_endian   -real-size `expr 8 \* 4` -i4  " RANLIB="ranlib" \
               CPP="/lib/cpp -P -nostdinc" LDFLAGS=" -O3 -ip -fp-model precise -w -ftz -align all -fno-alias -FR -convert big_endian   -ip  " TRADFLAG="-traditional-cpp -DUSE_NETCDF4_FEATURES -DWRFIO_NCD_LARGE_FILE_SUPPORT" ESMF_IO_LIB_EXT="-L/glade/work/chenlan/WRFmodel/WRF-GOCART-MP/external/esmf_time_f90 -lesmf_time" \
       LIB_LOCAL="" \
               ESMF_MOD_DEPENDENCE="/glade/work/chenlan/WRFmodel/WRF-GOCART-MP/external/esmf_time_f90/module_utility.o" AR="INTERNAL_BUILD_ERROR_SHOULD_NOT_NEED_AR"; \
          cd ../io_int ; \
          make -i -r SFC="ifort -ip -fp-model precise -w -ftz -align all -fno-alias -FR -convert big_endian  " \
               FC="ifort -ip -fp-model precise -w -ftz -align all -fno-alias -FR -convert big_endian   -real-size `expr 8 \* 4` -i4  " \
               RANLIB="ranlib" CPP="/lib/cpp -P -nostdinc -DNONSTANDARD_SYSTEM_FUNC  -DWRF_USE_CLM -DUSE_NETCDF4_FEATURES -DWRFIO_NCD_LARGE_FILE_SUPPORT" DM_FC="mpif90 -f90=ifort -ip -fp-model precise -w -ftz -align all -fno-alias -FR -convert big_endian  "\
               TRADFLAG="-traditional-cpp -DUSE_NETCDF4_FEATURES -DWRFIO_NCD_LARGE_FILE_SUPPORT" ESMF_IO_LIB_EXT="-L/glade/work/chenlan/WRFmodel/WRF-GOCART-MP/external/esmf_time_f90 -lesmf_time" \
               ESMF_MOD_DEPENDENCE="/glade/work/chenlan/WRFmodel/WRF-GOCART-MP/external/esmf_time_f90/module_utility.o" AR="INTERNAL_BUILD_ERROR_SHOULD_NOT_NEED_AR" diffwrf ; \
          cd ../../frame )
make[2]: Entering directory '/glade/work/chenlan/WRFmodel/WRF-GOCART-MP/frame'
ar ru ../main/libwrflib.a module_driver_constants.o module_domain_type.o module_streams.o module_domain.o  module_integrate.o module_timing.o module_configure.o module_tiles.o module_machine.o module_nesting.o module_wrf_error.o module_state_description.o module_sm.o module_io.o module_comm_dm.o module_comm_dm_0.o module_comm_dm_1.o module_comm_dm_2.o module_comm_dm_3.o module_comm_dm_4.o module_comm_nesting_dm.o module_dm.o module_quilt_outbuf_ops.o module_io_quilt.o module_cpl.o module_cpl_oasis3.o module_clear_halos.o wrf_num_bytes_between.o wrf_shutdown.o wrf_debug.o libmassv.o collect_on_comm.o hires_timer.o clog.o nl_get_0_routines.o nl_get_1_routines.o nl_get_2_routines.o nl_get_3_routines.o nl_get_4_routines.o nl_get_5_routines.o nl_get_6_routines.o nl_get_7_routines.o nl_set_0_routines.o nl_set_1_routines.o nl_set_2_routines.o nl_set_3_routines.o nl_set_4_routines.o nl_set_5_routines.o nl_set_6_routines.o nl_set_7_routines.o  module_alloc_space_0.o module_alloc_space_1.o module_alloc_space_2.o module_alloc_space_3.o module_alloc_space_4.o module_alloc_space_5.o module_alloc_space_6.o module_alloc_space_7.o module_alloc_space_8.o module_alloc_space_9.o
ranlib ../main/libwrflib.a
make[2]: Leaving directory '/glade/work/chenlan/WRFmodel/WRF-GOCART-MP/frame'
make[2]: Entering directory '/glade/work/chenlan/WRFmodel/WRF-GOCART-MP/external/io_netcdf'
make[2]: 'diffwrf' is up to date.
make[2]: Leaving directory '/glade/work/chenlan/WRFmodel/WRF-GOCART-MP/external/io_netcdf'
make[2]: Entering directory '/glade/work/chenlan/WRFmodel/WRF-GOCART-MP/external/io_netcdf'
make[2]: Nothing to be done for 'all'.
make[2]: Leaving directory '/glade/work/chenlan/WRFmodel/WRF-GOCART-MP/external/io_netcdf'
SKIPPING make -i -r NETCDFPARPATH=/glade/work/epicufsrt/contrib/spack-stack/derecho/spack-stack-1.8.0/envs/ue-intel-2021.10.0/install/intel/2021.10.0/netcdf-fortran-4.6.1-kmm6hoj NETCDF4_DEP_LIB=-L/glade/work/epicufsrt/contrib/spack-stack/derecho/spack-stack-1.8.0/envs/ue-intel-2021.10.0/install/intel/2021.10.0/netcdf-c-4.9.2-dvy4rp2/lib -lnetcdf -L/glade/work/epicufsrt/contrib/spack-stack/derecho/spack-stack-1.8.0/envs/ue-intel-2021.10.0/install/intel/2021.10.0/netcdf-fortran-4.6.1-kmm6hoj/lib -lnetcdff -lnetcdf -lnetcdf -lm FC=time mpif90 -f90=ifort -ip -fp-model precise -w -ftz -align all -fno-alias -FR -convert big_endian   -real-size 32 -i4   RANLIB=ranlib CPP=/lib/cpp -P -nostdinc LDFLAGS= -O3 -ip -fp-model precise -w -ftz -align all -fno-alias -FR -convert big_endian   -ip   TRADFLAG=-traditional-cpp -DUSE_NETCDF4_FEATURES -DWRFIO_NCD_LARGE_FILE_SUPPORT ESMF_IO_LIB_EXT=-L/glade/work/chenlan/WRFmodel/WRF-GOCART-MP/external/esmf_time_f90 -lesmf_time LIB_LOCAL= ESMF_MOD_DEPENDENCE=/glade/work/chenlan/WRFmodel/WRF-GOCART-MP/external/esmf_time_f90/module_utility.o AR=INTERNAL_BUILD_ERROR_SHOULD_NOT_NEED_AR diffwrf
SKIPPING make -i -r NETCDFPARPATH=/glade/work/epicufsrt/contrib/spack-stack/derecho/spack-stack-1.8.0/envs/ue-intel-2021.10.0/install/intel/2021.10.0/netcdf-fortran-4.6.1-kmm6hoj NETCDF4_DEP_LIB=-L/glade/work/epicufsrt/contrib/spack-stack/derecho/spack-stack-1.8.0/envs/ue-intel-2021.10.0/install/intel/2021.10.0/netcdf-c-4.9.2-dvy4rp2/lib -lnetcdf -L/glade/work/epicufsrt/contrib/spack-stack/derecho/spack-stack-1.8.0/envs/ue-intel-2021.10.0/install/intel/2021.10.0/netcdf-fortran-4.6.1-kmm6hoj/lib -lnetcdff -lnetcdf -lnetcdf -lm FC=ifort -ip -fp-model precise -w -ftz -align all -fno-alias -FR -convert big_endian   -real-size 32 -i4   RANLIB=ranlib CPP=/lib/cpp -P -nostdinc LDFLAGS= -O3 -ip -fp-model precise -w -ftz -align all -fno-alias -FR -convert big_endian   -ip   TRADFLAG=-traditional-cpp -DUSE_NETCDF4_FEATURES -DWRFIO_NCD_LARGE_FILE_SUPPORT ESMF_IO_LIB_EXT=-L/glade/work/chenlan/WRFmodel/WRF-GOCART-MP/external/esmf_time_f90 -lesmf_time LIB_LOCAL= ESMF_MOD_DEPENDENCE=/glade/work/chenlan/WRFmodel/WRF-GOCART-MP/external/esmf_time_f90/module_utility.o AR=INTERNAL_BUILD_ERROR_SHOULD_NOT_NEED_AR
SKIPPING PIO BUILD make -i -r NETCDFPATH= NETCDF4_DEP_LIB=-L/glade/work/epicufsrt/contrib/spack-stack/derecho/spack-stack-1.8.0/envs/ue-intel-2021.10.0/install/intel/2021.10.0/netcdf-c-4.9.2-dvy4rp2/lib -lnetcdf -L/glade/work/epicufsrt/contrib/spack-stack/derecho/spack-stack-1.8.0/envs/ue-intel-2021.10.0/install/intel/2021.10.0/netcdf-fortran-4.6.1-kmm6hoj/lib -lnetcdff -lnetcdf -lnetcdf -lm FC=ifort -ip -fp-model precise -w -ftz -align all -fno-alias -FR -convert big_endian   -real-size 32 -i4   RANLIB=ranlib CPP=/lib/cpp -P -nostdinc LDFLAGS= -O3 -ip -fp-model precise -w -ftz -align all -fno-alias -FR -convert big_endian   -ip   TRADFLAG=-traditional-cpp -DUSE_NETCDF4_FEATURES -DWRFIO_NCD_LARGE_FILE_SUPPORT ESMF_IO_LIB_EXT=-L/glade/work/chenlan/WRFmodel/WRF-GOCART-MP/external/esmf_time_f90 -lesmf_time LIB_LOCAL= ESMF_MOD_DEPENDENCE=/glade/work/chenlan/WRFmodel/WRF-GOCART-MP/external/esmf_time_f90/module_utility.o AR=INTERNAL_BUILD_ERROR_SHOULD_NOT_NEED_AR
make[2]: Entering directory '/glade/work/chenlan/WRFmodel/WRF-GOCART-MP/external/io_int'
make[2]: 'diffwrf' is up to date.
make[2]: Leaving directory '/glade/work/chenlan/WRFmodel/WRF-GOCART-MP/external/io_int'
make[1]: Leaving directory '/glade/work/chenlan/WRFmodel/WRF-GOCART-MP'
make -i -r MODULE_DIRS="-I../dyn_em  -I/glade/work/chenlan/WRFmodel/WRF-GOCART-MP/external/esmf_time_f90  -I/glade/work/chenlan/WRFmodel/WRF-GOCART-MP/main -I/glade/work/chenlan/WRFmodel/WRF-GOCART-MP/external/io_netcdf -I/glade/work/chenlan/WRFmodel/WRF-GOCART-MP/external/io_int -I/glade/work/chenlan/WRFmodel/WRF-GOCART-MP/frame -I/glade/work/chenlan/WRFmodel/WRF-GOCART-MP/share -I/glade/work/chenlan/WRFmodel/WRF-GOCART-MP/phys -I/glade/work/chenlan/WRFmodel/WRF-GOCART-MP/wrftladj -I/glade/work/chenlan/WRFmodel/WRF-GOCART-MP/chem -I/glade/work/chenlan/WRFmodel/WRF-GOCART-MP/inc -I/glade/work/epicufsrt/contrib/spack-stack/derecho/spack-stack-1.8.0/envs/ue-intel-2021.10.0/install/intel/2021.10.0/netcdf-fortran-4.6.1-kmm6hoj/include " shared
make[1]: Entering directory '/glade/work/chenlan/WRFmodel/WRF-GOCART-MP'
--------------------------------------
if [ "`echo -j 8 | sed -e 's/-j//g' -e 's/ \+//g'`" -gt "6" ] ; then \
  if [ 0 -eq 0 ]   ; then \
   ( cd share ; make -i -r -j 6 PERTMOD=" " ) ;  \
  else \
   ( cd share ; make -i -r -j 6 PERTMOD="../dyn_em/module_bc_em.o ../wrftladj/mediation_pertmod_io.o" ) ;  \
  fi \
else \
  if [ 0 -eq 0 ]   ; then \
   ( cd share ; make -i -r -j 8 PERTMOD=" " ) ;  \
  else \
   ( cd share ; make -i -r -j 8 PERTMOD="../dyn_em/module_bc_em.o ../wrftladj/mediation_pertmod_io.o" ) ;  \
  fi \
fi
make[2]: Entering directory '/glade/work/chenlan/WRFmodel/WRF-GOCART-MP/share'
if [ 0 -eq 1 ] ; then \
                  make -i -r nmm_contrib                                      ; \
                  ar ru ../main/libwrflib.a module_model_constants.o module_bc_time_utilities.o module_get_file_names.o module_compute_geop.o module_chem_share.o module_check_a_mundo.o module_HLaw.o module_ctrans_aqchem.o module_random.o module_llxy.o module_interp_nmm.o module_interp_store.o module_string_tools.o module_MPP.o  module_date_time.o module_bc.o module_io_wrf.o module_soil_pre.o  module_io_domain.o               module_optional_input.o          solve_interface.o mediation_interp_domain.o mediation_force_domain.o mediation_feedback_domain.o start_domain.o init_modules.o set_timekeeping.o interp_fcn.o sint.o wrf_ext_write_field.o wrf_ext_read_field.o  wrf_tsin.o landread.o track_driver.o track_input.o module_trajectory.o bobrand.o wrf_timeseries.o track_driver.o wrf_fddaobs_in.o mediation_nest_move.o setfeenv.o input_wrf.o output_wrf.o wrf_bdyout.o wrf_bdyin.o dfi.o  mediation_integrate.o mediation_wrfmain.o    ; \
                  else                                                         \
                  ar ru ../main/libwrflib.a module_model_constants.o module_bc_time_utilities.o module_get_file_names.o module_compute_geop.o module_chem_share.o module_check_a_mundo.o module_HLaw.o module_ctrans_aqchem.o module_random.o module_llxy.o module_interp_nmm.o module_interp_store.o module_string_tools.o module_MPP.o  module_date_time.o module_bc.o module_io_wrf.o module_soil_pre.o  module_io_domain.o               module_optional_input.o          solve_interface.o mediation_interp_domain.o mediation_force_domain.o mediation_feedback_domain.o start_domain.o init_modules.o set_timekeeping.o interp_fcn.o sint.o wrf_ext_write_field.o wrf_ext_read_field.o  wrf_tsin.o landread.o track_driver.o track_input.o module_trajectory.o bobrand.o wrf_timeseries.o track_driver.o wrf_fddaobs_in.o mediation_nest_move.o setfeenv.o input_wrf.o output_wrf.o wrf_bdyout.o wrf_bdyin.o dfi.o  mediation_integrate.o mediation_wrfmain.o              ; \
                fi
make[2]: Leaving directory '/glade/work/chenlan/WRFmodel/WRF-GOCART-MP/share'
make[1]: Leaving directory '/glade/work/chenlan/WRFmodel/WRF-GOCART-MP'
make -i -r MODULE_DIRS="-I../dyn_em  -I/glade/work/chenlan/WRFmodel/WRF-GOCART-MP/external/esmf_time_f90  -I/glade/work/chenlan/WRFmodel/WRF-GOCART-MP/main -I/glade/work/chenlan/WRFmodel/WRF-GOCART-MP/external/io_netcdf -I/glade/work/chenlan/WRFmodel/WRF-GOCART-MP/external/io_int -I/glade/work/chenlan/WRFmodel/WRF-GOCART-MP/frame -I/glade/work/chenlan/WRFmodel/WRF-GOCART-MP/share -I/glade/work/chenlan/WRFmodel/WRF-GOCART-MP/phys -I/glade/work/chenlan/WRFmodel/WRF-GOCART-MP/wrftladj -I/glade/work/chenlan/WRFmodel/WRF-GOCART-MP/chem -I/glade/work/chenlan/WRFmodel/WRF-GOCART-MP/inc -I/glade/work/epicufsrt/contrib/spack-stack/derecho/spack-stack-1.8.0/envs/ue-intel-2021.10.0/install/intel/2021.10.0/netcdf-fortran-4.6.1-kmm6hoj/include " physics
make[1]: Entering directory '/glade/work/chenlan/WRFmodel/WRF-GOCART-MP'
--------------------------------------
if [ 1  -eq 0 ] ; then \
	( cd phys ; make -i -r submodules ; make -i -r CF2=" " ) ; \
	if [ -n "" ] && [  -eq 1 ] ; then \
		@ echo '----------- make cmaq ----------------' ; \
		( rm -f main/libcmaqlib.a; cd cmaq ; make -i -r -f Makefile.twoway ) ; \
	fi \
else \
	( cd phys ; make -i -r submodules ; make -i -r CF2="../chem/module_data_mosaic_asect.o" ) ; \
fi
make[2]: Entering directory '/glade/work/chenlan/WRFmodel/WRF-GOCART-MP/phys'
No action required for NoahMP submodule
make[2]: Leaving directory '/glade/work/chenlan/WRFmodel/WRF-GOCART-MP/phys'
make[2]: Entering directory '/glade/work/chenlan/WRFmodel/WRF-GOCART-MP/phys'
make -i -r -j 8 non_nmm ; \
ar ru ../main/libwrflib.a module_bep_bem_helper.o complex_number_module.o module_cam_shr_kind_mod.o module_cam_support.o module_cam_shr_const_mod.o module_cam_physconst.o module_cam_cldwat.o module_cam_wv_saturation.o module_cam_esinti.o module_cam_gffgch.o module_cam_error_function.o module_cam_constituents.o module_cam_trb_mtn_stress.o module_cam_molec_diff.o module_cam_upper_bc.o module_cam_bl_diffusion_solver.o module_cam_bl_eddy_diff.o module_cam_mp_microp_aero.o module_cam_mp_cldwat2m_micro.o module_cam_mp_ndrop.o module_cam_mp_modal_aero_initialize_data_phys.o module_cam_mp_radconstants.o module_cam_mp_conv_water.o module_cam_mp_qneg3.o module_data_cam_mam_aero.o module_data_cam_mam_asect.o module_cam_infnan.o  module_bl_ysu.o module_bl_shinhong.o module_bl_mrf.o module_bl_gfs.o module_bl_gfsedmf.o module_bl_myjpbl.o module_bl_qnsepbl.o module_bl_acm.o module_bl_mynn_common.o module_bl_mynn.o module_bl_mynn_wrapper.o module_bl_fogdes.o module_bl_gwdo.o module_bl_gwdo_gsl.o module_bl_myjurb.o module_bl_boulac.o module_checkerror.o module_bl_camuwpbl_driver.o module_bl_mfshconvpbl.o module_bl_eepsilon.o module_bl_keps.o module_shcu_camuwshcu_driver.o module_shcu_camuwshcu.o module_shcu_deng.o module_shcu_grims.o module_shcu_nscv.o module_cu_camzm_driver.o module_cu_camzm.o module_bl_temf.o module_bl_gbmpbl.o module_cu_g3.o module_cu_kf.o module_cu_bmj.o module_cu_kfeta.o module_cu_mskf.o module_cu_tiedtke.o module_cu_ntiedtke.o module_cu_gd.o module_cu_gf_ctrans.o module_cu_gf_wrfdrv.o module_cu_gf_deep.o module_cu_gf_sh.o module_cu_ksas.o module_cu_nsas.o module_cu_sas.o module_gocart_coupling.o module_cu_scalesas.o module_cu_osas.o module_cu_kfcup.o module_madwrf.o module_mp_radar.o module_mp_kessler.o module_mp_lin.o module_mp_sbu_ylin.o module_mp_wsm3.o module_mp_wsm5.o module_mp_wsm6.o module_mp_wsm6r.o module_mp_wsm7.o module_mp_etanew.o module_mp_fer_hires.o module_mp_thompson.o module_fire_emis.o module_mp_SBM_polar_radar.o module_mp_full_sbm.o module_mp_fast_sbm.o module_ltng_lpi.o module_mp_gsfcgce.o module_mp_gsfcgce_4ice_nuwrf.o module_mp_morr_two_moment.o module_mp_p3.o module_mp_jensen_ishmael.o module_mp_morr_two_moment_aero.o module_mp_milbrandt2mom.o module_mp_nssl_2mom.o module_mp_wdm5.o module_mp_wdm6.o module_mp_wdm7.o module_mp_ntu.o module_mp_cammgmp_driver.o module_ra_sw.o module_ra_clWRF_support.o module_ra_gsfcsw.o module_ra_goddard.o module_ra_effective_radius.o module_ra_rrtm.o module_ra_rrtmg_lw.o module_ra_rrtmg_sw.o module_ra_rrtmg_aero_optical_util_cmaq.o module_ra_rrtmg_lwf.o module_ra_rrtmg_swf.o module_ra_rrtmg_lwk.o module_ra_rrtmg_swk.o module_ra_cam_support.o module_ra_cam.o module_ra_gfdleta.o module_ra_flg.o module_ra_hs.o module_ra_eclipse.o module_ra_aerosol.o module_ra_farms.o module_sf_sfclay.o module_sf_sfclayrev.o module_sf_gfs.o module_sf_exchcoef.o module_sf_gfdl.o module_sf_slab.o module_sf_noahdrv.o module_sf_noahlsm.o module_sf_clm.o module_sf_ctsm.o module_sf_ssib.o module_sf_noah_seaice.o module_sf_noah_seaice_drv.o module_sf_noahlsm_glacial_only.o module_sf_noahmp_groundwater.o module_sf_gecros.o module_sf_noahmpdrv.o module_sf_noahmplsm.o module_sf_noahmp_glacier.o module_sf_urban.o module_sf_bep.o module_sf_bep_bem.o module_sf_bem.o module_sf_pxlsm.o module_sf_pxlsm_data.o module_sf_ruclsm.o module_sf_sfcdiags.o module_sf_sfcdiags_ruclsm.o module_sf_sstskin.o module_sf_tmnupdate.o module_sf_ocean_driver.o module_sf_oml.o module_sf_3dpwp.o module_sf_myjsfc.o module_sf_qnsesfc.o module_sf_mynn.o module_sf_fogdes.o module_sf_pxsfclay.o module_sf_temfsfclay.o module_sf_idealscmsfclay.o module_sf_scmflux.o module_sf_scmskintemp.o module_physics_addtendc.o module_physics_init.o module_gfs_machine.o module_gfs_funcphys.o module_gfs_physcons.o module_progtm.o module_pbl_driver.o module_data_gocart_dust.o module_dust_emis.o module_cumulus_driver.o module_shallowcu_driver.o module_microphysics_driver.o module_microphysics_zero_out.o module_mixactivate.o module_radiation_driver.o module_surface_driver.o module_lightning_driver.o module_ltng_cpmpr92z.o module_ltng_crmpr92.o module_ltng_iccg.o module_fdda_psufddagd.o module_fdda_spnudging.o module_fddagd_driver.o module_fddaobs_rtfdda.o module_fddaobs_driver.o module_wind_fitch.o module_sf_lake.o module_diagnostics_driver.o module_irrigation.o   \
	module_fr_fire_driver.o module_fr_fire_driver_wrf.o module_fr_fire_atm.o module_fr_fire_model.o module_fr_fire_core.o module_fr_fire_phys.o module_fr_fire_util.o module_firebrand_spotting_mpi.o module_firebrand_spotting.o module_diag_afwa.o module_diag_cl.o module_diag_functions.o module_diag_hailcast.o module_diag_misc.o module_diag_nwp.o module_diag_rasm.o module_diag_pld.o module_diag_zld.o module_diag_trad_fields.o module_diag_solar.o
make[3]: Entering directory '/glade/work/chenlan/WRFmodel/WRF-GOCART-MP/phys'
rm -f module_mp_thompson.o
rm -f ../phys/module_mp_thompson.o
sed -e "s/^\!.*'.*//" -e "s/^ *\!.*'.*//" module_mp_thompson.F > module_mp_thompson.G
sed -e "s/^\!.*'.*//" -e "s/^ *\!.*'.*//" ../phys/module_mp_thompson.F > ../phys/module_mp_thompson.G
/lib/cpp -P -nostdinc -I/glade/work/chenlan/WRFmodel/WRF-GOCART-MP/inc -DEM_CORE=1 -DNMM_CORE=0 -DNMM_MAX_DIM=2600 -DDA_CORE=0 -DWRFPLUS=0 -DIWORDSIZE=4 -DDWORDSIZE=8 -DRWORDSIZE=4 -DLWORDSIZE=4 -DNONSTANDARD_SYSTEM_FUNC  -DWRF_USE_CLM -DUSE_NETCDF4_FEATURES -DWRFIO_NCD_LARGE_FILE_SUPPORT  -DDM_PARALLEL -DNETCDF -DHDF5 -DLANDREAD_STUB=1 -DUSE_ALLOCATABLES -Dwrfmodel -DGRIB1 -DINTIO -DKEEP_INT_AROUND -DLIMIT_ARGS -DBUILD_RRTMG_FAST=0 -DBUILD_RRTMK=0 -DBUILD_SBM_FAST=1 -DSHOW_ALL_VARS_USED=0 -DCONFIG_BUF_LEN=65536 -DMAX_DOMAINS_F=21 -DMAX_HISTORY=25 -DNMM_NEST=0 -DWRF_CHEM -DBUILD_CHEM=1 -DWRF_KPP -I. -traditional-cpp -DUSE_NETCDF4_FEATURES -DWRFIO_NCD_LARGE_FILE_SUPPORT   ../phys/module_mp_thompson.G  > ../phys/module_mp_thompson.bb
/lib/cpp -P -nostdinc -I/glade/work/chenlan/WRFmodel/WRF-GOCART-MP/inc -DEM_CORE=1 -DNMM_CORE=0 -DNMM_MAX_DIM=2600 -DDA_CORE=0 -DWRFPLUS=0 -DIWORDSIZE=4 -DDWORDSIZE=8 -DRWORDSIZE=4 -DLWORDSIZE=4 -DNONSTANDARD_SYSTEM_FUNC  -DWRF_USE_CLM -DUSE_NETCDF4_FEATURES -DWRFIO_NCD_LARGE_FILE_SUPPORT  -DDM_PARALLEL -DNETCDF -DHDF5 -DLANDREAD_STUB=1 -DUSE_ALLOCATABLES -Dwrfmodel -DGRIB1 -DINTIO -DKEEP_INT_AROUND -DLIMIT_ARGS -DBUILD_RRTMG_FAST=0 -DBUILD_RRTMK=0 -DBUILD_SBM_FAST=1 -DSHOW_ALL_VARS_USED=0 -DCONFIG_BUF_LEN=65536 -DMAX_DOMAINS_F=21 -DMAX_HISTORY=25 -DNMM_NEST=0 -DWRF_CHEM -DBUILD_CHEM=1 -DWRF_KPP -I. -traditional-cpp -DUSE_NETCDF4_FEATURES -DWRFIO_NCD_LARGE_FILE_SUPPORT   module_mp_thompson.G  > module_mp_thompson.bb
/glade/work/chenlan/WRFmodel/WRF-GOCART-MP/tools/standard.exe ../phys/module_mp_thompson.bb | /lib/cpp -P -nostdinc -traditional-cpp -DUSE_NETCDF4_FEATURES -DWRFIO_NCD_LARGE_FILE_SUPPORT > ../phys/module_mp_thompson.f90
/glade/work/chenlan/WRFmodel/WRF-GOCART-MP/tools/standard.exe module_mp_thompson.bb | /lib/cpp -P -nostdinc -traditional-cpp -DUSE_NETCDF4_FEATURES -DWRFIO_NCD_LARGE_FILE_SUPPORT > module_mp_thompson.f90
rm -f ../phys/module_mp_thompson.G ../phys/module_mp_thompson.bb
rm -f module_mp_thompson.G module_mp_thompson.bb
time mpif90 -f90=ifort -o ../phys/module_mp_thompson.o -c -O3 -ip -fp-model precise -w -ftz -align all -fno-alias -FR -convert big_endian    -I../dyn_em  -I/glade/work/chenlan/WRFmodel/WRF-GOCART-MP/external/esmf_time_f90  -I/glade/work/chenlan/WRFmodel/WRF-GOCART-MP/main -I/glade/work/chenlan/WRFmodel/WRF-GOCART-MP/external/io_netcdf -I/glade/work/chenlan/WRFmodel/WRF-GOCART-MP/external/io_int -I/glade/work/chenlan/WRFmodel/WRF-GOCART-MP/frame -I/glade/work/chenlan/WRFmodel/WRF-GOCART-MP/share -I/glade/work/chenlan/WRFmodel/WRF-GOCART-MP/phys -I/glade/work/chenlan/WRFmodel/WRF-GOCART-MP/wrftladj -I/glade/work/chenlan/WRFmodel/WRF-GOCART-MP/chem -I/glade/work/chenlan/WRFmodel/WRF-GOCART-MP/inc -I/glade/work/epicufsrt/contrib/spack-stack/derecho/spack-stack-1.8.0/envs/ue-intel-2021.10.0/install/intel/2021.10.0/netcdf-fortran-4.6.1-kmm6hoj/include  -real-size `expr 8 \* 4` -i4  ../phys/module_mp_thompson.f90
time mpif90 -f90=ifort -o module_mp_thompson.o -c -O3 -ip -fp-model precise -w -ftz -align all -fno-alias -FR -convert big_endian    -I../dyn_em  -I/glade/work/chenlan/WRFmodel/WRF-GOCART-MP/external/esmf_time_f90  -I/glade/work/chenlan/WRFmodel/WRF-GOCART-MP/main -I/glade/work/chenlan/WRFmodel/WRF-GOCART-MP/external/io_netcdf -I/glade/work/chenlan/WRFmodel/WRF-GOCART-MP/external/io_int -I/glade/work/chenlan/WRFmodel/WRF-GOCART-MP/frame -I/glade/work/chenlan/WRFmodel/WRF-GOCART-MP/share -I/glade/work/chenlan/WRFmodel/WRF-GOCART-MP/phys -I/glade/work/chenlan/WRFmodel/WRF-GOCART-MP/wrftladj -I/glade/work/chenlan/WRFmodel/WRF-GOCART-MP/chem -I/glade/work/chenlan/WRFmodel/WRF-GOCART-MP/inc -I/glade/work/epicufsrt/contrib/spack-stack/derecho/spack-stack-1.8.0/envs/ue-intel-2021.10.0/install/intel/2021.10.0/netcdf-fortran-4.6.1-kmm6hoj/include  -real-size `expr 8 \* 4` -i4  module_mp_thompson.f90
rm -f module_madwrf.o
sed -e "s/^\!.*'.*//" -e "s/^ *\!.*'.*//" module_madwrf.F > module_madwrf.G
rm -f module_radiation_driver.o
/lib/cpp -P -nostdinc -I/glade/work/chenlan/WRFmodel/WRF-GOCART-MP/inc -DEM_CORE=1 -DNMM_CORE=0 -DNMM_MAX_DIM=2600 -DDA_CORE=0 -DWRFPLUS=0 -DIWORDSIZE=4 -DDWORDSIZE=8 -DRWORDSIZE=4 -DLWORDSIZE=4 -DNONSTANDARD_SYSTEM_FUNC  -DWRF_USE_CLM -DUSE_NETCDF4_FEATURES -DWRFIO_NCD_LARGE_FILE_SUPPORT  -DDM_PARALLEL -DNETCDF -DHDF5 -DLANDREAD_STUB=1 -DUSE_ALLOCATABLES -Dwrfmodel -DGRIB1 -DINTIO -DKEEP_INT_AROUND -DLIMIT_ARGS -DBUILD_RRTMG_FAST=0 -DBUILD_RRTMK=0 -DBUILD_SBM_FAST=1 -DSHOW_ALL_VARS_USED=0 -DCONFIG_BUF_LEN=65536 -DMAX_DOMAINS_F=21 -DMAX_HISTORY=25 -DNMM_NEST=0 -DWRF_CHEM -DBUILD_CHEM=1 -DWRF_KPP -I. -traditional-cpp -DUSE_NETCDF4_FEATURES -DWRFIO_NCD_LARGE_FILE_SUPPORT   module_madwrf.G  > module_madwrf.bb
sed -e "s/^\!.*'.*//" -e "s/^ *\!.*'.*//" module_radiation_driver.F > module_radiation_driver.G
/lib/cpp -P -nostdinc -I/glade/work/chenlan/WRFmodel/WRF-GOCART-MP/inc -DEM_CORE=1 -DNMM_CORE=0 -DNMM_MAX_DIM=2600 -DDA_CORE=0 -DWRFPLUS=0 -DIWORDSIZE=4 -DDWORDSIZE=8 -DRWORDSIZE=4 -DLWORDSIZE=4 -DNONSTANDARD_SYSTEM_FUNC  -DWRF_USE_CLM -DUSE_NETCDF4_FEATURES -DWRFIO_NCD_LARGE_FILE_SUPPORT  -DDM_PARALLEL -DNETCDF -DHDF5 -DLANDREAD_STUB=1 -DUSE_ALLOCATABLES -Dwrfmodel -DGRIB1 -DINTIO -DKEEP_INT_AROUND -DLIMIT_ARGS -DBUILD_RRTMG_FAST=0 -DBUILD_RRTMK=0 -DBUILD_SBM_FAST=1 -DSHOW_ALL_VARS_USED=0 -DCONFIG_BUF_LEN=65536 -DMAX_DOMAINS_F=21 -DMAX_HISTORY=25 -DNMM_NEST=0 -DWRF_CHEM -DBUILD_CHEM=1 -DWRF_KPP -I. -traditional-cpp -DUSE_NETCDF4_FEATURES -DWRFIO_NCD_LARGE_FILE_SUPPORT   module_radiation_driver.G  > module_radiation_driver.bb
/glade/work/chenlan/WRFmodel/WRF-GOCART-MP/tools/standard.exe module_madwrf.bb | /lib/cpp -P -nostdinc -traditional-cpp -DUSE_NETCDF4_FEATURES -DWRFIO_NCD_LARGE_FILE_SUPPORT > module_madwrf.f90
/glade/work/chenlan/WRFmodel/WRF-GOCART-MP/tools/standard.exe module_radiation_driver.bb | /lib/cpp -P -nostdinc -traditional-cpp -DUSE_NETCDF4_FEATURES -DWRFIO_NCD_LARGE_FILE_SUPPORT > module_radiation_driver.f90
rm -f module_madwrf.G module_madwrf.bb
rm -f module_radiation_driver.G module_radiation_driver.bb
time mpif90 -f90=ifort -o module_madwrf.o -c -O3 -ip -fp-model precise -w -ftz -align all -fno-alias -FR -convert big_endian    -I../dyn_em  -I/glade/work/chenlan/WRFmodel/WRF-GOCART-MP/external/esmf_time_f90  -I/glade/work/chenlan/WRFmodel/WRF-GOCART-MP/main -I/glade/work/chenlan/WRFmodel/WRF-GOCART-MP/external/io_netcdf -I/glade/work/chenlan/WRFmodel/WRF-GOCART-MP/external/io_int -I/glade/work/chenlan/WRFmodel/WRF-GOCART-MP/frame -I/glade/work/chenlan/WRFmodel/WRF-GOCART-MP/share -I/glade/work/chenlan/WRFmodel/WRF-GOCART-MP/phys -I/glade/work/chenlan/WRFmodel/WRF-GOCART-MP/wrftladj -I/glade/work/chenlan/WRFmodel/WRF-GOCART-MP/chem -I/glade/work/chenlan/WRFmodel/WRF-GOCART-MP/inc -I/glade/work/epicufsrt/contrib/spack-stack/derecho/spack-stack-1.8.0/envs/ue-intel-2021.10.0/install/intel/2021.10.0/netcdf-fortran-4.6.1-kmm6hoj/include  -real-size `expr 8 \* 4` -i4  module_madwrf.f90
time mpif90 -f90=ifort -o module_radiation_driver.o -c -O3 -ip -fp-model precise -w -ftz -align all -fno-alias -FR -convert big_endian    -I../dyn_em  -I/glade/work/chenlan/WRFmodel/WRF-GOCART-MP/external/esmf_time_f90  -I/glade/work/chenlan/WRFmodel/WRF-GOCART-MP/main -I/glade/work/chenlan/WRFmodel/WRF-GOCART-MP/external/io_netcdf -I/glade/work/chenlan/WRFmodel/WRF-GOCART-MP/external/io_int -I/glade/work/chenlan/WRFmodel/WRF-GOCART-MP/frame -I/glade/work/chenlan/WRFmodel/WRF-GOCART-MP/share -I/glade/work/chenlan/WRFmodel/WRF-GOCART-MP/phys -I/glade/work/chenlan/WRFmodel/WRF-GOCART-MP/wrftladj -I/glade/work/chenlan/WRFmodel/WRF-GOCART-MP/chem -I/glade/work/chenlan/WRFmodel/WRF-GOCART-MP/inc -I/glade/work/epicufsrt/contrib/spack-stack/derecho/spack-stack-1.8.0/envs/ue-intel-2021.10.0/install/intel/2021.10.0/netcdf-fortran-4.6.1-kmm6hoj/include  -real-size `expr 8 \* 4` -i4  module_radiation_driver.f90
rm -f module_mixactivate.o
sed -e "s/^\!.*'.*//" -e "s/^ *\!.*'.*//" module_mixactivate.F > module_mixactivate.G
/lib/cpp -P -nostdinc -I/glade/work/chenlan/WRFmodel/WRF-GOCART-MP/inc -DEM_CORE=1 -DNMM_CORE=0 -DNMM_MAX_DIM=2600 -DDA_CORE=0 -DWRFPLUS=0 -DIWORDSIZE=4 -DDWORDSIZE=8 -DRWORDSIZE=4 -DLWORDSIZE=4 -DNONSTANDARD_SYSTEM_FUNC  -DWRF_USE_CLM -DUSE_NETCDF4_FEATURES -DWRFIO_NCD_LARGE_FILE_SUPPORT  -DDM_PARALLEL -DNETCDF -DHDF5 -DLANDREAD_STUB=1 -DUSE_ALLOCATABLES -Dwrfmodel -DGRIB1 -DINTIO -DKEEP_INT_AROUND -DLIMIT_ARGS -DBUILD_RRTMG_FAST=0 -DBUILD_RRTMK=0 -DBUILD_SBM_FAST=1 -DSHOW_ALL_VARS_USED=0 -DCONFIG_BUF_LEN=65536 -DMAX_DOMAINS_F=21 -DMAX_HISTORY=25 -DNMM_NEST=0 -DWRF_CHEM -DBUILD_CHEM=1 -DWRF_KPP -I. -traditional-cpp -DUSE_NETCDF4_FEATURES -DWRFIO_NCD_LARGE_FILE_SUPPORT   module_mixactivate.G  > module_mixactivate.bb
/glade/work/chenlan/WRFmodel/WRF-GOCART-MP/tools/standard.exe module_mixactivate.bb | /lib/cpp -P -nostdinc -traditional-cpp -DUSE_NETCDF4_FEATURES -DWRFIO_NCD_LARGE_FILE_SUPPORT > module_mixactivate.f90
rm -f module_mixactivate.G module_mixactivate.bb
time mpif90 -f90=ifort -o module_mixactivate.o -c -O3 -ip -fp-model precise -w -ftz -align all -fno-alias -FR -convert big_endian    -I../dyn_em  -I/glade/work/chenlan/WRFmodel/WRF-GOCART-MP/external/esmf_time_f90  -I/glade/work/chenlan/WRFmodel/WRF-GOCART-MP/main -I/glade/work/chenlan/WRFmodel/WRF-GOCART-MP/external/io_netcdf -I/glade/work/chenlan/WRFmodel/WRF-GOCART-MP/external/io_int -I/glade/work/chenlan/WRFmodel/WRF-GOCART-MP/frame -I/glade/work/chenlan/WRFmodel/WRF-GOCART-MP/share -I/glade/work/chenlan/WRFmodel/WRF-GOCART-MP/phys -I/glade/work/chenlan/WRFmodel/WRF-GOCART-MP/wrftladj -I/glade/work/chenlan/WRFmodel/WRF-GOCART-MP/chem -I/glade/work/chenlan/WRFmodel/WRF-GOCART-MP/inc -I/glade/work/epicufsrt/contrib/spack-stack/derecho/spack-stack-1.8.0/envs/ue-intel-2021.10.0/install/intel/2021.10.0/netcdf-fortran-4.6.1-kmm6hoj/include  -real-size `expr 8 \* 4` -i4  module_mixactivate.f90
rm -f module_cu_kfcup.o
rm -f module_microphysics_driver.o
sed -e "s/^\!.*'.*//" -e "s/^ *\!.*'.*//" module_cu_kfcup.F > module_cu_kfcup.G
sed -e "s/^\!.*'.*//" -e "s/^ *\!.*'.*//" module_microphysics_driver.F > module_microphysics_driver.G
/lib/cpp -P -nostdinc -I/glade/work/chenlan/WRFmodel/WRF-GOCART-MP/inc -DEM_CORE=1 -DNMM_CORE=0 -DNMM_MAX_DIM=2600 -DDA_CORE=0 -DWRFPLUS=0 -DIWORDSIZE=4 -DDWORDSIZE=8 -DRWORDSIZE=4 -DLWORDSIZE=4 -DNONSTANDARD_SYSTEM_FUNC  -DWRF_USE_CLM -DUSE_NETCDF4_FEATURES -DWRFIO_NCD_LARGE_FILE_SUPPORT  -DDM_PARALLEL -DNETCDF -DHDF5 -DLANDREAD_STUB=1 -DUSE_ALLOCATABLES -Dwrfmodel -DGRIB1 -DINTIO -DKEEP_INT_AROUND -DLIMIT_ARGS -DBUILD_RRTMG_FAST=0 -DBUILD_RRTMK=0 -DBUILD_SBM_FAST=1 -DSHOW_ALL_VARS_USED=0 -DCONFIG_BUF_LEN=65536 -DMAX_DOMAINS_F=21 -DMAX_HISTORY=25 -DNMM_NEST=0 -DWRF_CHEM -DBUILD_CHEM=1 -DWRF_KPP -I. -traditional-cpp -DUSE_NETCDF4_FEATURES -DWRFIO_NCD_LARGE_FILE_SUPPORT   module_cu_kfcup.G  > module_cu_kfcup.bb
/lib/cpp -P -nostdinc -I/glade/work/chenlan/WRFmodel/WRF-GOCART-MP/inc -DEM_CORE=1 -DNMM_CORE=0 -DNMM_MAX_DIM=2600 -DDA_CORE=0 -DWRFPLUS=0 -DIWORDSIZE=4 -DDWORDSIZE=8 -DRWORDSIZE=4 -DLWORDSIZE=4 -DNONSTANDARD_SYSTEM_FUNC  -DWRF_USE_CLM -DUSE_NETCDF4_FEATURES -DWRFIO_NCD_LARGE_FILE_SUPPORT  -DDM_PARALLEL -DNETCDF -DHDF5 -DLANDREAD_STUB=1 -DUSE_ALLOCATABLES -Dwrfmodel -DGRIB1 -DINTIO -DKEEP_INT_AROUND -DLIMIT_ARGS -DBUILD_RRTMG_FAST=0 -DBUILD_RRTMK=0 -DBUILD_SBM_FAST=1 -DSHOW_ALL_VARS_USED=0 -DCONFIG_BUF_LEN=65536 -DMAX_DOMAINS_F=21 -DMAX_HISTORY=25 -DNMM_NEST=0 -DWRF_CHEM -DBUILD_CHEM=1 -DWRF_KPP -I. -traditional-cpp -DUSE_NETCDF4_FEATURES -DWRFIO_NCD_LARGE_FILE_SUPPORT   module_microphysics_driver.G  > module_microphysics_driver.bb
/glade/work/chenlan/WRFmodel/WRF-GOCART-MP/tools/standard.exe module_cu_kfcup.bb | /lib/cpp -P -nostdinc -traditional-cpp -DUSE_NETCDF4_FEATURES -DWRFIO_NCD_LARGE_FILE_SUPPORT > module_cu_kfcup.f90
/glade/work/chenlan/WRFmodel/WRF-GOCART-MP/tools/standard.exe module_microphysics_driver.bb | /lib/cpp -P -nostdinc -traditional-cpp -DUSE_NETCDF4_FEATURES -DWRFIO_NCD_LARGE_FILE_SUPPORT > module_microphysics_driver.f90
rm -f module_microphysics_driver.G module_microphysics_driver.bb
rm -f module_cu_kfcup.G module_cu_kfcup.bb
time mpif90 -f90=ifort -o module_microphysics_driver.o -c -O3 -ip -fp-model precise -w -ftz -align all -fno-alias -FR -convert big_endian    -I../dyn_em  -I/glade/work/chenlan/WRFmodel/WRF-GOCART-MP/external/esmf_time_f90  -I/glade/work/chenlan/WRFmodel/WRF-GOCART-MP/main -I/glade/work/chenlan/WRFmodel/WRF-GOCART-MP/external/io_netcdf -I/glade/work/chenlan/WRFmodel/WRF-GOCART-MP/external/io_int -I/glade/work/chenlan/WRFmodel/WRF-GOCART-MP/frame -I/glade/work/chenlan/WRFmodel/WRF-GOCART-MP/share -I/glade/work/chenlan/WRFmodel/WRF-GOCART-MP/phys -I/glade/work/chenlan/WRFmodel/WRF-GOCART-MP/wrftladj -I/glade/work/chenlan/WRFmodel/WRF-GOCART-MP/chem -I/glade/work/chenlan/WRFmodel/WRF-GOCART-MP/inc -I/glade/work/epicufsrt/contrib/spack-stack/derecho/spack-stack-1.8.0/envs/ue-intel-2021.10.0/install/intel/2021.10.0/netcdf-fortran-4.6.1-kmm6hoj/include  -real-size `expr 8 \* 4` -i4  module_microphysics_driver.f90
time mpif90 -f90=ifort -o module_cu_kfcup.o -c -O3 -ip -fp-model precise -w -ftz -align all -fno-alias -FR -convert big_endian    -I../dyn_em  -I/glade/work/chenlan/WRFmodel/WRF-GOCART-MP/external/esmf_time_f90  -I/glade/work/chenlan/WRFmodel/WRF-GOCART-MP/main -I/glade/work/chenlan/WRFmodel/WRF-GOCART-MP/external/io_netcdf -I/glade/work/chenlan/WRFmodel/WRF-GOCART-MP/external/io_int -I/glade/work/chenlan/WRFmodel/WRF-GOCART-MP/frame -I/glade/work/chenlan/WRFmodel/WRF-GOCART-MP/share -I/glade/work/chenlan/WRFmodel/WRF-GOCART-MP/phys -I/glade/work/chenlan/WRFmodel/WRF-GOCART-MP/wrftladj -I/glade/work/chenlan/WRFmodel/WRF-GOCART-MP/chem -I/glade/work/chenlan/WRFmodel/WRF-GOCART-MP/inc -I/glade/work/epicufsrt/contrib/spack-stack/derecho/spack-stack-1.8.0/envs/ue-intel-2021.10.0/install/intel/2021.10.0/netcdf-fortran-4.6.1-kmm6hoj/include  -real-size `expr 8 \* 4` -i4  module_cu_kfcup.f90
rm -f module_physics_init.o
rm -f module_cumulus_driver.o
/lib/cpp -P -nostdinc -I/glade/work/chenlan/WRFmodel/WRF-GOCART-MP/inc -DEM_CORE=1 -DNMM_CORE=0 -DNMM_MAX_DIM=2600 -DDA_CORE=0 -DWRFPLUS=0 -DIWORDSIZE=4 -DDWORDSIZE=8 -DRWORDSIZE=4 -DLWORDSIZE=4 -DNONSTANDARD_SYSTEM_FUNC  -DWRF_USE_CLM -DUSE_NETCDF4_FEATURES -DWRFIO_NCD_LARGE_FILE_SUPPORT  -DDM_PARALLEL -DNETCDF -DHDF5 -DLANDREAD_STUB=1 -DUSE_ALLOCATABLES -Dwrfmodel -DGRIB1 -DINTIO -DKEEP_INT_AROUND -DLIMIT_ARGS -DBUILD_RRTMG_FAST=0 -DBUILD_RRTMK=0 -DBUILD_SBM_FAST=1 -DSHOW_ALL_VARS_USED=0 -DCONFIG_BUF_LEN=65536 -DMAX_DOMAINS_F=21 -DMAX_HISTORY=25 -DNMM_NEST=0 -DWRF_CHEM -DBUILD_CHEM=1 -DWRF_KPP -I. -traditional-cpp -DUSE_NETCDF4_FEATURES -DWRFIO_NCD_LARGE_FILE_SUPPORT   module_physics_init.F  > module_physics_init.bb
sed -e "s/^\!.*'.*//" -e "s/^ *\!.*'.*//" module_cumulus_driver.F > module_cumulus_driver.G
/lib/cpp -P -nostdinc -I/glade/work/chenlan/WRFmodel/WRF-GOCART-MP/inc -DEM_CORE=1 -DNMM_CORE=0 -DNMM_MAX_DIM=2600 -DDA_CORE=0 -DWRFPLUS=0 -DIWORDSIZE=4 -DDWORDSIZE=8 -DRWORDSIZE=4 -DLWORDSIZE=4 -DNONSTANDARD_SYSTEM_FUNC  -DWRF_USE_CLM -DUSE_NETCDF4_FEATURES -DWRFIO_NCD_LARGE_FILE_SUPPORT  -DDM_PARALLEL -DNETCDF -DHDF5 -DLANDREAD_STUB=1 -DUSE_ALLOCATABLES -Dwrfmodel -DGRIB1 -DINTIO -DKEEP_INT_AROUND -DLIMIT_ARGS -DBUILD_RRTMG_FAST=0 -DBUILD_RRTMK=0 -DBUILD_SBM_FAST=1 -DSHOW_ALL_VARS_USED=0 -DCONFIG_BUF_LEN=65536 -DMAX_DOMAINS_F=21 -DMAX_HISTORY=25 -DNMM_NEST=0 -DWRF_CHEM -DBUILD_CHEM=1 -DWRF_KPP -I. -traditional-cpp -DUSE_NETCDF4_FEATURES -DWRFIO_NCD_LARGE_FILE_SUPPORT   module_cumulus_driver.G  > module_cumulus_driver.bb
/glade/work/chenlan/WRFmodel/WRF-GOCART-MP/tools/standard.exe module_physics_init.bb | /lib/cpp -P -nostdinc -traditional-cpp -DUSE_NETCDF4_FEATURES -DWRFIO_NCD_LARGE_FILE_SUPPORT > module_physics_init.f90
/glade/work/chenlan/WRFmodel/WRF-GOCART-MP/tools/standard.exe module_cumulus_driver.bb | /lib/cpp -P -nostdinc -traditional-cpp -DUSE_NETCDF4_FEATURES -DWRFIO_NCD_LARGE_FILE_SUPPORT > module_cumulus_driver.f90
rm -f module_cumulus_driver.G module_cumulus_driver.bb
rm -f module_physics_init.b module_physics_init.bb
time mpif90 -f90=ifort -c -real-size `expr 8 \* 4` -i4  -O0 -fno-inline -no-ip -ip -fp-model precise -w -ftz -align all -fno-alias -FR -convert big_endian   -I../dyn_em  -I/glade/work/chenlan/WRFmodel/WRF-GOCART-MP/external/esmf_time_f90  -I/glade/work/chenlan/WRFmodel/WRF-GOCART-MP/main -I/glade/work/chenlan/WRFmodel/WRF-GOCART-MP/external/io_netcdf -I/glade/work/chenlan/WRFmodel/WRF-GOCART-MP/external/io_int -I/glade/work/chenlan/WRFmodel/WRF-GOCART-MP/frame -I/glade/work/chenlan/WRFmodel/WRF-GOCART-MP/share -I/glade/work/chenlan/WRFmodel/WRF-GOCART-MP/phys -I/glade/work/chenlan/WRFmodel/WRF-GOCART-MP/wrftladj -I/glade/work/chenlan/WRFmodel/WRF-GOCART-MP/chem -I/glade/work/chenlan/WRFmodel/WRF-GOCART-MP/inc -I/glade/work/epicufsrt/contrib/spack-stack/derecho/spack-stack-1.8.0/envs/ue-intel-2021.10.0/install/intel/2021.10.0/netcdf-fortran-4.6.1-kmm6hoj/include   module_physics_init.f90
time mpif90 -f90=ifort -o module_cumulus_driver.o -c -O3 -ip -fp-model precise -w -ftz -align all -fno-alias -FR -convert big_endian    -I../dyn_em  -I/glade/work/chenlan/WRFmodel/WRF-GOCART-MP/external/esmf_time_f90  -I/glade/work/chenlan/WRFmodel/WRF-GOCART-MP/main -I/glade/work/chenlan/WRFmodel/WRF-GOCART-MP/external/io_netcdf -I/glade/work/chenlan/WRFmodel/WRF-GOCART-MP/external/io_int -I/glade/work/chenlan/WRFmodel/WRF-GOCART-MP/frame -I/glade/work/chenlan/WRFmodel/WRF-GOCART-MP/share -I/glade/work/chenlan/WRFmodel/WRF-GOCART-MP/phys -I/glade/work/chenlan/WRFmodel/WRF-GOCART-MP/wrftladj -I/glade/work/chenlan/WRFmodel/WRF-GOCART-MP/chem -I/glade/work/chenlan/WRFmodel/WRF-GOCART-MP/inc -I/glade/work/epicufsrt/contrib/spack-stack/derecho/spack-stack-1.8.0/envs/ue-intel-2021.10.0/install/intel/2021.10.0/netcdf-fortran-4.6.1-kmm6hoj/include  -real-size `expr 8 \* 4` -i4  module_cumulus_driver.f90
make[3]: Leaving directory '/glade/work/chenlan/WRFmodel/WRF-GOCART-MP/phys'
make[2]: Leaving directory '/glade/work/chenlan/WRFmodel/WRF-GOCART-MP/phys'
make[1]: Leaving directory '/glade/work/chenlan/WRFmodel/WRF-GOCART-MP'
------------------------------------------------------------------------------
NoahMP submodule files populating WRF directories
------------------------------------------------------------------------------
if [ 1  -eq 1 ]    ; then make -i -r MODULE_DIRS="-I../dyn_em  -I/glade/work/chenlan/WRFmodel/WRF-GOCART-MP/external/esmf_time_f90  -I/glade/work/chenlan/WRFmodel/WRF-GOCART-MP/main -I/glade/work/chenlan/WRFmodel/WRF-GOCART-MP/external/io_netcdf -I/glade/work/chenlan/WRFmodel/WRF-GOCART-MP/external/io_int -I/glade/work/chenlan/WRFmodel/WRF-GOCART-MP/frame -I/glade/work/chenlan/WRFmodel/WRF-GOCART-MP/share -I/glade/work/chenlan/WRFmodel/WRF-GOCART-MP/phys -I/glade/work/chenlan/WRFmodel/WRF-GOCART-MP/wrftladj -I/glade/work/chenlan/WRFmodel/WRF-GOCART-MP/chem -I/glade/work/chenlan/WRFmodel/WRF-GOCART-MP/inc -I/glade/work/epicufsrt/contrib/spack-stack/derecho/spack-stack-1.8.0/envs/ue-intel-2021.10.0/install/intel/2021.10.0/netcdf-fortran-4.6.1-kmm6hoj/include " chemics ; fi
make[1]: Entering directory '/glade/work/chenlan/WRFmodel/WRF-GOCART-MP'
--------------------------------------
if [ 1 -eq 1 ] ; then ( cd chem ; make -i -r ) ; fi
make[2]: Entering directory '/glade/work/chenlan/WRFmodel/WRF-GOCART-MP/chem'
rm -f module_cam_mam_cloudchem.o
sed -e "s/^\!.*'.*//" -e "s/^ *\!.*'.*//" module_cam_mam_cloudchem.F > module_cam_mam_cloudchem.G
/lib/cpp -P -nostdinc -I/glade/work/chenlan/WRFmodel/WRF-GOCART-MP/inc -DEM_CORE=1 -DNMM_CORE=0 -DNMM_MAX_DIM=2600 -DDA_CORE=0 -DWRFPLUS=0 -DIWORDSIZE=4 -DDWORDSIZE=8 -DRWORDSIZE=4 -DLWORDSIZE=4 -DNONSTANDARD_SYSTEM_FUNC  -DWRF_USE_CLM -DUSE_NETCDF4_FEATURES -DWRFIO_NCD_LARGE_FILE_SUPPORT  -DDM_PARALLEL -DNETCDF -DHDF5 -DLANDREAD_STUB=1 -DUSE_ALLOCATABLES -Dwrfmodel -DGRIB1 -DINTIO -DKEEP_INT_AROUND -DLIMIT_ARGS -DBUILD_RRTMG_FAST=0 -DBUILD_RRTMK=0 -DBUILD_SBM_FAST=1 -DSHOW_ALL_VARS_USED=0 -DCONFIG_BUF_LEN=65536 -DMAX_DOMAINS_F=21 -DMAX_HISTORY=25 -DNMM_NEST=0 -DWRF_CHEM -DBUILD_CHEM=1 -DWRF_KPP -I. -traditional-cpp -DUSE_NETCDF4_FEATURES -DWRFIO_NCD_LARGE_FILE_SUPPORT   module_cam_mam_cloudchem.G  > module_cam_mam_cloudchem.bb
/glade/work/chenlan/WRFmodel/WRF-GOCART-MP/tools/standard.exe module_cam_mam_cloudchem.bb | /lib/cpp -P -nostdinc -traditional-cpp -DUSE_NETCDF4_FEATURES -DWRFIO_NCD_LARGE_FILE_SUPPORT > module_cam_mam_cloudchem.f90
rm -f module_cam_mam_cloudchem.G module_cam_mam_cloudchem.bb
time mpif90 -f90=ifort -o module_cam_mam_cloudchem.o -c -O3 -ip -fp-model precise -w -ftz -align all -fno-alias -FR -convert big_endian    -I../dyn_em  -I/glade/work/chenlan/WRFmodel/WRF-GOCART-MP/external/esmf_time_f90  -I/glade/work/chenlan/WRFmodel/WRF-GOCART-MP/main -I/glade/work/chenlan/WRFmodel/WRF-GOCART-MP/external/io_netcdf -I/glade/work/chenlan/WRFmodel/WRF-GOCART-MP/external/io_int -I/glade/work/chenlan/WRFmodel/WRF-GOCART-MP/frame -I/glade/work/chenlan/WRFmodel/WRF-GOCART-MP/share -I/glade/work/chenlan/WRFmodel/WRF-GOCART-MP/phys -I/glade/work/chenlan/WRFmodel/WRF-GOCART-MP/wrftladj -I/glade/work/chenlan/WRFmodel/WRF-GOCART-MP/chem -I/glade/work/chenlan/WRFmodel/WRF-GOCART-MP/inc -I/glade/work/epicufsrt/contrib/spack-stack/derecho/spack-stack-1.8.0/envs/ue-intel-2021.10.0/install/intel/2021.10.0/netcdf-fortran-4.6.1-kmm6hoj/include  -real-size `expr 8 \* 4` -i4  module_cam_mam_cloudchem.f90
rm -f module_cam_mam_init.o
sed -e "s/^\!.*'.*//" -e "s/^ *\!.*'.*//" module_cam_mam_init.F > module_cam_mam_init.G
/lib/cpp -P -nostdinc -I/glade/work/chenlan/WRFmodel/WRF-GOCART-MP/inc -DEM_CORE=1 -DNMM_CORE=0 -DNMM_MAX_DIM=2600 -DDA_CORE=0 -DWRFPLUS=0 -DIWORDSIZE=4 -DDWORDSIZE=8 -DRWORDSIZE=4 -DLWORDSIZE=4 -DNONSTANDARD_SYSTEM_FUNC  -DWRF_USE_CLM -DUSE_NETCDF4_FEATURES -DWRFIO_NCD_LARGE_FILE_SUPPORT  -DDM_PARALLEL -DNETCDF -DHDF5 -DLANDREAD_STUB=1 -DUSE_ALLOCATABLES -Dwrfmodel -DGRIB1 -DINTIO -DKEEP_INT_AROUND -DLIMIT_ARGS -DBUILD_RRTMG_FAST=0 -DBUILD_RRTMK=0 -DBUILD_SBM_FAST=1 -DSHOW_ALL_VARS_USED=0 -DCONFIG_BUF_LEN=65536 -DMAX_DOMAINS_F=21 -DMAX_HISTORY=25 -DNMM_NEST=0 -DWRF_CHEM -DBUILD_CHEM=1 -DWRF_KPP -I. -traditional-cpp -DUSE_NETCDF4_FEATURES -DWRFIO_NCD_LARGE_FILE_SUPPORT   module_cam_mam_init.G  > module_cam_mam_init.bb
/glade/work/chenlan/WRFmodel/WRF-GOCART-MP/tools/standard.exe module_cam_mam_init.bb | /lib/cpp -P -nostdinc -traditional-cpp -DUSE_NETCDF4_FEATURES -DWRFIO_NCD_LARGE_FILE_SUPPORT > module_cam_mam_init.f90
rm -f module_cam_mam_init.G module_cam_mam_init.bb
time mpif90 -f90=ifort -o module_cam_mam_init.o -c -O3 -ip -fp-model precise -w -ftz -align all -fno-alias -FR -convert big_endian    -I../dyn_em  -I/glade/work/chenlan/WRFmodel/WRF-GOCART-MP/external/esmf_time_f90  -I/glade/work/chenlan/WRFmodel/WRF-GOCART-MP/main -I/glade/work/chenlan/WRFmodel/WRF-GOCART-MP/external/io_netcdf -I/glade/work/chenlan/WRFmodel/WRF-GOCART-MP/external/io_int -I/glade/work/chenlan/WRFmodel/WRF-GOCART-MP/frame -I/glade/work/chenlan/WRFmodel/WRF-GOCART-MP/share -I/glade/work/chenlan/WRFmodel/WRF-GOCART-MP/phys -I/glade/work/chenlan/WRFmodel/WRF-GOCART-MP/wrftladj -I/glade/work/chenlan/WRFmodel/WRF-GOCART-MP/chem -I/glade/work/chenlan/WRFmodel/WRF-GOCART-MP/inc -I/glade/work/epicufsrt/contrib/spack-stack/derecho/spack-stack-1.8.0/envs/ue-intel-2021.10.0/install/intel/2021.10.0/netcdf-fortran-4.6.1-kmm6hoj/include  -real-size `expr 8 \* 4` -i4  module_cam_mam_init.f90
rm -f module_cam_mam_initmixrats.o
sed -e "s/^\!.*'.*//" -e "s/^ *\!.*'.*//" module_cam_mam_initmixrats.F > module_cam_mam_initmixrats.G
/lib/cpp -P -nostdinc -I/glade/work/chenlan/WRFmodel/WRF-GOCART-MP/inc -DEM_CORE=1 -DNMM_CORE=0 -DNMM_MAX_DIM=2600 -DDA_CORE=0 -DWRFPLUS=0 -DIWORDSIZE=4 -DDWORDSIZE=8 -DRWORDSIZE=4 -DLWORDSIZE=4 -DNONSTANDARD_SYSTEM_FUNC  -DWRF_USE_CLM -DUSE_NETCDF4_FEATURES -DWRFIO_NCD_LARGE_FILE_SUPPORT  -DDM_PARALLEL -DNETCDF -DHDF5 -DLANDREAD_STUB=1 -DUSE_ALLOCATABLES -Dwrfmodel -DGRIB1 -DINTIO -DKEEP_INT_AROUND -DLIMIT_ARGS -DBUILD_RRTMG_FAST=0 -DBUILD_RRTMK=0 -DBUILD_SBM_FAST=1 -DSHOW_ALL_VARS_USED=0 -DCONFIG_BUF_LEN=65536 -DMAX_DOMAINS_F=21 -DMAX_HISTORY=25 -DNMM_NEST=0 -DWRF_CHEM -DBUILD_CHEM=1 -DWRF_KPP -I. -traditional-cpp -DUSE_NETCDF4_FEATURES -DWRFIO_NCD_LARGE_FILE_SUPPORT   module_cam_mam_initmixrats.G  > module_cam_mam_initmixrats.bb
/glade/work/chenlan/WRFmodel/WRF-GOCART-MP/tools/standard.exe module_cam_mam_initmixrats.bb | /lib/cpp -P -nostdinc -traditional-cpp -DUSE_NETCDF4_FEATURES -DWRFIO_NCD_LARGE_FILE_SUPPORT > module_cam_mam_initmixrats.f90
rm -f module_cam_mam_initmixrats.G module_cam_mam_initmixrats.bb
time mpif90 -f90=ifort -o module_cam_mam_initmixrats.o -c -O3 -ip -fp-model precise -w -ftz -align all -fno-alias -FR -convert big_endian    -I../dyn_em  -I/glade/work/chenlan/WRFmodel/WRF-GOCART-MP/external/esmf_time_f90  -I/glade/work/chenlan/WRFmodel/WRF-GOCART-MP/main -I/glade/work/chenlan/WRFmodel/WRF-GOCART-MP/external/io_netcdf -I/glade/work/chenlan/WRFmodel/WRF-GOCART-MP/external/io_int -I/glade/work/chenlan/WRFmodel/WRF-GOCART-MP/frame -I/glade/work/chenlan/WRFmodel/WRF-GOCART-MP/share -I/glade/work/chenlan/WRFmodel/WRF-GOCART-MP/phys -I/glade/work/chenlan/WRFmodel/WRF-GOCART-MP/wrftladj -I/glade/work/chenlan/WRFmodel/WRF-GOCART-MP/chem -I/glade/work/chenlan/WRFmodel/WRF-GOCART-MP/inc -I/glade/work/epicufsrt/contrib/spack-stack/derecho/spack-stack-1.8.0/envs/ue-intel-2021.10.0/install/intel/2021.10.0/netcdf-fortran-4.6.1-kmm6hoj/include  -real-size `expr 8 \* 4` -i4  module_cam_mam_initmixrats.f90
rm -f module_input_chem_data.o
sed -e "s/^\!.*'.*//" -e "s/^ *\!.*'.*//" module_input_chem_data.F > module_input_chem_data.G
/lib/cpp -P -nostdinc -I/glade/work/chenlan/WRFmodel/WRF-GOCART-MP/inc -DEM_CORE=1 -DNMM_CORE=0 -DNMM_MAX_DIM=2600 -DDA_CORE=0 -DWRFPLUS=0 -DIWORDSIZE=4 -DDWORDSIZE=8 -DRWORDSIZE=4 -DLWORDSIZE=4 -DNONSTANDARD_SYSTEM_FUNC  -DWRF_USE_CLM -DUSE_NETCDF4_FEATURES -DWRFIO_NCD_LARGE_FILE_SUPPORT  -DDM_PARALLEL -DNETCDF -DHDF5 -DLANDREAD_STUB=1 -DUSE_ALLOCATABLES -Dwrfmodel -DGRIB1 -DINTIO -DKEEP_INT_AROUND -DLIMIT_ARGS -DBUILD_RRTMG_FAST=0 -DBUILD_RRTMK=0 -DBUILD_SBM_FAST=1 -DSHOW_ALL_VARS_USED=0 -DCONFIG_BUF_LEN=65536 -DMAX_DOMAINS_F=21 -DMAX_HISTORY=25 -DNMM_NEST=0 -DWRF_CHEM -DBUILD_CHEM=1 -DWRF_KPP -I. -traditional-cpp -DUSE_NETCDF4_FEATURES -DWRFIO_NCD_LARGE_FILE_SUPPORT   module_input_chem_data.G  > module_input_chem_data.bb
/glade/work/chenlan/WRFmodel/WRF-GOCART-MP/tools/standard.exe module_input_chem_data.bb | /lib/cpp -P -nostdinc -traditional-cpp -DUSE_NETCDF4_FEATURES -DWRFIO_NCD_LARGE_FILE_SUPPORT > module_input_chem_data.f90
rm -f module_input_chem_data.G module_input_chem_data.bb
time mpif90 -f90=ifort -o module_input_chem_data.o -c -O3 -ip -fp-model precise -w -ftz -align all -fno-alias -FR -convert big_endian    -I../dyn_em  -I/glade/work/chenlan/WRFmodel/WRF-GOCART-MP/external/esmf_time_f90  -I/glade/work/chenlan/WRFmodel/WRF-GOCART-MP/main -I/glade/work/chenlan/WRFmodel/WRF-GOCART-MP/external/io_netcdf -I/glade/work/chenlan/WRFmodel/WRF-GOCART-MP/external/io_int -I/glade/work/chenlan/WRFmodel/WRF-GOCART-MP/frame -I/glade/work/chenlan/WRFmodel/WRF-GOCART-MP/share -I/glade/work/chenlan/WRFmodel/WRF-GOCART-MP/phys -I/glade/work/chenlan/WRFmodel/WRF-GOCART-MP/wrftladj -I/glade/work/chenlan/WRFmodel/WRF-GOCART-MP/chem -I/glade/work/chenlan/WRFmodel/WRF-GOCART-MP/inc -I/glade/work/epicufsrt/contrib/spack-stack/derecho/spack-stack-1.8.0/envs/ue-intel-2021.10.0/install/intel/2021.10.0/netcdf-fortran-4.6.1-kmm6hoj/include  -real-size `expr 8 \* 4` -i4  module_input_chem_data.f90
rm -f module_cbm4_initmixrats.o
sed -e "s/^\!.*'.*//" -e "s/^ *\!.*'.*//" module_cbm4_initmixrats.F > module_cbm4_initmixrats.G
/lib/cpp -P -nostdinc -I/glade/work/chenlan/WRFmodel/WRF-GOCART-MP/inc -DEM_CORE=1 -DNMM_CORE=0 -DNMM_MAX_DIM=2600 -DDA_CORE=0 -DWRFPLUS=0 -DIWORDSIZE=4 -DDWORDSIZE=8 -DRWORDSIZE=4 -DLWORDSIZE=4 -DNONSTANDARD_SYSTEM_FUNC  -DWRF_USE_CLM -DUSE_NETCDF4_FEATURES -DWRFIO_NCD_LARGE_FILE_SUPPORT  -DDM_PARALLEL -DNETCDF -DHDF5 -DLANDREAD_STUB=1 -DUSE_ALLOCATABLES -Dwrfmodel -DGRIB1 -DINTIO -DKEEP_INT_AROUND -DLIMIT_ARGS -DBUILD_RRTMG_FAST=0 -DBUILD_RRTMK=0 -DBUILD_SBM_FAST=1 -DSHOW_ALL_VARS_USED=0 -DCONFIG_BUF_LEN=65536 -DMAX_DOMAINS_F=21 -DMAX_HISTORY=25 -DNMM_NEST=0 -DWRF_CHEM -DBUILD_CHEM=1 -DWRF_KPP -I. -traditional-cpp -DUSE_NETCDF4_FEATURES -DWRFIO_NCD_LARGE_FILE_SUPPORT   module_cbm4_initmixrats.G  > module_cbm4_initmixrats.bb
/glade/work/chenlan/WRFmodel/WRF-GOCART-MP/tools/standard.exe module_cbm4_initmixrats.bb | /lib/cpp -P -nostdinc -traditional-cpp -DUSE_NETCDF4_FEATURES -DWRFIO_NCD_LARGE_FILE_SUPPORT > module_cbm4_initmixrats.f90
rm -f module_cbm4_initmixrats.G module_cbm4_initmixrats.bb
time mpif90 -f90=ifort -o module_cbm4_initmixrats.o -c -O3 -ip -fp-model precise -w -ftz -align all -fno-alias -FR -convert big_endian    -I../dyn_em  -I/glade/work/chenlan/WRFmodel/WRF-GOCART-MP/external/esmf_time_f90  -I/glade/work/chenlan/WRFmodel/WRF-GOCART-MP/main -I/glade/work/chenlan/WRFmodel/WRF-GOCART-MP/external/io_netcdf -I/glade/work/chenlan/WRFmodel/WRF-GOCART-MP/external/io_int -I/glade/work/chenlan/WRFmodel/WRF-GOCART-MP/frame -I/glade/work/chenlan/WRFmodel/WRF-GOCART-MP/share -I/glade/work/chenlan/WRFmodel/WRF-GOCART-MP/phys -I/glade/work/chenlan/WRFmodel/WRF-GOCART-MP/wrftladj -I/glade/work/chenlan/WRFmodel/WRF-GOCART-MP/chem -I/glade/work/chenlan/WRFmodel/WRF-GOCART-MP/inc -I/glade/work/epicufsrt/contrib/spack-stack/derecho/spack-stack-1.8.0/envs/ue-intel-2021.10.0/install/intel/2021.10.0/netcdf-fortran-4.6.1-kmm6hoj/include  -real-size `expr 8 \* 4` -i4  module_cbm4_initmixrats.f90
rm -f module_cb05_initmixrats.o
sed -e "s/^\!.*'.*//" -e "s/^ *\!.*'.*//" module_cb05_initmixrats.F > module_cb05_initmixrats.G
/lib/cpp -P -nostdinc -I/glade/work/chenlan/WRFmodel/WRF-GOCART-MP/inc -DEM_CORE=1 -DNMM_CORE=0 -DNMM_MAX_DIM=2600 -DDA_CORE=0 -DWRFPLUS=0 -DIWORDSIZE=4 -DDWORDSIZE=8 -DRWORDSIZE=4 -DLWORDSIZE=4 -DNONSTANDARD_SYSTEM_FUNC  -DWRF_USE_CLM -DUSE_NETCDF4_FEATURES -DWRFIO_NCD_LARGE_FILE_SUPPORT  -DDM_PARALLEL -DNETCDF -DHDF5 -DLANDREAD_STUB=1 -DUSE_ALLOCATABLES -Dwrfmodel -DGRIB1 -DINTIO -DKEEP_INT_AROUND -DLIMIT_ARGS -DBUILD_RRTMG_FAST=0 -DBUILD_RRTMK=0 -DBUILD_SBM_FAST=1 -DSHOW_ALL_VARS_USED=0 -DCONFIG_BUF_LEN=65536 -DMAX_DOMAINS_F=21 -DMAX_HISTORY=25 -DNMM_NEST=0 -DWRF_CHEM -DBUILD_CHEM=1 -DWRF_KPP -I. -traditional-cpp -DUSE_NETCDF4_FEATURES -DWRFIO_NCD_LARGE_FILE_SUPPORT   module_cb05_initmixrats.G  > module_cb05_initmixrats.bb
/glade/work/chenlan/WRFmodel/WRF-GOCART-MP/tools/standard.exe module_cb05_initmixrats.bb | /lib/cpp -P -nostdinc -traditional-cpp -DUSE_NETCDF4_FEATURES -DWRFIO_NCD_LARGE_FILE_SUPPORT > module_cb05_initmixrats.f90
rm -f module_cb05_initmixrats.G module_cb05_initmixrats.bb
time mpif90 -f90=ifort -o module_cb05_initmixrats.o -c -O3 -ip -fp-model precise -w -ftz -align all -fno-alias -FR -convert big_endian    -I../dyn_em  -I/glade/work/chenlan/WRFmodel/WRF-GOCART-MP/external/esmf_time_f90  -I/glade/work/chenlan/WRFmodel/WRF-GOCART-MP/main -I/glade/work/chenlan/WRFmodel/WRF-GOCART-MP/external/io_netcdf -I/glade/work/chenlan/WRFmodel/WRF-GOCART-MP/external/io_int -I/glade/work/chenlan/WRFmodel/WRF-GOCART-MP/frame -I/glade/work/chenlan/WRFmodel/WRF-GOCART-MP/share -I/glade/work/chenlan/WRFmodel/WRF-GOCART-MP/phys -I/glade/work/chenlan/WRFmodel/WRF-GOCART-MP/wrftladj -I/glade/work/chenlan/WRFmodel/WRF-GOCART-MP/chem -I/glade/work/chenlan/WRFmodel/WRF-GOCART-MP/inc -I/glade/work/epicufsrt/contrib/spack-stack/derecho/spack-stack-1.8.0/envs/ue-intel-2021.10.0/install/intel/2021.10.0/netcdf-fortran-4.6.1-kmm6hoj/include  -real-size `expr 8 \* 4` -i4  module_cb05_initmixrats.f90
rm -f module_cb05_vbs_initmixrats.o
sed -e "s/^\!.*'.*//" -e "s/^ *\!.*'.*//" module_cb05_vbs_initmixrats.F > module_cb05_vbs_initmixrats.G
/lib/cpp -P -nostdinc -I/glade/work/chenlan/WRFmodel/WRF-GOCART-MP/inc -DEM_CORE=1 -DNMM_CORE=0 -DNMM_MAX_DIM=2600 -DDA_CORE=0 -DWRFPLUS=0 -DIWORDSIZE=4 -DDWORDSIZE=8 -DRWORDSIZE=4 -DLWORDSIZE=4 -DNONSTANDARD_SYSTEM_FUNC  -DWRF_USE_CLM -DUSE_NETCDF4_FEATURES -DWRFIO_NCD_LARGE_FILE_SUPPORT  -DDM_PARALLEL -DNETCDF -DHDF5 -DLANDREAD_STUB=1 -DUSE_ALLOCATABLES -Dwrfmodel -DGRIB1 -DINTIO -DKEEP_INT_AROUND -DLIMIT_ARGS -DBUILD_RRTMG_FAST=0 -DBUILD_RRTMK=0 -DBUILD_SBM_FAST=1 -DSHOW_ALL_VARS_USED=0 -DCONFIG_BUF_LEN=65536 -DMAX_DOMAINS_F=21 -DMAX_HISTORY=25 -DNMM_NEST=0 -DWRF_CHEM -DBUILD_CHEM=1 -DWRF_KPP -I. -traditional-cpp -DUSE_NETCDF4_FEATURES -DWRFIO_NCD_LARGE_FILE_SUPPORT   module_cb05_vbs_initmixrats.G  > module_cb05_vbs_initmixrats.bb
/glade/work/chenlan/WRFmodel/WRF-GOCART-MP/tools/standard.exe module_cb05_vbs_initmixrats.bb | /lib/cpp -P -nostdinc -traditional-cpp -DUSE_NETCDF4_FEATURES -DWRFIO_NCD_LARGE_FILE_SUPPORT > module_cb05_vbs_initmixrats.f90
rm -f module_cb05_vbs_initmixrats.G module_cb05_vbs_initmixrats.bb
time mpif90 -f90=ifort -o module_cb05_vbs_initmixrats.o -c -O3 -ip -fp-model precise -w -ftz -align all -fno-alias -FR -convert big_endian    -I../dyn_em  -I/glade/work/chenlan/WRFmodel/WRF-GOCART-MP/external/esmf_time_f90  -I/glade/work/chenlan/WRFmodel/WRF-GOCART-MP/main -I/glade/work/chenlan/WRFmodel/WRF-GOCART-MP/external/io_netcdf -I/glade/work/chenlan/WRFmodel/WRF-GOCART-MP/external/io_int -I/glade/work/chenlan/WRFmodel/WRF-GOCART-MP/frame -I/glade/work/chenlan/WRFmodel/WRF-GOCART-MP/share -I/glade/work/chenlan/WRFmodel/WRF-GOCART-MP/phys -I/glade/work/chenlan/WRFmodel/WRF-GOCART-MP/wrftladj -I/glade/work/chenlan/WRFmodel/WRF-GOCART-MP/chem -I/glade/work/chenlan/WRFmodel/WRF-GOCART-MP/inc -I/glade/work/epicufsrt/contrib/spack-stack/derecho/spack-stack-1.8.0/envs/ue-intel-2021.10.0/install/intel/2021.10.0/netcdf-fortran-4.6.1-kmm6hoj/include  -real-size `expr 8 \* 4` -i4  module_cb05_vbs_initmixrats.f90
rm -f module_cbmz_initmixrats.o
sed -e "s/^\!.*'.*//" -e "s/^ *\!.*'.*//" module_cbmz_initmixrats.F > module_cbmz_initmixrats.G
/lib/cpp -P -nostdinc -I/glade/work/chenlan/WRFmodel/WRF-GOCART-MP/inc -DEM_CORE=1 -DNMM_CORE=0 -DNMM_MAX_DIM=2600 -DDA_CORE=0 -DWRFPLUS=0 -DIWORDSIZE=4 -DDWORDSIZE=8 -DRWORDSIZE=4 -DLWORDSIZE=4 -DNONSTANDARD_SYSTEM_FUNC  -DWRF_USE_CLM -DUSE_NETCDF4_FEATURES -DWRFIO_NCD_LARGE_FILE_SUPPORT  -DDM_PARALLEL -DNETCDF -DHDF5 -DLANDREAD_STUB=1 -DUSE_ALLOCATABLES -Dwrfmodel -DGRIB1 -DINTIO -DKEEP_INT_AROUND -DLIMIT_ARGS -DBUILD_RRTMG_FAST=0 -DBUILD_RRTMK=0 -DBUILD_SBM_FAST=1 -DSHOW_ALL_VARS_USED=0 -DCONFIG_BUF_LEN=65536 -DMAX_DOMAINS_F=21 -DMAX_HISTORY=25 -DNMM_NEST=0 -DWRF_CHEM -DBUILD_CHEM=1 -DWRF_KPP -I. -traditional-cpp -DUSE_NETCDF4_FEATURES -DWRFIO_NCD_LARGE_FILE_SUPPORT   module_cbmz_initmixrats.G  > module_cbmz_initmixrats.bb
/glade/work/chenlan/WRFmodel/WRF-GOCART-MP/tools/standard.exe module_cbmz_initmixrats.bb | /lib/cpp -P -nostdinc -traditional-cpp -DUSE_NETCDF4_FEATURES -DWRFIO_NCD_LARGE_FILE_SUPPORT > module_cbmz_initmixrats.f90
rm -f module_cbmz_initmixrats.G module_cbmz_initmixrats.bb
time mpif90 -f90=ifort -o module_cbmz_initmixrats.o -c -O3 -ip -fp-model precise -w -ftz -align all -fno-alias -FR -convert big_endian    -I../dyn_em  -I/glade/work/chenlan/WRFmodel/WRF-GOCART-MP/external/esmf_time_f90  -I/glade/work/chenlan/WRFmodel/WRF-GOCART-MP/main -I/glade/work/chenlan/WRFmodel/WRF-GOCART-MP/external/io_netcdf -I/glade/work/chenlan/WRFmodel/WRF-GOCART-MP/external/io_int -I/glade/work/chenlan/WRFmodel/WRF-GOCART-MP/frame -I/glade/work/chenlan/WRFmodel/WRF-GOCART-MP/share -I/glade/work/chenlan/WRFmodel/WRF-GOCART-MP/phys -I/glade/work/chenlan/WRFmodel/WRF-GOCART-MP/wrftladj -I/glade/work/chenlan/WRFmodel/WRF-GOCART-MP/chem -I/glade/work/chenlan/WRFmodel/WRF-GOCART-MP/inc -I/glade/work/epicufsrt/contrib/spack-stack/derecho/spack-stack-1.8.0/envs/ue-intel-2021.10.0/install/intel/2021.10.0/netcdf-fortran-4.6.1-kmm6hoj/include  -real-size `expr 8 \* 4` -i4  module_cbmz_initmixrats.f90
rm -f module_ctrans_grell.o
sed -e "s/^\!.*'.*//" -e "s/^ *\!.*'.*//" module_ctrans_grell.F > module_ctrans_grell.G
/lib/cpp -P -nostdinc -I/glade/work/chenlan/WRFmodel/WRF-GOCART-MP/inc -DEM_CORE=1 -DNMM_CORE=0 -DNMM_MAX_DIM=2600 -DDA_CORE=0 -DWRFPLUS=0 -DIWORDSIZE=4 -DDWORDSIZE=8 -DRWORDSIZE=4 -DLWORDSIZE=4 -DNONSTANDARD_SYSTEM_FUNC  -DWRF_USE_CLM -DUSE_NETCDF4_FEATURES -DWRFIO_NCD_LARGE_FILE_SUPPORT  -DDM_PARALLEL -DNETCDF -DHDF5 -DLANDREAD_STUB=1 -DUSE_ALLOCATABLES -Dwrfmodel -DGRIB1 -DINTIO -DKEEP_INT_AROUND -DLIMIT_ARGS -DBUILD_RRTMG_FAST=0 -DBUILD_RRTMK=0 -DBUILD_SBM_FAST=1 -DSHOW_ALL_VARS_USED=0 -DCONFIG_BUF_LEN=65536 -DMAX_DOMAINS_F=21 -DMAX_HISTORY=25 -DNMM_NEST=0 -DWRF_CHEM -DBUILD_CHEM=1 -DWRF_KPP -I. -traditional-cpp -DUSE_NETCDF4_FEATURES -DWRFIO_NCD_LARGE_FILE_SUPPORT   module_ctrans_grell.G  > module_ctrans_grell.bb
/glade/work/chenlan/WRFmodel/WRF-GOCART-MP/tools/standard.exe module_ctrans_grell.bb | /lib/cpp -P -nostdinc -traditional-cpp -DUSE_NETCDF4_FEATURES -DWRFIO_NCD_LARGE_FILE_SUPPORT > module_ctrans_grell.f90
rm -f module_ctrans_grell.G module_ctrans_grell.bb
time mpif90 -f90=ifort -o module_ctrans_grell.o -c -O3 -ip -fp-model precise -w -ftz -align all -fno-alias -FR -convert big_endian    -I../dyn_em  -I/glade/work/chenlan/WRFmodel/WRF-GOCART-MP/external/esmf_time_f90  -I/glade/work/chenlan/WRFmodel/WRF-GOCART-MP/main -I/glade/work/chenlan/WRFmodel/WRF-GOCART-MP/external/io_netcdf -I/glade/work/chenlan/WRFmodel/WRF-GOCART-MP/external/io_int -I/glade/work/chenlan/WRFmodel/WRF-GOCART-MP/frame -I/glade/work/chenlan/WRFmodel/WRF-GOCART-MP/share -I/glade/work/chenlan/WRFmodel/WRF-GOCART-MP/phys -I/glade/work/chenlan/WRFmodel/WRF-GOCART-MP/wrftladj -I/glade/work/chenlan/WRFmodel/WRF-GOCART-MP/chem -I/glade/work/chenlan/WRFmodel/WRF-GOCART-MP/inc -I/glade/work/epicufsrt/contrib/spack-stack/derecho/spack-stack-1.8.0/envs/ue-intel-2021.10.0/install/intel/2021.10.0/netcdf-fortran-4.6.1-kmm6hoj/include  -real-size `expr 8 \* 4` -i4  module_ctrans_grell.f90
rm -f module_input_tracer.o
sed -e "s/^\!.*'.*//" -e "s/^ *\!.*'.*//" module_input_tracer.F > module_input_tracer.G
/lib/cpp -P -nostdinc -I/glade/work/chenlan/WRFmodel/WRF-GOCART-MP/inc -DEM_CORE=1 -DNMM_CORE=0 -DNMM_MAX_DIM=2600 -DDA_CORE=0 -DWRFPLUS=0 -DIWORDSIZE=4 -DDWORDSIZE=8 -DRWORDSIZE=4 -DLWORDSIZE=4 -DNONSTANDARD_SYSTEM_FUNC  -DWRF_USE_CLM -DUSE_NETCDF4_FEATURES -DWRFIO_NCD_LARGE_FILE_SUPPORT  -DDM_PARALLEL -DNETCDF -DHDF5 -DLANDREAD_STUB=1 -DUSE_ALLOCATABLES -Dwrfmodel -DGRIB1 -DINTIO -DKEEP_INT_AROUND -DLIMIT_ARGS -DBUILD_RRTMG_FAST=0 -DBUILD_RRTMK=0 -DBUILD_SBM_FAST=1 -DSHOW_ALL_VARS_USED=0 -DCONFIG_BUF_LEN=65536 -DMAX_DOMAINS_F=21 -DMAX_HISTORY=25 -DNMM_NEST=0 -DWRF_CHEM -DBUILD_CHEM=1 -DWRF_KPP -I. -traditional-cpp -DUSE_NETCDF4_FEATURES -DWRFIO_NCD_LARGE_FILE_SUPPORT   module_input_tracer.G  > module_input_tracer.bb
/glade/work/chenlan/WRFmodel/WRF-GOCART-MP/tools/standard.exe module_input_tracer.bb | /lib/cpp -P -nostdinc -traditional-cpp -DUSE_NETCDF4_FEATURES -DWRFIO_NCD_LARGE_FILE_SUPPORT > module_input_tracer.f90
rm -f module_input_tracer.G module_input_tracer.bb
time mpif90 -f90=ifort -o module_input_tracer.o -c -O3 -ip -fp-model precise -w -ftz -align all -fno-alias -FR -convert big_endian    -I../dyn_em  -I/glade/work/chenlan/WRFmodel/WRF-GOCART-MP/external/esmf_time_f90  -I/glade/work/chenlan/WRFmodel/WRF-GOCART-MP/main -I/glade/work/chenlan/WRFmodel/WRF-GOCART-MP/external/io_netcdf -I/glade/work/chenlan/WRFmodel/WRF-GOCART-MP/external/io_int -I/glade/work/chenlan/WRFmodel/WRF-GOCART-MP/frame -I/glade/work/chenlan/WRFmodel/WRF-GOCART-MP/share -I/glade/work/chenlan/WRFmodel/WRF-GOCART-MP/phys -I/glade/work/chenlan/WRFmodel/WRF-GOCART-MP/wrftladj -I/glade/work/chenlan/WRFmodel/WRF-GOCART-MP/chem -I/glade/work/chenlan/WRFmodel/WRF-GOCART-MP/inc -I/glade/work/epicufsrt/contrib/spack-stack/derecho/spack-stack-1.8.0/envs/ue-intel-2021.10.0/install/intel/2021.10.0/netcdf-fortran-4.6.1-kmm6hoj/include  -real-size `expr 8 \* 4` -i4  module_input_tracer.f90
rm -f module_mixactivate_wrappers.o
sed -e "s/^\!.*'.*//" -e "s/^ *\!.*'.*//" module_mixactivate_wrappers.F > module_mixactivate_wrappers.G
/lib/cpp -P -nostdinc -I/glade/work/chenlan/WRFmodel/WRF-GOCART-MP/inc -DEM_CORE=1 -DNMM_CORE=0 -DNMM_MAX_DIM=2600 -DDA_CORE=0 -DWRFPLUS=0 -DIWORDSIZE=4 -DDWORDSIZE=8 -DRWORDSIZE=4 -DLWORDSIZE=4 -DNONSTANDARD_SYSTEM_FUNC  -DWRF_USE_CLM -DUSE_NETCDF4_FEATURES -DWRFIO_NCD_LARGE_FILE_SUPPORT  -DDM_PARALLEL -DNETCDF -DHDF5 -DLANDREAD_STUB=1 -DUSE_ALLOCATABLES -Dwrfmodel -DGRIB1 -DINTIO -DKEEP_INT_AROUND -DLIMIT_ARGS -DBUILD_RRTMG_FAST=0 -DBUILD_RRTMK=0 -DBUILD_SBM_FAST=1 -DSHOW_ALL_VARS_USED=0 -DCONFIG_BUF_LEN=65536 -DMAX_DOMAINS_F=21 -DMAX_HISTORY=25 -DNMM_NEST=0 -DWRF_CHEM -DBUILD_CHEM=1 -DWRF_KPP -I. -traditional-cpp -DUSE_NETCDF4_FEATURES -DWRFIO_NCD_LARGE_FILE_SUPPORT   module_mixactivate_wrappers.G  > module_mixactivate_wrappers.bb
/glade/work/chenlan/WRFmodel/WRF-GOCART-MP/tools/standard.exe module_mixactivate_wrappers.bb | /lib/cpp -P -nostdinc -traditional-cpp -DUSE_NETCDF4_FEATURES -DWRFIO_NCD_LARGE_FILE_SUPPORT > module_mixactivate_wrappers.f90
rm -f module_mixactivate_wrappers.G module_mixactivate_wrappers.bb
time mpif90 -f90=ifort -o module_mixactivate_wrappers.o -c -O3 -ip -fp-model precise -w -ftz -align all -fno-alias -FR -convert big_endian    -I../dyn_em  -I/glade/work/chenlan/WRFmodel/WRF-GOCART-MP/external/esmf_time_f90  -I/glade/work/chenlan/WRFmodel/WRF-GOCART-MP/main -I/glade/work/chenlan/WRFmodel/WRF-GOCART-MP/external/io_netcdf -I/glade/work/chenlan/WRFmodel/WRF-GOCART-MP/external/io_int -I/glade/work/chenlan/WRFmodel/WRF-GOCART-MP/frame -I/glade/work/chenlan/WRFmodel/WRF-GOCART-MP/share -I/glade/work/chenlan/WRFmodel/WRF-GOCART-MP/phys -I/glade/work/chenlan/WRFmodel/WRF-GOCART-MP/wrftladj -I/glade/work/chenlan/WRFmodel/WRF-GOCART-MP/chem -I/glade/work/chenlan/WRFmodel/WRF-GOCART-MP/inc -I/glade/work/epicufsrt/contrib/spack-stack/derecho/spack-stack-1.8.0/envs/ue-intel-2021.10.0/install/intel/2021.10.0/netcdf-fortran-4.6.1-kmm6hoj/include  -real-size `expr 8 \* 4` -i4  module_mixactivate_wrappers.f90
rm -f module_cam_mam_wetscav.o
sed -e "s/^\!.*'.*//" -e "s/^ *\!.*'.*//" module_cam_mam_wetscav.F > module_cam_mam_wetscav.G
/lib/cpp -P -nostdinc -I/glade/work/chenlan/WRFmodel/WRF-GOCART-MP/inc -DEM_CORE=1 -DNMM_CORE=0 -DNMM_MAX_DIM=2600 -DDA_CORE=0 -DWRFPLUS=0 -DIWORDSIZE=4 -DDWORDSIZE=8 -DRWORDSIZE=4 -DLWORDSIZE=4 -DNONSTANDARD_SYSTEM_FUNC  -DWRF_USE_CLM -DUSE_NETCDF4_FEATURES -DWRFIO_NCD_LARGE_FILE_SUPPORT  -DDM_PARALLEL -DNETCDF -DHDF5 -DLANDREAD_STUB=1 -DUSE_ALLOCATABLES -Dwrfmodel -DGRIB1 -DINTIO -DKEEP_INT_AROUND -DLIMIT_ARGS -DBUILD_RRTMG_FAST=0 -DBUILD_RRTMK=0 -DBUILD_SBM_FAST=1 -DSHOW_ALL_VARS_USED=0 -DCONFIG_BUF_LEN=65536 -DMAX_DOMAINS_F=21 -DMAX_HISTORY=25 -DNMM_NEST=0 -DWRF_CHEM -DBUILD_CHEM=1 -DWRF_KPP -I. -traditional-cpp -DUSE_NETCDF4_FEATURES -DWRFIO_NCD_LARGE_FILE_SUPPORT   module_cam_mam_wetscav.G  > module_cam_mam_wetscav.bb
/glade/work/chenlan/WRFmodel/WRF-GOCART-MP/tools/standard.exe module_cam_mam_wetscav.bb | /lib/cpp -P -nostdinc -traditional-cpp -DUSE_NETCDF4_FEATURES -DWRFIO_NCD_LARGE_FILE_SUPPORT > module_cam_mam_wetscav.f90
rm -f module_cam_mam_wetscav.G module_cam_mam_wetscav.bb
time mpif90 -f90=ifort -o module_cam_mam_wetscav.o -c -O3 -ip -fp-model precise -w -ftz -align all -fno-alias -FR -convert big_endian    -I../dyn_em  -I/glade/work/chenlan/WRFmodel/WRF-GOCART-MP/external/esmf_time_f90  -I/glade/work/chenlan/WRFmodel/WRF-GOCART-MP/main -I/glade/work/chenlan/WRFmodel/WRF-GOCART-MP/external/io_netcdf -I/glade/work/chenlan/WRFmodel/WRF-GOCART-MP/external/io_int -I/glade/work/chenlan/WRFmodel/WRF-GOCART-MP/frame -I/glade/work/chenlan/WRFmodel/WRF-GOCART-MP/share -I/glade/work/chenlan/WRFmodel/WRF-GOCART-MP/phys -I/glade/work/chenlan/WRFmodel/WRF-GOCART-MP/wrftladj -I/glade/work/chenlan/WRFmodel/WRF-GOCART-MP/chem -I/glade/work/chenlan/WRFmodel/WRF-GOCART-MP/inc -I/glade/work/epicufsrt/contrib/spack-stack/derecho/spack-stack-1.8.0/envs/ue-intel-2021.10.0/install/intel/2021.10.0/netcdf-fortran-4.6.1-kmm6hoj/include  -real-size `expr 8 \* 4` -i4  module_cam_mam_wetscav.f90
rm -f module_wetscav_driver.o
sed -e "s/^\!.*'.*//" -e "s/^ *\!.*'.*//" module_wetscav_driver.F > module_wetscav_driver.G
/lib/cpp -P -nostdinc -I/glade/work/chenlan/WRFmodel/WRF-GOCART-MP/inc -DEM_CORE=1 -DNMM_CORE=0 -DNMM_MAX_DIM=2600 -DDA_CORE=0 -DWRFPLUS=0 -DIWORDSIZE=4 -DDWORDSIZE=8 -DRWORDSIZE=4 -DLWORDSIZE=4 -DNONSTANDARD_SYSTEM_FUNC  -DWRF_USE_CLM -DUSE_NETCDF4_FEATURES -DWRFIO_NCD_LARGE_FILE_SUPPORT  -DDM_PARALLEL -DNETCDF -DHDF5 -DLANDREAD_STUB=1 -DUSE_ALLOCATABLES -Dwrfmodel -DGRIB1 -DINTIO -DKEEP_INT_AROUND -DLIMIT_ARGS -DBUILD_RRTMG_FAST=0 -DBUILD_RRTMK=0 -DBUILD_SBM_FAST=1 -DSHOW_ALL_VARS_USED=0 -DCONFIG_BUF_LEN=65536 -DMAX_DOMAINS_F=21 -DMAX_HISTORY=25 -DNMM_NEST=0 -DWRF_CHEM -DBUILD_CHEM=1 -DWRF_KPP -I. -traditional-cpp -DUSE_NETCDF4_FEATURES -DWRFIO_NCD_LARGE_FILE_SUPPORT   module_wetscav_driver.G  > module_wetscav_driver.bb
/glade/work/chenlan/WRFmodel/WRF-GOCART-MP/tools/standard.exe module_wetscav_driver.bb | /lib/cpp -P -nostdinc -traditional-cpp -DUSE_NETCDF4_FEATURES -DWRFIO_NCD_LARGE_FILE_SUPPORT > module_wetscav_driver.f90
rm -f module_wetscav_driver.G module_wetscav_driver.bb
time mpif90 -f90=ifort -o module_wetscav_driver.o -c -O3 -ip -fp-model precise -w -ftz -align all -fno-alias -FR -convert big_endian    -I../dyn_em  -I/glade/work/chenlan/WRFmodel/WRF-GOCART-MP/external/esmf_time_f90  -I/glade/work/chenlan/WRFmodel/WRF-GOCART-MP/main -I/glade/work/chenlan/WRFmodel/WRF-GOCART-MP/external/io_netcdf -I/glade/work/chenlan/WRFmodel/WRF-GOCART-MP/external/io_int -I/glade/work/chenlan/WRFmodel/WRF-GOCART-MP/frame -I/glade/work/chenlan/WRFmodel/WRF-GOCART-MP/share -I/glade/work/chenlan/WRFmodel/WRF-GOCART-MP/phys -I/glade/work/chenlan/WRFmodel/WRF-GOCART-MP/wrftladj -I/glade/work/chenlan/WRFmodel/WRF-GOCART-MP/chem -I/glade/work/chenlan/WRFmodel/WRF-GOCART-MP/inc -I/glade/work/epicufsrt/contrib/spack-stack/derecho/spack-stack-1.8.0/envs/ue-intel-2021.10.0/install/intel/2021.10.0/netcdf-fortran-4.6.1-kmm6hoj/include  -real-size `expr 8 \* 4` -i4  module_wetscav_driver.f90
rm -f module_cam_mam_addemiss.o
sed -e "s/^\!.*'.*//" -e "s/^ *\!.*'.*//" module_cam_mam_addemiss.F > module_cam_mam_addemiss.G
/lib/cpp -P -nostdinc -I/glade/work/chenlan/WRFmodel/WRF-GOCART-MP/inc -DEM_CORE=1 -DNMM_CORE=0 -DNMM_MAX_DIM=2600 -DDA_CORE=0 -DWRFPLUS=0 -DIWORDSIZE=4 -DDWORDSIZE=8 -DRWORDSIZE=4 -DLWORDSIZE=4 -DNONSTANDARD_SYSTEM_FUNC  -DWRF_USE_CLM -DUSE_NETCDF4_FEATURES -DWRFIO_NCD_LARGE_FILE_SUPPORT  -DDM_PARALLEL -DNETCDF -DHDF5 -DLANDREAD_STUB=1 -DUSE_ALLOCATABLES -Dwrfmodel -DGRIB1 -DINTIO -DKEEP_INT_AROUND -DLIMIT_ARGS -DBUILD_RRTMG_FAST=0 -DBUILD_RRTMK=0 -DBUILD_SBM_FAST=1 -DSHOW_ALL_VARS_USED=0 -DCONFIG_BUF_LEN=65536 -DMAX_DOMAINS_F=21 -DMAX_HISTORY=25 -DNMM_NEST=0 -DWRF_CHEM -DBUILD_CHEM=1 -DWRF_KPP -I. -traditional-cpp -DUSE_NETCDF4_FEATURES -DWRFIO_NCD_LARGE_FILE_SUPPORT   module_cam_mam_addemiss.G  > module_cam_mam_addemiss.bb
/glade/work/chenlan/WRFmodel/WRF-GOCART-MP/tools/standard.exe module_cam_mam_addemiss.bb | /lib/cpp -P -nostdinc -traditional-cpp -DUSE_NETCDF4_FEATURES -DWRFIO_NCD_LARGE_FILE_SUPPORT > module_cam_mam_addemiss.f90
rm -f module_cam_mam_addemiss.G module_cam_mam_addemiss.bb
time mpif90 -f90=ifort -o module_cam_mam_addemiss.o -c -O3 -ip -fp-model precise -w -ftz -align all -fno-alias -FR -convert big_endian    -I../dyn_em  -I/glade/work/chenlan/WRFmodel/WRF-GOCART-MP/external/esmf_time_f90  -I/glade/work/chenlan/WRFmodel/WRF-GOCART-MP/main -I/glade/work/chenlan/WRFmodel/WRF-GOCART-MP/external/io_netcdf -I/glade/work/chenlan/WRFmodel/WRF-GOCART-MP/external/io_int -I/glade/work/chenlan/WRFmodel/WRF-GOCART-MP/frame -I/glade/work/chenlan/WRFmodel/WRF-GOCART-MP/share -I/glade/work/chenlan/WRFmodel/WRF-GOCART-MP/phys -I/glade/work/chenlan/WRFmodel/WRF-GOCART-MP/wrftladj -I/glade/work/chenlan/WRFmodel/WRF-GOCART-MP/chem -I/glade/work/chenlan/WRFmodel/WRF-GOCART-MP/inc -I/glade/work/epicufsrt/contrib/spack-stack/derecho/spack-stack-1.8.0/envs/ue-intel-2021.10.0/install/intel/2021.10.0/netcdf-fortran-4.6.1-kmm6hoj/include  -real-size `expr 8 \* 4` -i4  module_cam_mam_addemiss.f90
rm -f chemics_init.o
sed -e "s/^\!.*'.*//" -e "s/^ *\!.*'.*//" chemics_init.F > chemics_init.G
/lib/cpp -P -nostdinc -I/glade/work/chenlan/WRFmodel/WRF-GOCART-MP/inc -DEM_CORE=1 -DNMM_CORE=0 -DNMM_MAX_DIM=2600 -DDA_CORE=0 -DWRFPLUS=0 -DIWORDSIZE=4 -DDWORDSIZE=8 -DRWORDSIZE=4 -DLWORDSIZE=4 -DNONSTANDARD_SYSTEM_FUNC  -DWRF_USE_CLM -DUSE_NETCDF4_FEATURES -DWRFIO_NCD_LARGE_FILE_SUPPORT  -DDM_PARALLEL -DNETCDF -DHDF5 -DLANDREAD_STUB=1 -DUSE_ALLOCATABLES -Dwrfmodel -DGRIB1 -DINTIO -DKEEP_INT_AROUND -DLIMIT_ARGS -DBUILD_RRTMG_FAST=0 -DBUILD_RRTMK=0 -DBUILD_SBM_FAST=1 -DSHOW_ALL_VARS_USED=0 -DCONFIG_BUF_LEN=65536 -DMAX_DOMAINS_F=21 -DMAX_HISTORY=25 -DNMM_NEST=0 -DWRF_CHEM -DBUILD_CHEM=1 -DWRF_KPP -I. -traditional-cpp -DUSE_NETCDF4_FEATURES -DWRFIO_NCD_LARGE_FILE_SUPPORT   chemics_init.G  > chemics_init.bb
/glade/work/chenlan/WRFmodel/WRF-GOCART-MP/tools/standard.exe chemics_init.bb | /lib/cpp -P -nostdinc -traditional-cpp -DUSE_NETCDF4_FEATURES -DWRFIO_NCD_LARGE_FILE_SUPPORT > chemics_init.f90
rm -f chemics_init.G chemics_init.bb
time mpif90 -f90=ifort -o chemics_init.o -c -O3 -ip -fp-model precise -w -ftz -align all -fno-alias -FR -convert big_endian    -I../dyn_em  -I/glade/work/chenlan/WRFmodel/WRF-GOCART-MP/external/esmf_time_f90  -I/glade/work/chenlan/WRFmodel/WRF-GOCART-MP/main -I/glade/work/chenlan/WRFmodel/WRF-GOCART-MP/external/io_netcdf -I/glade/work/chenlan/WRFmodel/WRF-GOCART-MP/external/io_int -I/glade/work/chenlan/WRFmodel/WRF-GOCART-MP/frame -I/glade/work/chenlan/WRFmodel/WRF-GOCART-MP/share -I/glade/work/chenlan/WRFmodel/WRF-GOCART-MP/phys -I/glade/work/chenlan/WRFmodel/WRF-GOCART-MP/wrftladj -I/glade/work/chenlan/WRFmodel/WRF-GOCART-MP/chem -I/glade/work/chenlan/WRFmodel/WRF-GOCART-MP/inc -I/glade/work/epicufsrt/contrib/spack-stack/derecho/spack-stack-1.8.0/envs/ue-intel-2021.10.0/install/intel/2021.10.0/netcdf-fortran-4.6.1-kmm6hoj/include  -real-size `expr 8 \* 4` -i4  chemics_init.f90
rm -f dry_dep_driver.o
sed -e "s/^\!.*'.*//" -e "s/^ *\!.*'.*//" dry_dep_driver.F > dry_dep_driver.G
/lib/cpp -P -nostdinc -I/glade/work/chenlan/WRFmodel/WRF-GOCART-MP/inc -DEM_CORE=1 -DNMM_CORE=0 -DNMM_MAX_DIM=2600 -DDA_CORE=0 -DWRFPLUS=0 -DIWORDSIZE=4 -DDWORDSIZE=8 -DRWORDSIZE=4 -DLWORDSIZE=4 -DNONSTANDARD_SYSTEM_FUNC  -DWRF_USE_CLM -DUSE_NETCDF4_FEATURES -DWRFIO_NCD_LARGE_FILE_SUPPORT  -DDM_PARALLEL -DNETCDF -DHDF5 -DLANDREAD_STUB=1 -DUSE_ALLOCATABLES -Dwrfmodel -DGRIB1 -DINTIO -DKEEP_INT_AROUND -DLIMIT_ARGS -DBUILD_RRTMG_FAST=0 -DBUILD_RRTMK=0 -DBUILD_SBM_FAST=1 -DSHOW_ALL_VARS_USED=0 -DCONFIG_BUF_LEN=65536 -DMAX_DOMAINS_F=21 -DMAX_HISTORY=25 -DNMM_NEST=0 -DWRF_CHEM -DBUILD_CHEM=1 -DWRF_KPP -I. -traditional-cpp -DUSE_NETCDF4_FEATURES -DWRFIO_NCD_LARGE_FILE_SUPPORT   dry_dep_driver.G  > dry_dep_driver.bb
/glade/work/chenlan/WRFmodel/WRF-GOCART-MP/tools/standard.exe dry_dep_driver.bb | /lib/cpp -P -nostdinc -traditional-cpp -DUSE_NETCDF4_FEATURES -DWRFIO_NCD_LARGE_FILE_SUPPORT > dry_dep_driver.f90
rm -f dry_dep_driver.G dry_dep_driver.bb
time mpif90 -f90=ifort -o dry_dep_driver.o -c -O3 -ip -fp-model precise -w -ftz -align all -fno-alias -FR -convert big_endian    -I../dyn_em  -I/glade/work/chenlan/WRFmodel/WRF-GOCART-MP/external/esmf_time_f90  -I/glade/work/chenlan/WRFmodel/WRF-GOCART-MP/main -I/glade/work/chenlan/WRFmodel/WRF-GOCART-MP/external/io_netcdf -I/glade/work/chenlan/WRFmodel/WRF-GOCART-MP/external/io_int -I/glade/work/chenlan/WRFmodel/WRF-GOCART-MP/frame -I/glade/work/chenlan/WRFmodel/WRF-GOCART-MP/share -I/glade/work/chenlan/WRFmodel/WRF-GOCART-MP/phys -I/glade/work/chenlan/WRFmodel/WRF-GOCART-MP/wrftladj -I/glade/work/chenlan/WRFmodel/WRF-GOCART-MP/chem -I/glade/work/chenlan/WRFmodel/WRF-GOCART-MP/inc -I/glade/work/epicufsrt/contrib/spack-stack/derecho/spack-stack-1.8.0/envs/ue-intel-2021.10.0/install/intel/2021.10.0/netcdf-fortran-4.6.1-kmm6hoj/include  -real-size `expr 8 \* 4` -i4  dry_dep_driver.f90
rm -f emissions_driver.o
sed -e "s/^\!.*'.*//" -e "s/^ *\!.*'.*//" emissions_driver.F > emissions_driver.G
/lib/cpp -P -nostdinc -I/glade/work/chenlan/WRFmodel/WRF-GOCART-MP/inc -DEM_CORE=1 -DNMM_CORE=0 -DNMM_MAX_DIM=2600 -DDA_CORE=0 -DWRFPLUS=0 -DIWORDSIZE=4 -DDWORDSIZE=8 -DRWORDSIZE=4 -DLWORDSIZE=4 -DNONSTANDARD_SYSTEM_FUNC  -DWRF_USE_CLM -DUSE_NETCDF4_FEATURES -DWRFIO_NCD_LARGE_FILE_SUPPORT  -DDM_PARALLEL -DNETCDF -DHDF5 -DLANDREAD_STUB=1 -DUSE_ALLOCATABLES -Dwrfmodel -DGRIB1 -DINTIO -DKEEP_INT_AROUND -DLIMIT_ARGS -DBUILD_RRTMG_FAST=0 -DBUILD_RRTMK=0 -DBUILD_SBM_FAST=1 -DSHOW_ALL_VARS_USED=0 -DCONFIG_BUF_LEN=65536 -DMAX_DOMAINS_F=21 -DMAX_HISTORY=25 -DNMM_NEST=0 -DWRF_CHEM -DBUILD_CHEM=1 -DWRF_KPP -I. -traditional-cpp -DUSE_NETCDF4_FEATURES -DWRFIO_NCD_LARGE_FILE_SUPPORT   emissions_driver.G  > emissions_driver.bb
/glade/work/chenlan/WRFmodel/WRF-GOCART-MP/tools/standard.exe emissions_driver.bb | /lib/cpp -P -nostdinc -traditional-cpp -DUSE_NETCDF4_FEATURES -DWRFIO_NCD_LARGE_FILE_SUPPORT > emissions_driver.f90
rm -f emissions_driver.G emissions_driver.bb
time mpif90 -f90=ifort -o emissions_driver.o -c -O3 -ip -fp-model precise -w -ftz -align all -fno-alias -FR -convert big_endian    -I../dyn_em  -I/glade/work/chenlan/WRFmodel/WRF-GOCART-MP/external/esmf_time_f90  -I/glade/work/chenlan/WRFmodel/WRF-GOCART-MP/main -I/glade/work/chenlan/WRFmodel/WRF-GOCART-MP/external/io_netcdf -I/glade/work/chenlan/WRFmodel/WRF-GOCART-MP/external/io_int -I/glade/work/chenlan/WRFmodel/WRF-GOCART-MP/frame -I/glade/work/chenlan/WRFmodel/WRF-GOCART-MP/share -I/glade/work/chenlan/WRFmodel/WRF-GOCART-MP/phys -I/glade/work/chenlan/WRFmodel/WRF-GOCART-MP/wrftladj -I/glade/work/chenlan/WRFmodel/WRF-GOCART-MP/chem -I/glade/work/chenlan/WRFmodel/WRF-GOCART-MP/inc -I/glade/work/epicufsrt/contrib/spack-stack/derecho/spack-stack-1.8.0/envs/ue-intel-2021.10.0/install/intel/2021.10.0/netcdf-fortran-4.6.1-kmm6hoj/include  -real-size `expr 8 \* 4` -i4  emissions_driver.f90
rm -f chem_driver.o
sed -e "s/^\!.*'.*//" -e "s/^ *\!.*'.*//" chem_driver.F > chem_driver.G
/lib/cpp -P -nostdinc -I/glade/work/chenlan/WRFmodel/WRF-GOCART-MP/inc -DEM_CORE=1 -DNMM_CORE=0 -DNMM_MAX_DIM=2600 -DDA_CORE=0 -DWRFPLUS=0 -DIWORDSIZE=4 -DDWORDSIZE=8 -DRWORDSIZE=4 -DLWORDSIZE=4 -DNONSTANDARD_SYSTEM_FUNC  -DWRF_USE_CLM -DUSE_NETCDF4_FEATURES -DWRFIO_NCD_LARGE_FILE_SUPPORT  -DDM_PARALLEL -DNETCDF -DHDF5 -DLANDREAD_STUB=1 -DUSE_ALLOCATABLES -Dwrfmodel -DGRIB1 -DINTIO -DKEEP_INT_AROUND -DLIMIT_ARGS -DBUILD_RRTMG_FAST=0 -DBUILD_RRTMK=0 -DBUILD_SBM_FAST=1 -DSHOW_ALL_VARS_USED=0 -DCONFIG_BUF_LEN=65536 -DMAX_DOMAINS_F=21 -DMAX_HISTORY=25 -DNMM_NEST=0 -DWRF_CHEM -DBUILD_CHEM=1 -DWRF_KPP -I. -traditional-cpp -DUSE_NETCDF4_FEATURES -DWRFIO_NCD_LARGE_FILE_SUPPORT   chem_driver.G  > chem_driver.bb
/glade/work/chenlan/WRFmodel/WRF-GOCART-MP/tools/standard.exe chem_driver.bb | /lib/cpp -P -nostdinc -traditional-cpp -DUSE_NETCDF4_FEATURES -DWRFIO_NCD_LARGE_FILE_SUPPORT > chem_driver.f90
rm -f chem_driver.G chem_driver.bb
time mpif90 -f90=ifort -o chem_driver.o -c -O3 -ip -fp-model precise -w -ftz -align all -fno-alias -FR -convert big_endian    -I../dyn_em  -I/glade/work/chenlan/WRFmodel/WRF-GOCART-MP/external/esmf_time_f90  -I/glade/work/chenlan/WRFmodel/WRF-GOCART-MP/main -I/glade/work/chenlan/WRFmodel/WRF-GOCART-MP/external/io_netcdf -I/glade/work/chenlan/WRFmodel/WRF-GOCART-MP/external/io_int -I/glade/work/chenlan/WRFmodel/WRF-GOCART-MP/frame -I/glade/work/chenlan/WRFmodel/WRF-GOCART-MP/share -I/glade/work/chenlan/WRFmodel/WRF-GOCART-MP/phys -I/glade/work/chenlan/WRFmodel/WRF-GOCART-MP/wrftladj -I/glade/work/chenlan/WRFmodel/WRF-GOCART-MP/chem -I/glade/work/chenlan/WRFmodel/WRF-GOCART-MP/inc -I/glade/work/epicufsrt/contrib/spack-stack/derecho/spack-stack-1.8.0/envs/ue-intel-2021.10.0/install/intel/2021.10.0/netcdf-fortran-4.6.1-kmm6hoj/include  -real-size `expr 8 \* 4` -i4  chem_driver.f90
ar ru ../main/libwrflib.a module_data_isrpia_data.o module_data_ISRPIA.o module_data_isrpia_asrc.o module_data_isrpia_solut.o module_data_isrpia_kmc198.o module_data_isrpia_kmc223.o module_data_isrpia_kmc248.o module_data_isrpia_kmc273.o module_data_isrpia_kmc298.o module_data_isrpia_kmc323.o module_data_isrpia_expnc.o module_data_isrpia_caseg.o module_data_isrpia_casej.o isofwd.o isorev.o isocom.o moduleHETDATA.o moduleHETAERO.o moduleAERODATA.o aerorate_so2.o module_aer_opt_out.o module_add_emiss_burn.o module_add_emis_cptec.o module_bioemi_beis314.o module_chem_utilities.o module_cmu_dvode_solver.o module_data_cbmz.o module_data_cmu_bulkaqchem.o module_data_gocartchem.o module_data_gocart_seas.o module_data_mosaic_kind.o module_data_mosaic_constants.o module_data_mosaic_aero.o module_data_mosaic_main.o module_data_mosaic_asect.o module_data_mosaic_asecthp.o module_data_mosaic_boxmod.o module_data_mosaic_other.o module_data_mosaic_therm.o module_data_radm2.o module_data_rrtmgaeropt.o module_data_megan2.o module_data_soa_vbs.o module_data_soa_vbs_het.o module_data_sorgam.o module_data_sorgam_vbs.o module_kpp_saprc99_mosaic_8bin_vbs2_aq_Integr.o module_kpp_saprc99_mosaic_8bin_vbs2_aq_Precision.o module_kpp_saprc99_mosaic_8bin_vbs2_aq_Parameters.o module_kpp_saprc99_mosaic_8bin_vbs2_aq_Jacobian.o module_kpp_saprc99_mosaic_8bin_vbs2_aq_JacobianSP.o module_kpp_saprc99_mosaic_8bin_vbs2_aq_Update_Rconst.o module_kpp_saprc99_mosaic_8bin_vbs2_aq_interface.o module_kpp_radm2sorg_Integr.o module_kpp_radm2sorg_Precision.o module_kpp_radm2sorg_Parameters.o module_kpp_radm2sorg_Jacobian.o module_kpp_radm2sorg_JacobianSP.o module_kpp_radm2sorg_Update_Rconst.o module_kpp_radm2sorg_interface.o module_kpp_racm_soa_vbs_aqchem_Integr.o module_kpp_racm_soa_vbs_aqchem_Precision.o module_kpp_racm_soa_vbs_aqchem_Parameters.o module_kpp_racm_soa_vbs_aqchem_Jacobian.o module_kpp_racm_soa_vbs_aqchem_JacobianSP.o module_kpp_racm_soa_vbs_aqchem_Update_Rconst.o module_kpp_racm_soa_vbs_aqchem_interface.o module_kpp_cb05_sorg_vbs_aq_Integr.o module_kpp_cb05_sorg_vbs_aq_Precision.o module_kpp_cb05_sorg_vbs_aq_Parameters.o module_kpp_cb05_sorg_vbs_aq_Jacobian.o module_kpp_cb05_sorg_vbs_aq_JacobianSP.o module_kpp_cb05_sorg_vbs_aq_Update_Rconst.o module_kpp_cb05_sorg_vbs_aq_interface.o module_kpp_racm_Integr.o module_kpp_racm_Precision.o module_kpp_racm_Parameters.o module_kpp_racm_Jacobian.o module_kpp_racm_JacobianSP.o module_kpp_racm_Update_Rconst.o module_kpp_racm_interface.o module_kpp_mozart_mosaic_4bin_Integr.o module_kpp_mozart_mosaic_4bin_Precision.o module_kpp_mozart_mosaic_4bin_Parameters.o module_kpp_mozart_mosaic_4bin_Jacobian.o module_kpp_mozart_mosaic_4bin_JacobianSP.o module_kpp_mozart_mosaic_4bin_Update_Rconst.o module_kpp_mozart_mosaic_4bin_interface.o module_kpp_cbm4_Integr.o module_kpp_cbm4_Precision.o module_kpp_cbm4_Parameters.o module_kpp_cbm4_Jacobian.o module_kpp_cbm4_JacobianSP.o module_kpp_cbm4_Update_Rconst.o module_kpp_cbm4_interface.o module_kpp_nmhc9_Integr.o module_kpp_nmhc9_Precision.o module_kpp_nmhc9_Parameters.o module_kpp_nmhc9_Jacobian.o module_kpp_nmhc9_JacobianSP.o module_kpp_nmhc9_Update_Rconst.o module_kpp_nmhc9_interface.o module_kpp_cri_mosaic_8bin_aq_Integr.o module_kpp_cri_mosaic_8bin_aq_Precision.o module_kpp_cri_mosaic_8bin_aq_Parameters.o module_kpp_cri_mosaic_8bin_aq_Jacobian.o module_kpp_cri_mosaic_8bin_aq_JacobianSP.o module_kpp_cri_mosaic_8bin_aq_Update_Rconst.o module_kpp_cri_mosaic_8bin_aq_interface.o module_kpp_racmpm_Integr.o module_kpp_racmpm_Precision.o module_kpp_racmpm_Parameters.o module_kpp_racmpm_Jacobian.o module_kpp_racmpm_JacobianSP.o module_kpp_racmpm_Update_Rconst.o module_kpp_racmpm_interface.o module_kpp_racm_esrlsorg_Integr.o module_kpp_racm_esrlsorg_Precision.o module_kpp_racm_esrlsorg_Parameters.o module_kpp_racm_esrlsorg_Jacobian.o module_kpp_racm_esrlsorg_JacobianSP.o module_kpp_racm_esrlsorg_Update_Rconst.o module_kpp_racm_esrlsorg_interface.o module_kpp_saprc99_Integr.o module_kpp_saprc99_Precision.o module_kpp_saprc99_Parameters.o module_kpp_saprc99_Jacobian.o module_kpp_saprc99_JacobianSP.o module_kpp_saprc99_Update_Rconst.o module_kpp_saprc99_interface.o module_kpp_mozart_mosaic_4bin_aq_Integr.o module_kpp_mozart_mosaic_4bin_aq_Precision.o module_kpp_mozart_mosaic_4bin_aq_Parameters.o module_kpp_mozart_mosaic_4bin_aq_Jacobian.o module_kpp_mozart_mosaic_4bin_aq_JacobianSP.o module_kpp_mozart_mosaic_4bin_aq_Update_Rconst.o module_kpp_mozart_mosaic_4bin_aq_interface.o module_kpp_crimech_Integr.o module_kpp_crimech_Precision.o module_kpp_crimech_Parameters.o module_kpp_crimech_Jacobian.o module_kpp_crimech_JacobianSP.o module_kpp_crimech_Update_Rconst.o module_kpp_crimech_interface.o module_kpp_cbmz_mosaic_Integr.o module_kpp_cbmz_mosaic_Precision.o module_kpp_cbmz_mosaic_Parameters.o module_kpp_cbmz_mosaic_Jacobian.o module_kpp_cbmz_mosaic_JacobianSP.o module_kpp_cbmz_mosaic_Update_Rconst.o module_kpp_cbmz_mosaic_interface.o module_kpp_cri_mosaic_4bin_aq_Integr.o module_kpp_cri_mosaic_4bin_aq_Precision.o module_kpp_cri_mosaic_4bin_aq_Parameters.o module_kpp_cri_mosaic_4bin_aq_Jacobian.o module_kpp_cri_mosaic_4bin_aq_JacobianSP.o module_kpp_cri_mosaic_4bin_aq_Update_Rconst.o module_kpp_cri_mosaic_4bin_aq_interface.o module_kpp_racm_soa_vbs_het_Integr.o module_kpp_racm_soa_vbs_het_Precision.o module_kpp_racm_soa_vbs_het_Parameters.o module_kpp_racm_soa_vbs_het_Jacobian.o module_kpp_racm_soa_vbs_het_JacobianSP.o module_kpp_racm_soa_vbs_het_Update_Rconst.o module_kpp_racm_soa_vbs_het_interface.o module_kpp_racmsorg_aqchem_Integr.o module_kpp_racmsorg_aqchem_Precision.o module_kpp_racmsorg_aqchem_Parameters.o module_kpp_racmsorg_aqchem_Jacobian.o module_kpp_racmsorg_aqchem_JacobianSP.o module_kpp_racmsorg_aqchem_Update_Rconst.o module_kpp_racmsorg_aqchem_interface.o module_kpp_radm2_Integr.o module_kpp_radm2_Precision.o module_kpp_radm2_Parameters.o module_kpp_radm2_Jacobian.o module_kpp_radm2_JacobianSP.o module_kpp_radm2_Update_Rconst.o module_kpp_radm2_interface.o module_kpp_racm_soa_vbs_Integr.o module_kpp_racm_soa_vbs_Precision.o module_kpp_racm_soa_vbs_Parameters.o module_kpp_racm_soa_vbs_Jacobian.o module_kpp_racm_soa_vbs_JacobianSP.o module_kpp_racm_soa_vbs_Update_Rconst.o module_kpp_racm_soa_vbs_interface.o module_kpp_mozart_Integr.o module_kpp_mozart_Precision.o module_kpp_mozart_Parameters.o module_kpp_mozart_Jacobian.o module_kpp_mozart_JacobianSP.o module_kpp_mozart_Update_Rconst.o module_kpp_mozart_interface.o module_kpp_racmsorg_Integr.o module_kpp_racmsorg_Precision.o module_kpp_racmsorg_Parameters.o module_kpp_racmsorg_Jacobian.o module_kpp_racmsorg_JacobianSP.o module_kpp_racmsorg_Update_Rconst.o module_kpp_racmsorg_interface.o module_kpp_cbmz_bb_Integr.o module_kpp_cbmz_bb_Precision.o module_kpp_cbmz_bb_Parameters.o module_kpp_cbmz_bb_Jacobian.o module_kpp_cbmz_bb_JacobianSP.o module_kpp_cbmz_bb_Update_Rconst.o module_kpp_cbmz_bb_interface.o module_kpp_cb05_sorg_aq_Integr.o module_kpp_cb05_sorg_aq_Precision.o module_kpp_cb05_sorg_aq_Parameters.o module_kpp_cb05_sorg_aq_Jacobian.o module_kpp_cb05_sorg_aq_JacobianSP.o module_kpp_cb05_sorg_aq_Update_Rconst.o module_kpp_cb05_sorg_aq_interface.o module_kpp_mozcart_Integr.o module_kpp_mozcart_Precision.o module_kpp_mozcart_Parameters.o module_kpp_mozcart_Jacobian.o module_kpp_mozcart_JacobianSP.o module_kpp_mozcart_Update_Rconst.o module_kpp_mozcart_interface.o module_kpp_t1_mozcart_Integr.o module_kpp_t1_mozcart_Precision.o module_kpp_t1_mozcart_Parameters.o module_kpp_t1_mozcart_Jacobian.o module_kpp_t1_mozcart_JacobianSP.o module_kpp_t1_mozcart_Update_Rconst.o module_kpp_t1_mozcart_interface.o module_kpp_gocartracm_Integr.o module_kpp_gocartracm_Precision.o module_kpp_gocartracm_Parameters.o module_kpp_gocartracm_Jacobian.o module_kpp_gocartracm_JacobianSP.o module_kpp_gocartracm_Update_Rconst.o module_kpp_gocartracm_interface.o module_kpp_racm_mim_Integr.o module_kpp_racm_mim_Precision.o module_kpp_racm_mim_Parameters.o module_kpp_racm_mim_Jacobian.o module_kpp_racm_mim_JacobianSP.o module_kpp_racm_mim_Update_Rconst.o module_kpp_racm_mim_interface.o module_kpp_saprc99_mosaic_4bin_vbs2_Integr.o module_kpp_saprc99_mosaic_4bin_vbs2_Precision.o module_kpp_saprc99_mosaic_4bin_vbs2_Parameters.o module_kpp_saprc99_mosaic_4bin_vbs2_Jacobian.o module_kpp_saprc99_mosaic_4bin_vbs2_JacobianSP.o module_kpp_saprc99_mosaic_4bin_vbs2_Update_Rconst.o module_kpp_saprc99_mosaic_4bin_vbs2_interface.o module_kpp_racm_esrlsorg_aqchem_Integr.o module_kpp_racm_esrlsorg_aqchem_Precision.o module_kpp_racm_esrlsorg_aqchem_Parameters.o module_kpp_racm_esrlsorg_aqchem_Jacobian.o module_kpp_racm_esrlsorg_aqchem_JacobianSP.o module_kpp_racm_esrlsorg_aqchem_Update_Rconst.o module_kpp_racm_esrlsorg_aqchem_interface.o module_wkppc_constants.o module_ftuv_subs.o module_ghg_fluxes.o module_gocart_drydep.o module_gocart_settling.o module_gocart_so2so4.o module_input_tracer_data.o module_interpolate.o module_mosaic_csuesat.o module_mozcart_wetscav.o module_peg_util.o module_tropopause.o module_upper_bc_driver.o module_vertmx_wrf.o module_wave_data.o module_wetdep_ls.o module_zero_plumegen_coms.o module_vash_settling.o module_chem_plumerise_scalar.o module_dep_simple.o module_gocart_dmsemis.o module_gocart_aerosols.o module_gocart_dust.o module_gocart_dust_afwa.o module_gocart_seasalt.o module_uoc_dust.o module_qf03.o module_soilpsd.o module_dust_load.o module_uoc_dustwd.o module_data_uoc_wd.o module_mosaic_addemiss.o module_mosaic_initmixrats.o module_mosaic_support.o module_mosaic_init_aerpar.o module_mosaic_ext.o module_mosaic_astem.o module_mosaic_lsode.o module_mosaic_box_aerchem.o module_mosaic_aerchem_intr.o module_mosaic_coag1d.o module_mosaic_coag3d.o module_mosaic_movesect1d.o module_mosaic_movesect3d.o module_mosaic_newnucb.o module_mosaic_sect_intr.o module_mosaic_aerdynam_intr.o module_mosaic_movesect.o module_mosaic_newnuc.o module_mosaic_soa_vbs.o module_cbmz_lsodes_solver.o module_cbmz_rodas3_solver.o module_cmu_bulkaqchem.o module_data_mgn2mech.o module_ftuv_driver.o module_fastj_data.o module_fastj_mie.o module_input_chem_data.o module_mosaic_coag.o module_mosaic_gly.o module_mosaic_wetscav.o module_mosaic_therm.o module_phot_mad.o params.mod.o numer.o rdxs.o rxn.o params_mod.o module_phot_tuv.o module_subs_tuv.o rtrans.o la_srb.o module_radm.o module_sorgam_aqchem.o module_sorgam_vbs_aqchem.o module_aerosols_soa_vbs.o module_aerosols_soa_vbs_het.o module_aerosols_sorgam.o module_aerosols_sorgam_vbs.o module_bioemi_megan2.o module_bioemi_simple.o module_cbm4_initmixrats.o module_cb05_initmixrats.o module_cb05_vbs_initmixrats.o module_cbmz.o module_cbmz_initmixrats.o module_cbmz_rodas_prep.o module_ctrans_grell.o module_gocart_chem.o module_input_tracer.o module_lightning_nox_driver.o module_lightning_nox_ott.o module_lightning_nox_decaria.o module_mixactivate_wrappers.o module_mosaic_init_aerpar.o module_mosaic2_driver.o module_mosaic_sumpm.o module_mosaic_driver.o module_optical_averaging.o module_plumerise1.o module_mosaic_drydep.o module_wetscav_driver.o module_prep_wetscav_sorgam.o module_input_chem_bioemiss.o module_input_dust_errosion.o module_input_gocart_dms.o module_cbmz_addemiss.o module_cbm4_addemiss.o module_cb05_addemiss.o module_emissions_anthropogenics.o module_aer_drydep.o module_cam_mam_calcsize.o module_cam_mam_dust_sediment.o module_cam_mam_drydep.o module_cam_mam_init.o module_cam_mam_initaerodata.o module_cam_mam_initmixrats.o module_cam_mam_rename.o module_cam_mam_wateruptake.o module_cam_mam_gasaerexch.o module_cam_mam_coag.o module_cam_mam_newnuc.o module_cam_mam_aerchem_driver.o module_cam_mam_addemiss.o module_cam_mam_wetscav.o module_cam_mam_mz_aerosols_intr.o module_cam_mam_wetdep.o module_cam_mam_cloudchem.o module_cam_mam_setsox.o module_cam_mam_mo_chem_utls.o module_mosaic_cloudchem.o module_sorgam_cloudchem.o module_sorgam_vbs_cloudchem.o module_cam_mam_gas_wetdep_driver.o module_cam_mam_mo_sethet.o module_phot_fastj.o module_chem_cup.o module_isocom.o module_isofwd.o module_isorev.o kpp_mechanism_driver.o chemics_init.o chem_driver.o cloudchem_driver.o photolysis_driver.o optical_driver.o mechanism_driver.o emissions_driver.o dry_dep_driver.o aerosol_driver.o 
make[2]: Leaving directory '/glade/work/chenlan/WRFmodel/WRF-GOCART-MP/chem'
if [ 1 -eq 0 ] ; then \
  if  [ "`echo -j 8 | sed -e 's/-j//g' -e 's/ \+//g'`" -gt "16" ] ; then \
    ( cd chem ; make -i -r -j 16 ) ;  \
  else \
    ( cd chem ; make -i -r -j 8 ) ; \
  fi \
fi
make[1]: Leaving directory '/glade/work/chenlan/WRFmodel/WRF-GOCART-MP'
if [ 1 -eq 1 ]    ; then make -i -r MODULE_DIRS="-I../dyn_em  -I/glade/work/chenlan/WRFmodel/WRF-GOCART-MP/external/esmf_time_f90  -I/glade/work/chenlan/WRFmodel/WRF-GOCART-MP/main -I/glade/work/chenlan/WRFmodel/WRF-GOCART-MP/external/io_netcdf -I/glade/work/chenlan/WRFmodel/WRF-GOCART-MP/external/io_int -I/glade/work/chenlan/WRFmodel/WRF-GOCART-MP/frame -I/glade/work/chenlan/WRFmodel/WRF-GOCART-MP/share -I/glade/work/chenlan/WRFmodel/WRF-GOCART-MP/phys -I/glade/work/chenlan/WRFmodel/WRF-GOCART-MP/wrftladj -I/glade/work/chenlan/WRFmodel/WRF-GOCART-MP/chem -I/glade/work/chenlan/WRFmodel/WRF-GOCART-MP/inc -I/glade/work/epicufsrt/contrib/spack-stack/derecho/spack-stack-1.8.0/envs/ue-intel-2021.10.0/install/intel/2021.10.0/netcdf-fortran-4.6.1-kmm6hoj/include " em_core ; fi
make[1]: Entering directory '/glade/work/chenlan/WRFmodel/WRF-GOCART-MP'
--------------------------------------
if [ 1  -eq 0 ] ; then \
	CF= ; \
else \
	CF="../chem/module_aerosols_sorgam.o ../chem/module_gocart_aerosols.o ../chem/module_mosaic_driver.o ../chem/module_input_tracer.o ../chem/module_aerosols_soa_vbs.o" ; \
fi
( cd dyn_em ; make -i -r -j 8 CF="" )
make[2]: Entering directory '/glade/work/chenlan/WRFmodel/WRF-GOCART-MP/dyn_em'
rm -f module_first_rk_step_part1.o
rm -f start_em.o
sed -e "s/^\!.*'.*//" -e "s/^ *\!.*'.*//" module_first_rk_step_part1.F > module_first_rk_step_part1.G
sed -e "s/^\!.*'.*//" -e "s/^ *\!.*'.*//" start_em.F > start_em.G
/lib/cpp -P -nostdinc -I/glade/work/chenlan/WRFmodel/WRF-GOCART-MP/inc -DEM_CORE=1 -DNMM_CORE=0 -DNMM_MAX_DIM=2600 -DDA_CORE=0 -DWRFPLUS=0 -DIWORDSIZE=4 -DDWORDSIZE=8 -DRWORDSIZE=4 -DLWORDSIZE=4 -DNONSTANDARD_SYSTEM_FUNC  -DWRF_USE_CLM -DUSE_NETCDF4_FEATURES -DWRFIO_NCD_LARGE_FILE_SUPPORT  -DDM_PARALLEL -DNETCDF -DHDF5 -DLANDREAD_STUB=1 -DUSE_ALLOCATABLES -Dwrfmodel -DGRIB1 -DINTIO -DKEEP_INT_AROUND -DLIMIT_ARGS -DBUILD_RRTMG_FAST=0 -DBUILD_RRTMK=0 -DBUILD_SBM_FAST=1 -DSHOW_ALL_VARS_USED=0 -DCONFIG_BUF_LEN=65536 -DMAX_DOMAINS_F=21 -DMAX_HISTORY=25 -DNMM_NEST=0 -DWRF_CHEM -DBUILD_CHEM=1 -DWRF_KPP -I. -traditional-cpp -DUSE_NETCDF4_FEATURES -DWRFIO_NCD_LARGE_FILE_SUPPORT   module_first_rk_step_part1.G  > module_first_rk_step_part1.bb
/lib/cpp -P -nostdinc -I/glade/work/chenlan/WRFmodel/WRF-GOCART-MP/inc -DEM_CORE=1 -DNMM_CORE=0 -DNMM_MAX_DIM=2600 -DDA_CORE=0 -DWRFPLUS=0 -DIWORDSIZE=4 -DDWORDSIZE=8 -DRWORDSIZE=4 -DLWORDSIZE=4 -DNONSTANDARD_SYSTEM_FUNC  -DWRF_USE_CLM -DUSE_NETCDF4_FEATURES -DWRFIO_NCD_LARGE_FILE_SUPPORT  -DDM_PARALLEL -DNETCDF -DHDF5 -DLANDREAD_STUB=1 -DUSE_ALLOCATABLES -Dwrfmodel -DGRIB1 -DINTIO -DKEEP_INT_AROUND -DLIMIT_ARGS -DBUILD_RRTMG_FAST=0 -DBUILD_RRTMK=0 -DBUILD_SBM_FAST=1 -DSHOW_ALL_VARS_USED=0 -DCONFIG_BUF_LEN=65536 -DMAX_DOMAINS_F=21 -DMAX_HISTORY=25 -DNMM_NEST=0 -DWRF_CHEM -DBUILD_CHEM=1 -DWRF_KPP -I. -traditional-cpp -DUSE_NETCDF4_FEATURES -DWRFIO_NCD_LARGE_FILE_SUPPORT   start_em.G  > start_em.bb
/glade/work/chenlan/WRFmodel/WRF-GOCART-MP/tools/standard.exe module_first_rk_step_part1.bb | /lib/cpp -P -nostdinc -traditional-cpp -DUSE_NETCDF4_FEATURES -DWRFIO_NCD_LARGE_FILE_SUPPORT > module_first_rk_step_part1.f90
/glade/work/chenlan/WRFmodel/WRF-GOCART-MP/tools/standard.exe start_em.bb | /lib/cpp -P -nostdinc -traditional-cpp -DUSE_NETCDF4_FEATURES -DWRFIO_NCD_LARGE_FILE_SUPPORT > start_em.f90
rm -f module_first_rk_step_part1.G module_first_rk_step_part1.bb
rm -f start_em.G start_em.bb
time mpif90 -f90=ifort -o module_first_rk_step_part1.o -c -O3 -ip -fp-model precise -w -ftz -align all -fno-alias -FR -convert big_endian    -I../dyn_em  -I/glade/work/chenlan/WRFmodel/WRF-GOCART-MP/external/esmf_time_f90  -I/glade/work/chenlan/WRFmodel/WRF-GOCART-MP/main -I/glade/work/chenlan/WRFmodel/WRF-GOCART-MP/external/io_netcdf -I/glade/work/chenlan/WRFmodel/WRF-GOCART-MP/external/io_int -I/glade/work/chenlan/WRFmodel/WRF-GOCART-MP/frame -I/glade/work/chenlan/WRFmodel/WRF-GOCART-MP/share -I/glade/work/chenlan/WRFmodel/WRF-GOCART-MP/phys -I/glade/work/chenlan/WRFmodel/WRF-GOCART-MP/wrftladj -I/glade/work/chenlan/WRFmodel/WRF-GOCART-MP/chem -I/glade/work/chenlan/WRFmodel/WRF-GOCART-MP/inc -I/glade/work/epicufsrt/contrib/spack-stack/derecho/spack-stack-1.8.0/envs/ue-intel-2021.10.0/install/intel/2021.10.0/netcdf-fortran-4.6.1-kmm6hoj/include  -real-size `expr 8 \* 4` -i4  module_first_rk_step_part1.f90
time mpif90 -f90=ifort -o start_em.o -c -O3 -ip -fp-model precise -w -ftz -align all -fno-alias -FR -convert big_endian    -I../dyn_em  -I/glade/work/chenlan/WRFmodel/WRF-GOCART-MP/external/esmf_time_f90  -I/glade/work/chenlan/WRFmodel/WRF-GOCART-MP/main -I/glade/work/chenlan/WRFmodel/WRF-GOCART-MP/external/io_netcdf -I/glade/work/chenlan/WRFmodel/WRF-GOCART-MP/external/io_int -I/glade/work/chenlan/WRFmodel/WRF-GOCART-MP/frame -I/glade/work/chenlan/WRFmodel/WRF-GOCART-MP/share -I/glade/work/chenlan/WRFmodel/WRF-GOCART-MP/phys -I/glade/work/chenlan/WRFmodel/WRF-GOCART-MP/wrftladj -I/glade/work/chenlan/WRFmodel/WRF-GOCART-MP/chem -I/glade/work/chenlan/WRFmodel/WRF-GOCART-MP/inc -I/glade/work/epicufsrt/contrib/spack-stack/derecho/spack-stack-1.8.0/envs/ue-intel-2021.10.0/install/intel/2021.10.0/netcdf-fortran-4.6.1-kmm6hoj/include  -real-size `expr 8 \* 4` -i4  start_em.f90
rm -f solve_em.o
sed -e "s/^\!.*'.*//" -e "s/^ *\!.*'.*//" solve_em.F > solve_em.G
/lib/cpp -P -nostdinc -I/glade/work/chenlan/WRFmodel/WRF-GOCART-MP/inc -DEM_CORE=1 -DNMM_CORE=0 -DNMM_MAX_DIM=2600 -DDA_CORE=0 -DWRFPLUS=0 -DIWORDSIZE=4 -DDWORDSIZE=8 -DRWORDSIZE=4 -DLWORDSIZE=4 -DNONSTANDARD_SYSTEM_FUNC  -DWRF_USE_CLM -DUSE_NETCDF4_FEATURES -DWRFIO_NCD_LARGE_FILE_SUPPORT  -DDM_PARALLEL -DNETCDF -DHDF5 -DLANDREAD_STUB=1 -DUSE_ALLOCATABLES -Dwrfmodel -DGRIB1 -DINTIO -DKEEP_INT_AROUND -DLIMIT_ARGS -DBUILD_RRTMG_FAST=0 -DBUILD_RRTMK=0 -DBUILD_SBM_FAST=1 -DSHOW_ALL_VARS_USED=0 -DCONFIG_BUF_LEN=65536 -DMAX_DOMAINS_F=21 -DMAX_HISTORY=25 -DNMM_NEST=0 -DWRF_CHEM -DBUILD_CHEM=1 -DWRF_KPP -I. -traditional-cpp -DUSE_NETCDF4_FEATURES -DWRFIO_NCD_LARGE_FILE_SUPPORT   solve_em.G  > solve_em.bb
/glade/work/chenlan/WRFmodel/WRF-GOCART-MP/tools/standard.exe solve_em.bb | /lib/cpp -P -nostdinc -traditional-cpp -DUSE_NETCDF4_FEATURES -DWRFIO_NCD_LARGE_FILE_SUPPORT > solve_em.f90
rm -f solve_em.G solve_em.bb
time mpif90 -f90=ifort -o solve_em.o -c -O3 -ip -fp-model precise -w -ftz -align all -fno-alias -FR -convert big_endian    -I../dyn_em  -I/glade/work/chenlan/WRFmodel/WRF-GOCART-MP/external/esmf_time_f90  -I/glade/work/chenlan/WRFmodel/WRF-GOCART-MP/main -I/glade/work/chenlan/WRFmodel/WRF-GOCART-MP/external/io_netcdf -I/glade/work/chenlan/WRFmodel/WRF-GOCART-MP/external/io_int -I/glade/work/chenlan/WRFmodel/WRF-GOCART-MP/frame -I/glade/work/chenlan/WRFmodel/WRF-GOCART-MP/share -I/glade/work/chenlan/WRFmodel/WRF-GOCART-MP/phys -I/glade/work/chenlan/WRFmodel/WRF-GOCART-MP/wrftladj -I/glade/work/chenlan/WRFmodel/WRF-GOCART-MP/chem -I/glade/work/chenlan/WRFmodel/WRF-GOCART-MP/inc -I/glade/work/epicufsrt/contrib/spack-stack/derecho/spack-stack-1.8.0/envs/ue-intel-2021.10.0/install/intel/2021.10.0/netcdf-fortran-4.6.1-kmm6hoj/include  -real-size `expr 8 \* 4` -i4  solve_em.f90
ar ru ../main/libwrflib.a module_advect_em.o module_ieva_em.o module_diffusion_em.o module_small_step_em.o module_big_step_utilities_em.o module_em.o module_solvedebug_em.o module_bc_em.o module_init_utilities.o module_wps_io_arw.o module_damping_em.o module_polarfft.o module_force_scm.o module_first_rk_step_part1.o module_first_rk_step_part2.o module_avgflx_em.o module_sfs_nba.o module_convtrans_prep.o module_sfs_driver.o module_stoch.o module_after_all_rk_steps.o  init_modules_em.o solve_em.o start_em.o shift_domain_em.o couple_or_uncouple_em.o nest_init_utils.o adapt_timestep_em.o interp_domain_em.o
make[2]: Leaving directory '/glade/work/chenlan/WRFmodel/WRF-GOCART-MP/dyn_em'
make[1]: Leaving directory '/glade/work/chenlan/WRFmodel/WRF-GOCART-MP'
if [ 0 -eq 1 ]   ; then make -i -r MODULE_DIRS="-I../dyn_em  -I/glade/work/chenlan/WRFmodel/WRF-GOCART-MP/external/esmf_time_f90  -I/glade/work/chenlan/WRFmodel/WRF-GOCART-MP/main -I/glade/work/chenlan/WRFmodel/WRF-GOCART-MP/external/io_netcdf -I/glade/work/chenlan/WRFmodel/WRF-GOCART-MP/external/io_int -I/glade/work/chenlan/WRFmodel/WRF-GOCART-MP/frame -I/glade/work/chenlan/WRFmodel/WRF-GOCART-MP/share -I/glade/work/chenlan/WRFmodel/WRF-GOCART-MP/phys -I/glade/work/chenlan/WRFmodel/WRF-GOCART-MP/wrftladj -I/glade/work/chenlan/WRFmodel/WRF-GOCART-MP/chem -I/glade/work/chenlan/WRFmodel/WRF-GOCART-MP/inc -I/glade/work/epicufsrt/contrib/spack-stack/derecho/spack-stack-1.8.0/envs/ue-intel-2021.10.0/install/intel/2021.10.0/netcdf-fortran-4.6.1-kmm6hoj/include " wrf_hydro ; fi
( cd main ; make -i -r RLFLAGS="" MODULE_DIRS="-I../dyn_em  -I/glade/work/chenlan/WRFmodel/WRF-GOCART-MP/external/esmf_time_f90  -I/glade/work/chenlan/WRFmodel/WRF-GOCART-MP/main -I/glade/work/chenlan/WRFmodel/WRF-GOCART-MP/external/io_netcdf -I/glade/work/chenlan/WRFmodel/WRF-GOCART-MP/external/io_int -I/glade/work/chenlan/WRFmodel/WRF-GOCART-MP/frame -I/glade/work/chenlan/WRFmodel/WRF-GOCART-MP/share -I/glade/work/chenlan/WRFmodel/WRF-GOCART-MP/phys -I/glade/work/chenlan/WRFmodel/WRF-GOCART-MP/wrftladj -I/glade/work/chenlan/WRFmodel/WRF-GOCART-MP/chem -I/glade/work/chenlan/WRFmodel/WRF-GOCART-MP/inc -I/glade/work/epicufsrt/contrib/spack-stack/derecho/spack-stack-1.8.0/envs/ue-intel-2021.10.0/install/intel/2021.10.0/netcdf-fortran-4.6.1-kmm6hoj/include " SOLVER=em em_wrf )
make[1]: Entering directory '/glade/work/chenlan/WRFmodel/WRF-GOCART-MP/main'
ranlib  libwrflib.a
time mpif90 -f90=ifort -o wrf.exe  -O3 -ip -fp-model precise -w -ftz -align all -fno-alias -FR -convert big_endian   -ip   wrf.o ../main/module_wrf_top.o libwrflib.a  /glade/work/chenlan/WRFmodel/WRF-GOCART-MP/external/fftpack/fftpack5/libfftpack.a /glade/work/chenlan/WRFmodel/WRF-GOCART-MP/external/io_grib1/libio_grib1.a /glade/work/chenlan/WRFmodel/WRF-GOCART-MP/external/io_grib_share/libio_grib_share.a /glade/work/chenlan/WRFmodel/WRF-GOCART-MP/external/io_int/libwrfio_int.a -L/glade/work/chenlan/WRFmodel/WRF-GOCART-MP/external/esmf_time_f90 -lesmf_time /glade/work/chenlan/WRFmodel/WRF-GOCART-MP/external/RSL_LITE/librsl_lite.a /glade/work/chenlan/WRFmodel/WRF-GOCART-MP/frame/module_internal_header_util.o /glade/work/chenlan/WRFmodel/WRF-GOCART-MP/frame/pack_utils.o -L/glade/work/chenlan/WRFmodel/WRF-GOCART-MP/external/io_netcdf -lwrfio_nf -L/glade/work/epicufsrt/contrib/spack-stack/derecho/spack-stack-1.8.0/envs/ue-intel-2021.10.0/install/intel/2021.10.0/netcdf-fortran-4.6.1-kmm6hoj/lib -lnetcdff -lnetcdf      -L/glade/work/epicufsrt/contrib/spack-stack/derecho/spack-stack-1.8.0/envs/ue-intel-2021.10.0/install/intel/2021.10.0/hdf5-1.14.3-vcsvfnc/lib -lhdf5_hl_fortran -lhdf5_hl -lhdf5_fortran -lhdf5 -lm -lz     -L/glade/work/epicufsrt/contrib/spack-stack/derecho/spack-stack-1.8.0/envs/ue-intel-2021.10.0/install/intel/2021.10.0/netcdf-c-4.9.2-dvy4rp2/lib -lnetcdf -L/glade/work/epicufsrt/contrib/spack-stack/derecho/spack-stack-1.8.0/envs/ue-intel-2021.10.0/install/intel/2021.10.0/netcdf-fortran-4.6.1-kmm6hoj/lib -lnetcdff -lnetcdf -lnetcdf -lm 
make[1]: Leaving directory '/glade/work/chenlan/WRFmodel/WRF-GOCART-MP/main'
( cd run ; /bin/rm -f wrf.exe ; ln -s ../main/wrf.exe . )
if [ 0 -eq 1 ] ; then \
  ( cd main ; make -i -r RLFLAGS="" MODULE_DIRS="-I../dyn_em  -I/glade/work/chenlan/WRFmodel/WRF-GOCART-MP/external/esmf_time_f90  -I/glade/work/chenlan/WRFmodel/WRF-GOCART-MP/main -I/glade/work/chenlan/WRFmodel/WRF-GOCART-MP/external/io_netcdf -I/glade/work/chenlan/WRFmodel/WRF-GOCART-MP/external/io_int -I/glade/work/chenlan/WRFmodel/WRF-GOCART-MP/frame -I/glade/work/chenlan/WRFmodel/WRF-GOCART-MP/share -I/glade/work/chenlan/WRFmodel/WRF-GOCART-MP/phys -I/glade/work/chenlan/WRFmodel/WRF-GOCART-MP/wrftladj -I/glade/work/chenlan/WRFmodel/WRF-GOCART-MP/chem -I/glade/work/chenlan/WRFmodel/WRF-GOCART-MP/inc -I/glade/work/epicufsrt/contrib/spack-stack/derecho/spack-stack-1.8.0/envs/ue-intel-2021.10.0/install/intel/2021.10.0/netcdf-fortran-4.6.1-kmm6hoj/include " SOLVER=em em_wrf_SST_ESMF ) ; \
fi
build started:   Tue 24 Jun 2025 12:13:50 PM MDT
build completed: Tue 24 Jun 2025 12:18:45 PM MDT
--------------------------------------
( cd main ; make -i -r RLFLAGS="" MODULE_DIRS="-I../dyn_em  -I/glade/work/chenlan/WRFmodel/WRF-GOCART-MP/external/esmf_time_f90  -I/glade/work/chenlan/WRFmodel/WRF-GOCART-MP/main -I/glade/work/chenlan/WRFmodel/WRF-GOCART-MP/external/io_netcdf -I/glade/work/chenlan/WRFmodel/WRF-GOCART-MP/external/io_int -I/glade/work/chenlan/WRFmodel/WRF-GOCART-MP/frame -I/glade/work/chenlan/WRFmodel/WRF-GOCART-MP/share -I/glade/work/chenlan/WRFmodel/WRF-GOCART-MP/phys -I/glade/work/chenlan/WRFmodel/WRF-GOCART-MP/wrftladj -I/glade/work/chenlan/WRFmodel/WRF-GOCART-MP/chem -I/glade/work/chenlan/WRFmodel/WRF-GOCART-MP/inc -I/glade/work/epicufsrt/contrib/spack-stack/derecho/spack-stack-1.8.0/envs/ue-intel-2021.10.0/install/intel/2021.10.0/netcdf-fortran-4.6.1-kmm6hoj/include " SOLVER=em IDEAL_CASE=real em_real )
make[1]: Entering directory '/glade/work/chenlan/WRFmodel/WRF-GOCART-MP/main'
ranlib  libwrflib.a
time mpif90 -f90=ifort -o ndown.exe  -O3 -ip -fp-model precise -w -ftz -align all -fno-alias -FR -convert big_endian   -ip   ndown_em.o  ../dyn_em/module_initialize_real.o libwrflib.a /glade/work/chenlan/WRFmodel/WRF-GOCART-MP/external/fftpack/fftpack5/libfftpack.a /glade/work/chenlan/WRFmodel/WRF-GOCART-MP/external/io_grib1/libio_grib1.a /glade/work/chenlan/WRFmodel/WRF-GOCART-MP/external/io_grib_share/libio_grib_share.a /glade/work/chenlan/WRFmodel/WRF-GOCART-MP/external/io_int/libwrfio_int.a -L/glade/work/chenlan/WRFmodel/WRF-GOCART-MP/external/esmf_time_f90 -lesmf_time /glade/work/chenlan/WRFmodel/WRF-GOCART-MP/external/RSL_LITE/librsl_lite.a /glade/work/chenlan/WRFmodel/WRF-GOCART-MP/frame/module_internal_header_util.o /glade/work/chenlan/WRFmodel/WRF-GOCART-MP/frame/pack_utils.o -L/glade/work/chenlan/WRFmodel/WRF-GOCART-MP/external/io_netcdf -lwrfio_nf -L/glade/work/epicufsrt/contrib/spack-stack/derecho/spack-stack-1.8.0/envs/ue-intel-2021.10.0/install/intel/2021.10.0/netcdf-fortran-4.6.1-kmm6hoj/lib -lnetcdff -lnetcdf      -L/glade/work/epicufsrt/contrib/spack-stack/derecho/spack-stack-1.8.0/envs/ue-intel-2021.10.0/install/intel/2021.10.0/hdf5-1.14.3-vcsvfnc/lib -lhdf5_hl_fortran -lhdf5_hl -lhdf5_fortran -lhdf5 -lm -lz     -L/glade/work/epicufsrt/contrib/spack-stack/derecho/spack-stack-1.8.0/envs/ue-intel-2021.10.0/install/intel/2021.10.0/netcdf-c-4.9.2-dvy4rp2/lib -lnetcdf -L/glade/work/epicufsrt/contrib/spack-stack/derecho/spack-stack-1.8.0/envs/ue-intel-2021.10.0/install/intel/2021.10.0/netcdf-fortran-4.6.1-kmm6hoj/lib -lnetcdff -lnetcdf -lnetcdf -lm
time mpif90 -f90=ifort -o tc.exe  -O3 -ip -fp-model precise -w -ftz -align all -fno-alias -FR -convert big_endian   -ip   tc_em.o  ../dyn_em/module_initialize_real.o libwrflib.a /glade/work/chenlan/WRFmodel/WRF-GOCART-MP/external/fftpack/fftpack5/libfftpack.a /glade/work/chenlan/WRFmodel/WRF-GOCART-MP/external/io_grib1/libio_grib1.a /glade/work/chenlan/WRFmodel/WRF-GOCART-MP/external/io_grib_share/libio_grib_share.a /glade/work/chenlan/WRFmodel/WRF-GOCART-MP/external/io_int/libwrfio_int.a -L/glade/work/chenlan/WRFmodel/WRF-GOCART-MP/external/esmf_time_f90 -lesmf_time /glade/work/chenlan/WRFmodel/WRF-GOCART-MP/external/RSL_LITE/librsl_lite.a /glade/work/chenlan/WRFmodel/WRF-GOCART-MP/frame/module_internal_header_util.o /glade/work/chenlan/WRFmodel/WRF-GOCART-MP/frame/pack_utils.o -L/glade/work/chenlan/WRFmodel/WRF-GOCART-MP/external/io_netcdf -lwrfio_nf -L/glade/work/epicufsrt/contrib/spack-stack/derecho/spack-stack-1.8.0/envs/ue-intel-2021.10.0/install/intel/2021.10.0/netcdf-fortran-4.6.1-kmm6hoj/lib -lnetcdff -lnetcdf      -L/glade/work/epicufsrt/contrib/spack-stack/derecho/spack-stack-1.8.0/envs/ue-intel-2021.10.0/install/intel/2021.10.0/hdf5-1.14.3-vcsvfnc/lib -lhdf5_hl_fortran -lhdf5_hl -lhdf5_fortran -lhdf5 -lm -lz     -L/glade/work/epicufsrt/contrib/spack-stack/derecho/spack-stack-1.8.0/envs/ue-intel-2021.10.0/install/intel/2021.10.0/netcdf-c-4.9.2-dvy4rp2/lib -lnetcdf -L/glade/work/epicufsrt/contrib/spack-stack/derecho/spack-stack-1.8.0/envs/ue-intel-2021.10.0/install/intel/2021.10.0/netcdf-fortran-4.6.1-kmm6hoj/lib -lnetcdff -lnetcdf -lnetcdf -lm
time mpif90 -f90=ifort -o real.exe  -O3 -ip -fp-model precise -w -ftz -align all -fno-alias -FR -convert big_endian   -ip   real_em.o ../dyn_em/module_initialize_real.o libwrflib.a /glade/work/chenlan/WRFmodel/WRF-GOCART-MP/external/fftpack/fftpack5/libfftpack.a /glade/work/chenlan/WRFmodel/WRF-GOCART-MP/external/io_grib1/libio_grib1.a /glade/work/chenlan/WRFmodel/WRF-GOCART-MP/external/io_grib_share/libio_grib_share.a /glade/work/chenlan/WRFmodel/WRF-GOCART-MP/external/io_int/libwrfio_int.a -L/glade/work/chenlan/WRFmodel/WRF-GOCART-MP/external/esmf_time_f90 -lesmf_time /glade/work/chenlan/WRFmodel/WRF-GOCART-MP/external/RSL_LITE/librsl_lite.a /glade/work/chenlan/WRFmodel/WRF-GOCART-MP/frame/module_internal_header_util.o /glade/work/chenlan/WRFmodel/WRF-GOCART-MP/frame/pack_utils.o -L/glade/work/chenlan/WRFmodel/WRF-GOCART-MP/external/io_netcdf -lwrfio_nf -L/glade/work/epicufsrt/contrib/spack-stack/derecho/spack-stack-1.8.0/envs/ue-intel-2021.10.0/install/intel/2021.10.0/netcdf-fortran-4.6.1-kmm6hoj/lib -lnetcdff -lnetcdf      -L/glade/work/epicufsrt/contrib/spack-stack/derecho/spack-stack-1.8.0/envs/ue-intel-2021.10.0/install/intel/2021.10.0/hdf5-1.14.3-vcsvfnc/lib -lhdf5_hl_fortran -lhdf5_hl -lhdf5_fortran -lhdf5 -lm -lz     -L/glade/work/epicufsrt/contrib/spack-stack/derecho/spack-stack-1.8.0/envs/ue-intel-2021.10.0/install/intel/2021.10.0/netcdf-c-4.9.2-dvy4rp2/lib -lnetcdf -L/glade/work/epicufsrt/contrib/spack-stack/derecho/spack-stack-1.8.0/envs/ue-intel-2021.10.0/install/intel/2021.10.0/netcdf-fortran-4.6.1-kmm6hoj/lib -lnetcdff -lnetcdf -lnetcdf -lm
make[1]: Leaving directory '/glade/work/chenlan/WRFmodel/WRF-GOCART-MP/main'
( cd test/em_real ; /bin/rm -f wrf.exe ; ln -s ../../main/wrf.exe . )
if [ 0 -eq 1 ] ; then \
  ( cd main ; make -i -r RLFLAGS="" MODULE_DIRS="-I../dyn_em  -I/glade/work/chenlan/WRFmodel/WRF-GOCART-MP/external/esmf_time_f90  -I/glade/work/chenlan/WRFmodel/WRF-GOCART-MP/main -I/glade/work/chenlan/WRFmodel/WRF-GOCART-MP/external/io_netcdf -I/glade/work/chenlan/WRFmodel/WRF-GOCART-MP/external/io_int -I/glade/work/chenlan/WRFmodel/WRF-GOCART-MP/frame -I/glade/work/chenlan/WRFmodel/WRF-GOCART-MP/share -I/glade/work/chenlan/WRFmodel/WRF-GOCART-MP/phys -I/glade/work/chenlan/WRFmodel/WRF-GOCART-MP/wrftladj -I/glade/work/chenlan/WRFmodel/WRF-GOCART-MP/chem -I/glade/work/chenlan/WRFmodel/WRF-GOCART-MP/inc -I/glade/work/epicufsrt/contrib/spack-stack/derecho/spack-stack-1.8.0/envs/ue-intel-2021.10.0/install/intel/2021.10.0/netcdf-fortran-4.6.1-kmm6hoj/include " SOLVER=em IDEAL_CASE=real em_wrf_SST_ESMF ) ; \
  ( cd test/em_esmf_exp ; /bin/rm -f wrf.exe ; ln -s ../../main/wrf.exe . ) ; \
  ( cd test/em_esmf_exp ; /bin/rm -f wrf_SST_ESMF.exe ; ln -s ../../main/wrf_SST_ESMF.exe . ) ; \
  ( cd test/em_esmf_exp ; /bin/rm -f real.exe ; ln -s ../../main/real.exe . ) ; \
  ( cd test/em_esmf_exp ; /bin/rm -f README.namelist ; ln -s ../../run/README.namelist . ) ; \
  ( cd test/em_esmf_exp ; /bin/rm -f ETAMPNEW_DATA.expanded_rain ETAMPNEW_DATA RRTM_DATA RRTMG_LW_DATA RRTMG_SW_DATA ; \
               ln -sf ../../run/ETAMPNEW_DATA . ;                      \
               ln -sf ../../run/ETAMPNEW_DATA.expanded_rain . ;        \
               ln -sf ../../run/RRTM_DATA . ;                          \
               ln -sf ../../run/RRTMG_LW_DATA . ;                      \
               ln -sf ../../run/RRTMG_SW_DATA . ;                      \
               ln -sf ../../run/CAM_ABS_DATA . ;                       \
               ln -sf ../../run/CAM_AEROPT_DATA . ;                    \
               ln -sf ../../run/CAMtr_volume_mixing_ratio.RCP4.5 . ;   \
               ln -sf ../../run/CAMtr_volume_mixing_ratio.RCP6   . ;   \
               ln -sf ../../run/CAMtr_volume_mixing_ratio.RCP8.5 . ;   \
               ln -sf ../../run/CAMtr_volume_mixing_ratio.A1B    . ;   \
               ln -sf ../../run/CAMtr_volume_mixing_ratio.A2     . ;   \
               ln -sf ../../run/CAMtr_volume_mixing_ratio.SSP119 . ;   \
               ln -sf ../../run/CAMtr_volume_mixing_ratio.SSP126 . ;   \
               ln -sf ../../run/CAMtr_volume_mixing_ratio.SSP245 . ;   \
               ln -sf ../../run/CAMtr_volume_mixing_ratio.SSP245 CAMtr_volume_mixing_ratio ;   \
               ln -sf ../../run/CAMtr_volume_mixing_ratio.SSP370 . ;   \
               ln -sf ../../run/CAMtr_volume_mixing_ratio.SSP585 . ;   \
               ln -sf ../../run/CLM_ALB_ICE_DFS_DATA . ;               \
               ln -sf ../../run/CLM_ALB_ICE_DRC_DATA . ;               \
               ln -sf ../../run/CLM_ASM_ICE_DFS_DATA . ;               \
               ln -sf ../../run/CLM_ASM_ICE_DRC_DATA . ;               \
               ln -sf ../../run/CLM_DRDSDT0_DATA . ;                   \
               ln -sf ../../run/CLM_EXT_ICE_DFS_DATA . ;               \
               ln -sf ../../run/CLM_EXT_ICE_DRC_DATA . ;               \
               ln -sf ../../run/CLM_KAPPA_DATA . ;                     \
               ln -sf ../../run/CLM_TAU_DATA . ;                       \
               ln -sf ../../run/ozone.formatted . ;                    \
               ln -sf ../../run/ozone_lat.formatted . ;                \
               ln -sf ../../run/ozone_plev.formatted . ;               \
               ln -sf ../../run/aerosol.formatted . ;                  \
               ln -sf ../../run/aerosol_lat.formatted . ;              \
               ln -sf ../../run/aerosol_lon.formatted . ;              \
               ln -sf ../../run/aerosol_plev.formatted . ;             \
               ln -sf ../../run/eclipse_besselian_elements.dat . ;     \
               ln -sf ../../run/CCN_ACTIVATE.BIN . ;                   \
       ln -sf ../../run/p3_lookupTable_1.dat-v5.4_2momI . ;    \
               ln -sf ../../run/p3_lookupTable_1.dat-v5.4_3momI . ;    \
               ln -sf ../../run/p3_lookupTable_2.dat-v5.3 . ;          \
               ln -sf ../../run/HLC.TBL . ;                            \
               ln -sf ../../run/wind-turbine-1.tbl . ;                 \
               ln -sf ../../run/ishmael-gamma-tab.bin . ;              \
               ln -sf ../../run/ishmael-qi-qc.bin . ;                  \
               ln -sf ../../run/ishmael-qi-qr.bin . ;                  \
               ln -sf ../../run/BROADBAND_CLOUD_GODDARD.bin . ;        \
               ln -sf ../../run/STOCHPERT.TBL . ;                      \
               if [ 4 -eq 8 ] ; then                        \
                  ln -sf ../../run/ETAMPNEW_DATA_DBL ETAMPNEW_DATA ;   \
                  ln -sf ../../run/ETAMPNEW_DATA.expanded_rain_DBL ETAMPNEW_DATA.expanded_rain ;   \
                  ln -sf ../../run/RRTM_DATA_DBL RRTM_DATA         ;   \
                  ln -sf ../../run/RRTMG_LW_DATA_DBL RRTMG_LW_DATA ;   \
                  ln -sf ../../run/RRTMG_SW_DATA_DBL RRTMG_SW_DATA ;   \
               fi ) ; \
  ( cd test/em_esmf_exp ; /bin/rm -f GENPARM.TBL ; ln -s ../../run/GENPARM.TBL . ) ; \
  ( cd test/em_esmf_exp ; /bin/rm -f LANDUSE.TBL ; ln -s ../../run/LANDUSE.TBL . ) ; \
  ( cd test/em_esmf_exp ; /bin/rm -f SOILPARM.TBL ; ln -s ../../run/SOILPARM.TBL . ) ; \
  ( cd test/em_esmf_exp ; /bin/rm -f URBPARM.TBL ; ln -s ../../run/URBPARM.TBL . ) ; \
  ( cd test/em_esmf_exp ; /bin/rm -f URBPARM_LCZ.TBL ; ln -s ../../run/URBPARM_LCZ.TBL . ) ; \
  ( cd test/em_esmf_exp ; /bin/rm -f VEGPARM.TBL ; ln -s ../../run/VEGPARM.TBL . ) ; \
  ( cd test/em_esmf_exp ; /bin/rm -f MPTABLE.TBL ; ln -s ../../run/MPTABLE.TBL . ) ; \
  ( cd test/em_esmf_exp ; /bin/rm -f tr49t67 ; ln -s ../../run/tr49t67 . ) ; \
  ( cd test/em_esmf_exp ; /bin/rm -f tr49t85 ; ln -s ../../run/tr49t85 . ) ; \
  ( cd test/em_esmf_exp ; /bin/rm -f tr67t85 ; ln -s ../../run/tr67t85 . ) ; \
  ( cd test/em_esmf_exp ; /bin/rm -f gribmap.txt ; ln -s ../../run/gribmap.txt . ) ; \
  ( cd test/em_esmf_exp ; /bin/rm -f grib2map.tbl ; ln -s ../../run/grib2map.tbl . ) ; \
fi
( cd test/em_real ; /bin/rm -f real.exe ; ln -s ../../main/real.exe . )
( cd test/em_real ; /bin/rm -f tc.exe ; ln -s ../../main/tc.exe . )
( cd test/em_real ; /bin/rm -f ndown.exe ; ln -s ../../main/ndown.exe . )
( cd test/em_real ; /bin/rm -f README.namelist ; ln -s ../../run/README.namelist . )
( cd test/em_real ; /bin/rm -f README.physics_files ; ln -s ../../run/README.physics_files . )
( cd test/em_real ; /bin/rm -f ETAMPNEW_DATA.expanded_rain ETAMPNEW_DATA RRTM_DATA RRTMG_LW_DATA RRTMG_SW_DATA ;    \
             ln -sf ../../run/ETAMPNEW_DATA . ;                     \
             ln -sf ../../run/ETAMPNEW_DATA.expanded_rain . ;       \
             ln -sf ../../run/RRTM_DATA . ;                         \
             ln -sf ../../run/RRTMG_LW_DATA . ;                     \
             ln -sf ../../run/RRTMG_SW_DATA . ;                     \
             ln -sf ../../run/CAM_ABS_DATA . ;                      \
             ln -sf ../../run/CAM_AEROPT_DATA . ;                   \
             ln -sf ../../run/CAMtr_volume_mixing_ratio.RCP4.5 . ;  \
             ln -sf ../../run/CAMtr_volume_mixing_ratio.RCP6   . ;  \
             ln -sf ../../run/CAMtr_volume_mixing_ratio.RCP8.5 . ;  \
             ln -sf ../../run/CAMtr_volume_mixing_ratio.A1B    . ;  \
             ln -sf ../../run/CAMtr_volume_mixing_ratio.A2     . ;  \
             ln -sf ../../run/CAMtr_volume_mixing_ratio.SSP119 . ;  \
             ln -sf ../../run/CAMtr_volume_mixing_ratio.SSP126 . ;  \
             ln -sf ../../run/CAMtr_volume_mixing_ratio.SSP245 . ;  \
             ln -sf ../../run/CAMtr_volume_mixing_ratio.SSP245 CAMtr_volume_mixing_ratio ;   \
             ln -sf ../../run/CAMtr_volume_mixing_ratio.SSP370 . ;  \
             ln -sf ../../run/CAMtr_volume_mixing_ratio.SSP585 . ;  \
             ln -sf ../../run/CLM_ALB_ICE_DFS_DATA . ;              \
             ln -sf ../../run/CLM_ALB_ICE_DRC_DATA . ;              \
             ln -sf ../../run/CLM_ASM_ICE_DFS_DATA . ;              \
             ln -sf ../../run/CLM_ASM_ICE_DRC_DATA . ;              \
             ln -sf ../../run/CLM_DRDSDT0_DATA . ;                  \
             ln -sf ../../run/CLM_EXT_ICE_DFS_DATA . ;              \
             ln -sf ../../run/CLM_EXT_ICE_DRC_DATA . ;              \
             ln -sf ../../run/CLM_KAPPA_DATA . ;                    \
             ln -sf ../../run/CLM_TAU_DATA . ;                      \
             ln -sf ../../run/ozone.formatted . ;                   \
             ln -sf ../../run/ozone_lat.formatted . ;               \
             ln -sf ../../run/ozone_plev.formatted . ;              \
             ln -sf ../../run/aerosol.formatted . ;                 \
             ln -sf ../../run/aerosol_lat.formatted . ;             \
             ln -sf ../../run/aerosol_lon.formatted . ;             \
             ln -sf ../../run/aerosol_plev.formatted . ;            \
             ln -sf ../../run/eclipse_besselian_elements.dat . ;    \
             ln -sf ../../run/capacity.asc . ;                      \
             ln -sf ../../run/coeff_p.asc . ;                       \
             ln -sf ../../run/coeff_q.asc . ;                       \
             ln -sf ../../run/constants.asc . ;                     \
             ln -sf ../../run/masses.asc . ;                        \
             ln -sf ../../run/termvels.asc . ;                      \
             ln -sf ../../run/kernels.asc_s_0_03_0_9 . ;            \
             ln -sf ../../run/kernels_z.asc . ;                     \
             ln -sf ../../run/bulkdens.asc_s_0_03_0_9 . ;           \
             ln -sf ../../run/bulkradii.asc_s_0_03_0_9 . ;          \
             ln -sf ../../run/CCN_ACTIVATE.BIN . ;                  \
             ln -sf ../../run/p3_lookupTable_1.dat-v5.4_2momI . ;   \
             ln -sf ../../run/p3_lookupTable_1.dat-v5.4_3momI . ;   \
             ln -sf ../../run/p3_lookupTable_2.dat-v5.3 . ;         \
             ln -sf ../../run/HLC.TBL . ;                           \
             ln -sf ../../run/wind-turbine-1.tbl . ;                \
             ln -sf ../../run/ishmael-gamma-tab.bin . ;             \
             ln -sf ../../run/ishmael-qi-qc.bin . ;                 \
             ln -sf ../../run/ishmael-qi-qr.bin . ;                 \
             ln -sf ../../run/BROADBAND_CLOUD_GODDARD.bin . ;       \
             ln -sf ../../run/STOCHPERT.TBL . ;                     \
             if [ 4 -eq 8 ] ; then                       \
                ln -sf ../../run/ETAMPNEW_DATA_DBL ETAMPNEW_DATA ;  \
                ln -sf ../../run/ETAMPNEW_DATA.expanded_rain_DBL ETAMPNEW_DATA.expanded_rain ;   \
                ln -sf ../../run/RRTM_DATA_DBL RRTM_DATA ;          \
                ln -sf ../../run/RRTMG_LW_DATA_DBL RRTMG_LW_DATA ;  \
                ln -sf ../../run/RRTMG_SW_DATA_DBL RRTMG_SW_DATA ;  \
             fi )
( cd test/em_real ; if test -d ../../run/SBM_input_33 ; then				\
             ln -sf ../../run/SBM_input_33 . ;						\
             ln -sf ../../run/scattering_tables_2layer_high_quad_1dT_1%fw_110 . ;	\
             fi )
( cd test/em_real ; /bin/rm -f GENPARM.TBL ; ln -s ../../run/GENPARM.TBL . )
( cd test/em_real ; /bin/rm -f LANDUSE.TBL ; ln -s ../../run/LANDUSE.TBL . )
( cd test/em_real ; /bin/rm -f SOILPARM.TBL ; ln -s ../../run/SOILPARM.TBL . )
( cd test/em_real ; /bin/rm -f URBPARM.TBL ; ln -s ../../run/URBPARM.TBL . )
( cd test/em_real ; /bin/rm -f URBPARM_LCZ.TBL ; ln -s ../../run/URBPARM_LCZ.TBL . )
( cd test/em_real ; /bin/rm -f VEGPARM.TBL ; ln -s ../../run/VEGPARM.TBL . )
( cd test/em_real ; /bin/rm -f MPTABLE.TBL ; ln -s ../../run/MPTABLE.TBL . )
( cd test/em_real ; /bin/rm -f tr49t67 ; ln -s ../../run/tr49t67 . )
( cd test/em_real ; /bin/rm -f tr49t85 ; ln -s ../../run/tr49t85 . )
( cd test/em_real ; /bin/rm -f tr67t85 ; ln -s ../../run/tr67t85 . )
( cd test/em_real ; /bin/rm -f gribmap.txt ; ln -s ../../run/gribmap.txt . )
( cd test/em_real ; /bin/rm -f grib2map.tbl ; ln -s ../../run/grib2map.tbl . )
( cd run ; /bin/rm -f real.exe ; ln -s ../main/real.exe . )
( cd run ; /bin/rm -f tc.exe ; ln -s ../main/tc.exe . )
( cd run ; /bin/rm -f ndown.exe ; ln -s ../main/ndown.exe . )
( cd run ; if test -f namelist.input ; then \
	/bin/cp -f namelist.input namelist.input.backup.`date +%Y-%m-%d_%H_%M_%S` ; fi ; \
	/bin/rm -f namelist.input ; cp ../test/em_real/namelist.input . )
 
==========================================================================
build started:   Tue 24 Jun 2025 12:13:50 PM MDT
build completed: Tue 24 Jun 2025 12:19:01 PM MDT
 
--->                  Executables successfully built                  <---
 
-rwxr-xr-x 1 chenlan ncar 74505320 Jun 24 12:18 main/ndown.exe
-rwxr-xr-x 1 chenlan ncar 74516952 Jun 24 12:18 main/real.exe
-rwxr-xr-x 1 chenlan ncar 73515592 Jun 24 12:18 main/tc.exe
-rwxr-xr-x 1 chenlan ncar 92813864 Jun 24 12:18 main/wrf.exe
 
==========================================================================
 
